Archive member included to satisfy reference by file (symbol)

/usr/lib/gcc/arm-none-eabi/7.3.1/thumb/v6-m/libgcc.a(_dvmd_tls.o)
                              CMakeFiles/HIDE-Controller.dir/home/pi/pico/pico-sdk/src/rp2_common/pico_divider/divider.S.obj (__aeabi_idiv0)
/usr/lib/gcc/arm-none-eabi/7.3.1/../../../arm-none-eabi/lib/thumb/v6-m/libg.a(lib_a-atexit.o)
                              /usr/lib/gcc/arm-none-eabi/7.3.1/../../../arm-none-eabi/lib/thumb/v6-m/crt0.o (atexit)
/usr/lib/gcc/arm-none-eabi/7.3.1/../../../arm-none-eabi/lib/thumb/v6-m/libg.a(lib_a-calloc.o)
                              CMakeFiles/HIDE-Controller.dir/home/pi/pico/pico-sdk/src/rp2_common/pico_malloc/pico_malloc.c.obj (calloc)
/usr/lib/gcc/arm-none-eabi/7.3.1/../../../arm-none-eabi/lib/thumb/v6-m/libg.a(lib_a-callocr.o)
                              /usr/lib/gcc/arm-none-eabi/7.3.1/../../../arm-none-eabi/lib/thumb/v6-m/libg.a(lib_a-calloc.o) (_calloc_r)
/usr/lib/gcc/arm-none-eabi/7.3.1/../../../arm-none-eabi/lib/thumb/v6-m/libg.a(lib_a-fini.o)
                              /usr/lib/gcc/arm-none-eabi/7.3.1/../../../arm-none-eabi/lib/thumb/v6-m/crt0.o (__libc_fini_array)
/usr/lib/gcc/arm-none-eabi/7.3.1/../../../arm-none-eabi/lib/thumb/v6-m/libg.a(lib_a-impure.o)
                              /usr/lib/gcc/arm-none-eabi/7.3.1/../../../arm-none-eabi/lib/thumb/v6-m/libg.a(lib_a-calloc.o) (_impure_ptr)
/usr/lib/gcc/arm-none-eabi/7.3.1/../../../arm-none-eabi/lib/thumb/v6-m/libg.a(lib_a-init.o)
                              /usr/lib/gcc/arm-none-eabi/7.3.1/../../../arm-none-eabi/lib/thumb/v6-m/crt0.o (__libc_init_array)
/usr/lib/gcc/arm-none-eabi/7.3.1/../../../arm-none-eabi/lib/thumb/v6-m/libg.a(lib_a-malloc.o)
                              CMakeFiles/HIDE-Controller.dir/home/pi/pico/pico-sdk/src/rp2_common/pico_malloc/pico_malloc.c.obj (malloc)
/usr/lib/gcc/arm-none-eabi/7.3.1/../../../arm-none-eabi/lib/thumb/v6-m/libg.a(lib_a-mallocr.o)
                              /usr/lib/gcc/arm-none-eabi/7.3.1/../../../arm-none-eabi/lib/thumb/v6-m/libg.a(lib_a-callocr.o) (_malloc_r)
/usr/lib/gcc/arm-none-eabi/7.3.1/../../../arm-none-eabi/lib/thumb/v6-m/libg.a(lib_a-mlock.o)
                              /usr/lib/gcc/arm-none-eabi/7.3.1/../../../arm-none-eabi/lib/thumb/v6-m/libg.a(lib_a-mallocr.o) (__malloc_lock)
/usr/lib/gcc/arm-none-eabi/7.3.1/../../../arm-none-eabi/lib/thumb/v6-m/libg.a(lib_a-sbrkr.o)
                              /usr/lib/gcc/arm-none-eabi/7.3.1/../../../arm-none-eabi/lib/thumb/v6-m/libg.a(lib_a-mallocr.o) (_sbrk_r)
/usr/lib/gcc/arm-none-eabi/7.3.1/../../../arm-none-eabi/lib/thumb/v6-m/libg.a(lib_a-strlen-stub.o)
                              CMakeFiles/HIDE-Controller.dir/home/pi/pico/pico-sdk/src/rp2_common/pico_stdio/stdio.c.obj (strlen)
/usr/lib/gcc/arm-none-eabi/7.3.1/../../../arm-none-eabi/lib/thumb/v6-m/libg.a(lib_a-__atexit.o)
                              /usr/lib/gcc/arm-none-eabi/7.3.1/../../../arm-none-eabi/lib/thumb/v6-m/libg.a(lib_a-atexit.o) (__register_exitproc)
/usr/lib/gcc/arm-none-eabi/7.3.1/../../../arm-none-eabi/lib/thumb/v6-m/libg.a(lib_a-freer.o)
                              /usr/lib/gcc/arm-none-eabi/7.3.1/../../../arm-none-eabi/lib/thumb/v6-m/libg.a(lib_a-malloc.o) (_free_r)
/usr/lib/gcc/arm-none-eabi/7.3.1/../../../arm-none-eabi/lib/thumb/v6-m/libg.a(lib_a-reent.o)
                              /usr/lib/gcc/arm-none-eabi/7.3.1/../../../arm-none-eabi/lib/thumb/v6-m/libg.a(lib_a-sbrkr.o) (errno)

Allocating common symbols
Common symbol       size              file

sf_table            0x100             CMakeFiles/HIDE-Controller.dir/home/pi/pico/pico-sdk/src/rp2_common/pico_float/float_init_rom.c.obj
errno               0x4               /usr/lib/gcc/arm-none-eabi/7.3.1/../../../arm-none-eabi/lib/thumb/v6-m/libg.a(lib_a-reent.o)
sf_clz_func         0x4               CMakeFiles/HIDE-Controller.dir/home/pi/pico/pico-sdk/src/rp2_common/pico_float/float_init_rom.c.obj
sd_table            0x100             CMakeFiles/HIDE-Controller.dir/home/pi/pico/pico-sdk/src/rp2_common/pico_double/double_init_rom.c.obj
uart_char_to_line_feed
                    0x4               CMakeFiles/HIDE-Controller.dir/home/pi/pico/pico-sdk/src/rp2_common/hardware_uart/uart.c.obj

Discarded input sections

 .text          0x00000000        0x0 /usr/lib/gcc/arm-none-eabi/7.3.1/thumb/v6-m/crti.o
 .data          0x00000000        0x0 /usr/lib/gcc/arm-none-eabi/7.3.1/thumb/v6-m/crti.o
 .bss           0x00000000        0x0 /usr/lib/gcc/arm-none-eabi/7.3.1/thumb/v6-m/crti.o
 .data          0x00000000        0x4 /usr/lib/gcc/arm-none-eabi/7.3.1/thumb/v6-m/crtbegin.o
 .fini_array    0x00000000        0x4 /usr/lib/gcc/arm-none-eabi/7.3.1/thumb/v6-m/crtbegin.o
 .text          0x00000000       0x6c /usr/lib/gcc/arm-none-eabi/7.3.1/../../../arm-none-eabi/lib/thumb/v6-m/crt0.o
 .data          0x00000000        0x0 /usr/lib/gcc/arm-none-eabi/7.3.1/../../../arm-none-eabi/lib/thumb/v6-m/crt0.o
[...]
Memory Configuration

Name             Origin             Length             Attributes
FLASH            0x10000000         0x00200000         xr
RAM              0x20000000         0x00040000         xrw
SCRATCH_X        0x20040000         0x00001000         xrw
SCRATCH_Y        0x20041000         0x00001000         xrw
*default*        0x00000000         0xffffffff

Linker script and memory map

LOAD /usr/lib/gcc/arm-none-eabi/7.3.1/thumb/v6-m/crti.o
LOAD /usr/lib/gcc/arm-none-eabi/7.3.1/thumb/v6-m/crtbegin.o
LOAD /usr/lib/gcc/arm-none-eabi/7.3.1/../../../arm-none-eabi/lib/thumb/v6-m/crt0.o

.flash_begin    0x10000000        0x0
                0x10000000                __flash_binary_start = .

.boot2          0x10000000      0x100
                0x10000000                __boot2_start__ = .
 *(.boot2)
 .boot2         0x10000000      0x100 /tmp/ccUgJC1y.o
                0x10000100                __boot2_end__ = .
                0x00000001                ASSERT (((__boot2_end__ - __boot2_start__) == 0x100), ERROR: Pico second stage bootloader must be 256 bytes in size)

.text           0x10000100     0x4360
                0x10000100                __logical_binary_start = .
 *(.vectors)
 .vectors       0x10000100       0xd4 CMakeFiles/HIDE-Controller.dir/home/pi/pico/pico-sdk/src/rp2_common/pico_standard_link/crt0.S.obj
                0x10000100                __vectors
                0x100001c0                isr_invalid
                0x100001c2                isr_nmi
                0x100001c4                isr_hardfault
                0x100001c6                isr_svcall
                0x100001c8                isr_pendsv
                0x100001ca                isr_systick
                0x100001cc                isr_irq30
                0x100001cc                __unhandled_user_irq
                0x100001cc                isr_irq13
                0x100001cc                isr_irq27
                0x100001cc                isr_irq31
                0x100001cc                isr_irq5
                0x100001cc                isr_irq11
                0x100001cc                isr_irq23
                0x100001cc                isr_irq18
                0x100001cc                isr_irq28
                0x100001cc                isr_irq19
                0x100001cc                isr_irq0
                0x100001cc                isr_irq6
                0x100001cc                isr_irq22
                0x100001cc                isr_irq17
                0x100001cc                isr_irq14
                0x100001cc                isr_irq2
                0x100001cc                isr_irq10
                0x100001cc                isr_irq8
                0x100001cc                isr_irq24
                0x100001cc                isr_irq1
                0x100001cc                isr_irq7
                0x100001cc                isr_irq21
                0x100001cc                isr_irq20
                0x100001cc                isr_irq15
                0x100001cc                isr_irq25
                0x100001cc                isr_irq4
                0x100001cc                isr_irq16
                0x100001cc                isr_irq29
                0x100001cc                isr_irq26
                0x100001cc                isr_irq3
                0x100001cc                isr_irq12
                0x100001cc                isr_irq9
                0x100001d2                unhandled_user_irq_num_in_r0
 *(.binary_info_header)
 .binary_info_header
                0x100001d4       0x14 CMakeFiles/HIDE-Controller.dir/home/pi/pico/pico-sdk/src/rp2_common/pico_standard_link/crt0.S.obj
                0x100001e8                __binary_info_header_end = .
 *(.reset)
 .reset         0x100001e8       0xa8 CMakeFiles/HIDE-Controller.dir/home/pi/pico/pico-sdk/src/rp2_common/pico_standard_link/crt0.S.obj
                0x100001e8                _entry_point
                0x10000266                __get_current_exception
 .reset         0x10000290       0x30 CMakeFiles/HIDE-Controller.dir/home/pi/pico/pico-sdk/src/rp2_common/pico_standard_link/binary_info.c.obj
 *(.init)
 .init          0x100002c0        0x4 /usr/lib/gcc/arm-none-eabi/7.3.1/thumb/v6-m/crti.o
                0x100002c0                _init
 *(EXCLUDE_FILE(*libm.a: *libc.a:*lib_a-mem*.o *libgcc.a:) .text*)
 .text          0x100002c4       0x98 /usr/lib/gcc/arm-none-eabi/7.3.1/thumb/v6-m/crtbegin.o
 .text.adc_gpio_init
                0x1000035c       0x1e CMakeFiles/HIDE-Controller.dir/HIDE-Controller.c.obj
 *fill*         0x1000037a        0x2 
 .text.main     0x1000037c       0xf4 CMakeFiles/HIDE-Controller.dir/HIDE-Controller.c.obj
                0x1000037c                main
 .text.gpio_set_function
                0x10000470       0x30 CMakeFiles/HIDE-Controller.dir/home/pi/pico/pico-sdk/src/rp2_common/hardware_gpio/gpio.c.obj
                0x10000470                gpio_set_function
 .text.gpio_set_pulls
                0x100004a0       0x34 CMakeFiles/HIDE-Controller.dir/home/pi/pico/pico-sdk/src/rp2_common/hardware_gpio/gpio.c.obj
                0x100004a0                gpio_set_pulls
 .text.gpio_set_input_enabled
                0x100004d4       0x30 CMakeFiles/HIDE-Controller.dir/home/pi/pico/pico-sdk/src/rp2_common/hardware_gpio/gpio.c.obj
                0x100004d4                gpio_set_input_enabled
 .text.gpio_init
                0x10000504       0x16 CMakeFiles/HIDE-Controller.dir/home/pi/pico/pico-sdk/src/rp2_common/hardware_gpio/gpio.c.obj
                0x10000504                gpio_init
 *fill*         0x1000051a        0x2 
 .text.hw_claim_lock
                0x1000051c       0x18 CMakeFiles/HIDE-Controller.dir/home/pi/pico/pico-sdk/src/rp2_common/hardware_claim/claim.c.obj
                0x1000051c                hw_claim_lock
 .text.hw_claim_unlock
                0x10000534       0x14 CMakeFiles/HIDE-Controller.dir/home/pi/pico/pico-sdk/src/rp2_common/hardware_claim/claim.c.obj
                0x10000534                hw_claim_unlock
 .text.hw_claim_or_assert
                0x10000548       0x36 CMakeFiles/HIDE-Controller.dir/home/pi/pico/pico-sdk/src/rp2_common/hardware_claim/claim.c.obj
                0x10000548                hw_claim_or_assert
 *fill*         0x1000057e        0x2 
 .text.spin_locks_reset
                0x10000580       0x20 CMakeFiles/HIDE-Controller.dir/home/pi/pico/pico-sdk/src/rp2_common/hardware_sync/sync.c.obj
                0x10000580                spin_locks_reset
 .text.next_striped_spin_lock_num
                0x100005a0       0x1c CMakeFiles/HIDE-Controller.dir/home/pi/pico/pico-sdk/src/rp2_common/hardware_sync/sync.c.obj
                0x100005a0                next_striped_spin_lock_num
 .text.running_on_fpga
                0x100005bc       0x14 CMakeFiles/HIDE-Controller.dir/home/pi/pico/pico-sdk/src/rp2_common/pico_platform/platform.c.obj
                0x100005bc                running_on_fpga
 .text.uart_set_baudrate
                0x100005d0       0x60 CMakeFiles/HIDE-Controller.dir/home/pi/pico/pico-sdk/src/rp2_common/hardware_uart/uart.c.obj
                0x100005d0                uart_set_baudrate
 .text.uart_set_translate_crlf
                0x10000630       0x28 CMakeFiles/HIDE-Controller.dir/home/pi/pico/pico-sdk/src/rp2_common/hardware_uart/uart.c.obj
                0x10000630                uart_set_translate_crlf
 .text.uart_init
                0x10000658       0x84 CMakeFiles/HIDE-Controller.dir/home/pi/pico/pico-sdk/src/rp2_common/hardware_uart/uart.c.obj
                0x10000658                uart_init
 .text.sev_callback
                0x100006dc        0x8 CMakeFiles/HIDE-Controller.dir/home/pi/pico/pico-sdk/src/common/pico_time/time.c.obj
 .text.alarm_pool_post_alloc_init
                0x100006e4       0x40 CMakeFiles/HIDE-Controller.dir/home/pi/pico/pico-sdk/src/common/pico_time/time.c.obj
 .text.timer_pool_entry_comparator
                0x10000724       0x7c CMakeFiles/HIDE-Controller.dir/home/pi/pico/pico-sdk/src/common/pico_time/time.c.obj
                0x10000724                timer_pool_entry_comparator
 .text.ph_add_child_node
                0x100007a0       0xa4 CMakeFiles/HIDE-Controller.dir/home/pi/pico/pico-sdk/src/common/pico_time/time.c.obj
 .text.ph_merge_nodes
                0x10000844       0x3a CMakeFiles/HIDE-Controller.dir/home/pi/pico/pico-sdk/src/common/pico_time/time.c.obj
 *fill*         0x1000087e        0x2 
 .text.add_alarm_under_lock
                0x10000880      0x180 CMakeFiles/HIDE-Controller.dir/home/pi/pico/pico-sdk/src/common/pico_time/time.c.obj
 .text.alarm_pool_alarm_callback
                0x10000a00      0x344 CMakeFiles/HIDE-Controller.dir/home/pi/pico/pico-sdk/src/common/pico_time/time.c.obj
 .text.alarm_pool_init_default
                0x10000d44       0x2c CMakeFiles/HIDE-Controller.dir/home/pi/pico/pico-sdk/src/common/pico_time/time.c.obj
                0x10000d44                alarm_pool_init_default
 .text.alarm_pool_get_default
                0x10000d70       0x2c CMakeFiles/HIDE-Controller.dir/home/pi/pico/pico-sdk/src/common/pico_time/time.c.obj
                0x10000d70                alarm_pool_get_default
 .text.alarm_pool_add_alarm_at
                0x10000d9c      0x168 CMakeFiles/HIDE-Controller.dir/home/pi/pico/pico-sdk/src/common/pico_time/time.c.obj
                0x10000d9c                alarm_pool_add_alarm_at
 .text.sleep_until
                0x10000f04       0xd4 CMakeFiles/HIDE-Controller.dir/home/pi/pico/pico-sdk/src/common/pico_time/time.c.obj
                0x10000f04                sleep_until
 .text.sleep_us
                0x10000fd8       0x54 CMakeFiles/HIDE-Controller.dir/home/pi/pico/pico-sdk/src/common/pico_time/time.c.obj
                0x10000fd8                sleep_us
 .text.sleep_ms
                0x1000102c       0x14 CMakeFiles/HIDE-Controller.dir/home/pi/pico/pico-sdk/src/common/pico_time/time.c.obj
                0x1000102c                sleep_ms
 .text.hardware_alarm_irq_handler
                0x10001040       0x8c CMakeFiles/HIDE-Controller.dir/home/pi/pico/pico-sdk/src/rp2_common/hardware_timer/timer.c.obj
 .text.hardware_alarm_claim
                0x100010cc       0x18 CMakeFiles/HIDE-Controller.dir/home/pi/pico/pico-sdk/src/rp2_common/hardware_timer/timer.c.obj
                0x100010cc                hardware_alarm_claim
 .text.time_us_64
                0x100010e4       0x18 CMakeFiles/HIDE-Controller.dir/home/pi/pico/pico-sdk/src/rp2_common/hardware_timer/timer.c.obj
                0x100010e4                time_us_64
 .text.busy_wait_until
                0x100010fc       0x28 CMakeFiles/HIDE-Controller.dir/home/pi/pico/pico-sdk/src/rp2_common/hardware_timer/timer.c.obj
                0x100010fc                busy_wait_until
 .text.hardware_alarm_set_callback
                0x10001124       0x90 CMakeFiles/HIDE-Controller.dir/home/pi/pico/pico-sdk/src/rp2_common/hardware_timer/timer.c.obj
                0x10001124                hardware_alarm_set_callback
 .text.hardware_alarm_set_target
                0x100011b4       0xe8 CMakeFiles/HIDE-Controller.dir/home/pi/pico/pico-sdk/src/rp2_common/hardware_timer/timer.c.obj
                0x100011b4                hardware_alarm_set_target
 .text.hardware_alarm_cancel
                0x1000129c       0x40 CMakeFiles/HIDE-Controller.dir/home/pi/pico/pico-sdk/src/rp2_common/hardware_timer/timer.c.obj
                0x1000129c                hardware_alarm_cancel
 .text.lock_init
                0x100012dc       0x10 CMakeFiles/HIDE-Controller.dir/home/pi/pico/pico-sdk/src/common/pico_sync/lock_core.c.obj
                0x100012dc                lock_init
 .text.mutex_init
                0x100012ec       0x1a CMakeFiles/HIDE-Controller.dir/home/pi/pico/pico-sdk/src/common/pico_sync/mutex.c.obj
                0x100012ec                mutex_init
 *fill*         0x10001306        0x2 
 .text.ph_add_child_node
                0x10001308       0xa4 CMakeFiles/HIDE-Controller.dir/home/pi/pico/pico-sdk/src/common/pico_util/pheap.c.obj
 .text.ph_merge_nodes
                0x100013ac       0x3a CMakeFiles/HIDE-Controller.dir/home/pi/pico/pico-sdk/src/common/pico_util/pheap.c.obj
 *fill*         0x100013e6        0x2 
 .text.ph_clear
                0x100013e8       0x70 CMakeFiles/HIDE-Controller.dir/home/pi/pico/pico-sdk/src/common/pico_util/pheap.c.obj
                0x100013e8                ph_clear
 .text.ph_post_alloc_init
                0x10001458        0xe CMakeFiles/HIDE-Controller.dir/home/pi/pico/pico-sdk/src/common/pico_util/pheap.c.obj
                0x10001458                ph_post_alloc_init
 *fill*         0x10001466        0x2 
 .text.ph_merge_two_pass
                0x10001468       0xac CMakeFiles/HIDE-Controller.dir/home/pi/pico/pico-sdk/src/common/pico_util/pheap.c.obj
                0x10001468                ph_merge_two_pass
 .text.ph_remove_any_head
                0x10001514      0x108 CMakeFiles/HIDE-Controller.dir/home/pi/pico/pico-sdk/src/common/pico_util/pheap.c.obj
 .text.ph_remove_head
                0x1000161c       0x14 CMakeFiles/HIDE-Controller.dir/home/pi/pico/pico-sdk/src/common/pico_util/pheap.c.obj
                0x1000161c                ph_remove_head
 .text.ph_remove_and_free_node
                0x10001630       0xf8 CMakeFiles/HIDE-Controller.dir/home/pi/pico/pico-sdk/src/common/pico_util/pheap.c.obj
                0x10001630                ph_remove_and_free_node
 .text.runtime_init
                0x10001728       0xcc CMakeFiles/HIDE-Controller.dir/home/pi/pico/pico-sdk/src/rp2_common/pico_runtime/runtime.c.obj
                0x10001728                runtime_init
 .text._exit    0x100017f4        0x4 CMakeFiles/HIDE-Controller.dir/home/pi/pico/pico-sdk/src/rp2_common/pico_runtime/runtime.c.obj
                0x100017f4                _exit
 .text.exit     0x100017f8        0x6 CMakeFiles/HIDE-Controller.dir/home/pi/pico/pico-sdk/src/rp2_common/pico_runtime/runtime.c.obj
                0x100017f8                exit
 *fill*         0x100017fe        0x2 
 .text.__assert_func
                0x10001800       0x3c CMakeFiles/HIDE-Controller.dir/home/pi/pico/pico-sdk/src/rp2_common/pico_runtime/runtime.c.obj
                0x10001800                __assert_func
 .text.panic    0x1000183c       0x30 CMakeFiles/HIDE-Controller.dir/home/pi/pico/pico-sdk/src/rp2_common/pico_runtime/runtime.c.obj
                0x1000183c                panic
 .text.clock_configure
                0x1000186c       0xec CMakeFiles/HIDE-Controller.dir/home/pi/pico/pico-sdk/src/rp2_common/hardware_clocks/clocks.c.obj
                0x1000186c                clock_configure
 .text.clocks_init
                0x10001958      0x124 CMakeFiles/HIDE-Controller.dir/home/pi/pico/pico-sdk/src/rp2_common/hardware_clocks/clocks.c.obj
                0x10001958                clocks_init
 .text.clock_get_hz
                0x10001a7c        0xc CMakeFiles/HIDE-Controller.dir/home/pi/pico/pico-sdk/src/rp2_common/hardware_clocks/clocks.c.obj
                0x10001a7c                clock_get_hz
 .text.watchdog_start_tick
                0x10001a88       0x10 CMakeFiles/HIDE-Controller.dir/home/pi/pico/pico-sdk/src/rp2_common/hardware_watchdog/watchdog.c.obj
                0x10001a88                watchdog_start_tick
 .text.xosc_init
                0x10001a98       0x28 CMakeFiles/HIDE-Controller.dir/home/pi/pico/pico-sdk/src/rp2_common/hardware_xosc/xosc.c.obj
                0x10001a98                xosc_init
 .text.pll_init
                0x10001ac0       0xcc CMakeFiles/HIDE-Controller.dir/home/pi/pico/pico-sdk/src/rp2_common/hardware_pll/pll.c.obj
                0x10001ac0                pll_init
 .text.set_raw_irq_handler_and_unlock
                0x10001b8c       0x28 CMakeFiles/HIDE-Controller.dir/home/pi/pico/pico-sdk/src/rp2_common/hardware_irq/irq.c.obj
 .text.make_branch
                0x10001bb4       0x34 CMakeFiles/HIDE-Controller.dir/home/pi/pico/pico-sdk/src/rp2_common/hardware_irq/irq.c.obj
 .text.insert_branch_and_link
                0x10001be8       0x40 CMakeFiles/HIDE-Controller.dir/home/pi/pico/pico-sdk/src/rp2_common/hardware_irq/irq.c.obj
 .text.irq_is_enabled
                0x10001c28       0x18 CMakeFiles/HIDE-Controller.dir/home/pi/pico/pico-sdk/src/rp2_common/hardware_irq/irq.c.obj
                0x10001c28                irq_is_enabled
 .text.irq_set_mask_enabled
                0x10001c40       0x20 CMakeFiles/HIDE-Controller.dir/home/pi/pico/pico-sdk/src/rp2_common/hardware_irq/irq.c.obj
                0x10001c40                irq_set_mask_enabled
 .text.irq_set_enabled
                0x10001c60        0xe CMakeFiles/HIDE-Controller.dir/home/pi/pico/pico-sdk/src/rp2_common/hardware_irq/irq.c.obj
                0x10001c60                irq_set_enabled
 *fill*         0x10001c6e        0x2 
 .text.irq_get_vtable_handler
                0x10001c70       0x10 CMakeFiles/HIDE-Controller.dir/home/pi/pico/pico-sdk/src/rp2_common/hardware_irq/irq.c.obj
                0x10001c70                irq_get_vtable_handler
 .text.irq_set_exclusive_handler
                0x10001c80       0x54 CMakeFiles/HIDE-Controller.dir/home/pi/pico/pico-sdk/src/rp2_common/hardware_irq/irq.c.obj
                0x10001c80                irq_set_exclusive_handler
 .text.irq_remove_handler
                0x10001cd4      0x1b4 CMakeFiles/HIDE-Controller.dir/home/pi/pico/pico-sdk/src/rp2_common/hardware_irq/irq.c.obj
                0x10001cd4                irq_remove_handler
 .text.irq_set_priority
                0x10001e88       0x28 CMakeFiles/HIDE-Controller.dir/home/pi/pico/pico-sdk/src/rp2_common/hardware_irq/irq.c.obj
                0x10001e88                irq_set_priority
 .text.irq_add_tail_to_free_list
                0x10001eb0       0xf0 CMakeFiles/HIDE-Controller.dir/home/pi/pico/pico-sdk/src/rp2_common/hardware_irq/irq.c.obj
                0x10001eb0                irq_add_tail_to_free_list
 .text.irq_init_priorities
                0x10001fa0       0x16 CMakeFiles/HIDE-Controller.dir/home/pi/pico/pico-sdk/src/rp2_common/hardware_irq/irq.c.obj
                0x10001fa0                irq_init_priorities
 .text._out_null
                0x10001fb6        0x2 CMakeFiles/HIDE-Controller.dir/home/pi/pico/pico-sdk/src/rp2_common/pico_printf/printf.c.obj
 .text._out_fct
                0x10001fb8        0xe CMakeFiles/HIDE-Controller.dir/home/pi/pico/pico-sdk/src/rp2_common/pico_printf/printf.c.obj
 .text._atoi    0x10001fc6       0x24 CMakeFiles/HIDE-Controller.dir/home/pi/pico/pico-sdk/src/rp2_common/pico_printf/printf.c.obj
 .text._out_rev
                0x10001fea       0x8c CMakeFiles/HIDE-Controller.dir/home/pi/pico/pico-sdk/src/rp2_common/pico_printf/printf.c.obj
 .text._ntoa_format
                0x10002076      0x112 CMakeFiles/HIDE-Controller.dir/home/pi/pico/pico-sdk/src/rp2_common/pico_printf/printf.c.obj
 .text._ntoa_long
                0x10002188       0x9e CMakeFiles/HIDE-Controller.dir/home/pi/pico/pico-sdk/src/rp2_common/pico_printf/printf.c.obj
 .text._ntoa_long_long
                0x10002226       0xe2 CMakeFiles/HIDE-Controller.dir/home/pi/pico/pico-sdk/src/rp2_common/pico_printf/printf.c.obj
 .text._etoa    0x10002308      0x424 CMakeFiles/HIDE-Controller.dir/home/pi/pico/pico-sdk/src/rp2_common/pico_printf/printf.c.obj
 .text._ftoa    0x1000272c      0x340 CMakeFiles/HIDE-Controller.dir/home/pi/pico/pico-sdk/src/rp2_common/pico_printf/printf.c.obj
 .text._vsnprintf
                0x10002a6c      0x640 CMakeFiles/HIDE-Controller.dir/home/pi/pico/pico-sdk/src/rp2_common/pico_printf/printf.c.obj
 .text.vfctprintf
                0x100030ac       0x20 CMakeFiles/HIDE-Controller.dir/home/pi/pico/pico-sdk/src/rp2_common/pico_printf/printf.c.obj
                0x100030ac                vfctprintf
 .text          0x100030cc       0x10 CMakeFiles/HIDE-Controller.dir/home/pi/pico/pico-sdk/src/rp2_common/pico_bit_ops/bit_ops_aeabi.S.obj
 .text.rom_func_lookup
                0x100030dc       0x10 CMakeFiles/HIDE-Controller.dir/home/pi/pico/pico-sdk/src/rp2_common/pico_bootrom/bootrom.c.obj
                0x100030dc                rom_func_lookup
 .text.rom_data_lookup
                0x100030ec       0x10 CMakeFiles/HIDE-Controller.dir/home/pi/pico/pico-sdk/src/rp2_common/pico_bootrom/bootrom.c.obj
                0x100030ec                rom_data_lookup
 .text.rom_funcs_lookup
                0x100030fc       0x36 CMakeFiles/HIDE-Controller.dir/home/pi/pico/pico-sdk/src/rp2_common/pico_bootrom/bootrom.c.obj
                0x100030fc                rom_funcs_lookup
 *fill*         0x10003132        0x2 
 .text.__wrap___aeabi_idiv
                0x10003134       0x58 CMakeFiles/HIDE-Controller.dir/home/pi/pico/pico-sdk/src/rp2_common/pico_divider/divider.S.obj
                0x10003134                __wrap___aeabi_idivmod
                0x10003134                divmod_s32s32
                0x10003134                div_s32s32
                0x10003134                __wrap___aeabi_idiv
                0x1000313c                divmod_s32s32_unsafe
                0x10003168                divmod_s32s32_savestate
 .text.__wrap___aeabi_uidiv
                0x1000318c       0x54 CMakeFiles/HIDE-Controller.dir/home/pi/pico/pico-sdk/src/rp2_common/pico_divider/divider.S.obj
                0x1000318c                __wrap___aeabi_uidiv
                0x1000318c                __wrap___aeabi_uidivmod
                0x1000318c                div_u32u32
                0x1000318c                divmod_u32u32
                0x10003194                divmod_u32u32_unsafe
                0x100031bc                divmod_u32u32_savestate
 .text.__wrap___aeabi_ldiv
                0x100031e0      0x430 CMakeFiles/HIDE-Controller.dir/home/pi/pico/pico-sdk/src/rp2_common/pico_divider/divider.S.obj
                0x100031e0                div_s64s64
                0x100031e0                divmod_s64s64
                0x100031e0                __wrap___aeabi_ldivmod
                0x10003218                div_u64u64
                0x10003218                divmod_u64u64
                0x10003218                __wrap___aeabi_uldivmod
                0x10003228                divmod_u64u64_savestate
                0x10003250                divmod_s64s64_unsafe
                0x100032d8                divmod_u64u64_unsafe
 .text.__wrap___aeabi_darithmetic
                0x10003610       0x54 CMakeFiles/HIDE-Controller.dir/home/pi/pico/pico-sdk/src/rp2_common/pico_double/double_aeabi.S.obj
                0x10003610                __wrap___aeabi_drsub
                0x10003616                __wrap___aeabi_dsub
                0x10003628                __wrap___aeabi_dadd
                0x1000363a                __wrap___aeabi_ddiv
                0x1000364c                __wrap___aeabi_dmul
 .text.__wrap___aeabi_cdcmple
                0x10003664       0x6c CMakeFiles/HIDE-Controller.dir/home/pi/pico/pico-sdk/src/rp2_common/pico_double/double_aeabi.S.obj
                0x10003664                __wrap___aeabi_cdrcmple
                0x10003674                __wrap___aeabi_cdcmple
                0x10003674                __wrap___aeabi_cdcmpeq
 .text.__wrap___aeabi_dcmplt
                0x100036d0        0xc CMakeFiles/HIDE-Controller.dir/home/pi/pico/pico-sdk/src/rp2_common/pico_double/double_aeabi.S.obj
                0x100036d0                __wrap___aeabi_dcmplt
 .text.__wrap___aeabi_dcmple
                0x100036dc       0x10 CMakeFiles/HIDE-Controller.dir/home/pi/pico/pico-sdk/src/rp2_common/pico_double/double_aeabi.S.obj
                0x100036dc                __wrap___aeabi_dcmple
 .text.__wrap___aeabi_dcmpge
                0x100036ec       0x10 CMakeFiles/HIDE-Controller.dir/home/pi/pico/pico-sdk/src/rp2_common/pico_double/double_aeabi.S.obj
                0x100036ec                __wrap___aeabi_dcmpge
 .text.__wrap___aeabi_dcmpgt
                0x100036fc        0xa CMakeFiles/HIDE-Controller.dir/home/pi/pico/pico-sdk/src/rp2_common/pico_double/double_aeabi.S.obj
                0x100036fc                __wrap___aeabi_dcmpgt
 .text.__wrap___aeabi_dcmpun
                0x10003706       0x1c CMakeFiles/HIDE-Controller.dir/home/pi/pico/pico-sdk/src/rp2_common/pico_double/double_aeabi.S.obj
                0x10003706                __wrap___aeabi_dcmpun
 *fill*         0x10003722        0x2 
 .text.__wrap___aeabi_i2d
                0x10003724       0x38 CMakeFiles/HIDE-Controller.dir/home/pi/pico/pico-sdk/src/rp2_common/pico_double/double_aeabi.S.obj
                0x10003724                __wrap___aeabi_ui2d
                0x1000372c                __wrap___aeabi_i2d
 .text.__wrap___aeabi_d2iz
                0x1000375c       0x48 CMakeFiles/HIDE-Controller.dir/home/pi/pico/pico-sdk/src/rp2_common/pico_double/double_aeabi.S.obj
                0x1000375c                __wrap___aeabi_d2iz
                0x1000375c                double2int_z
 .text.__wrap___aeabi_d2uiz
                0x100037a4       0x18 CMakeFiles/HIDE-Controller.dir/home/pi/pico/pico-sdk/src/rp2_common/pico_double/double_aeabi.S.obj
                0x100037a4                double2uint
                0x100037a4                __wrap___aeabi_d2uiz
 .text.__aeabi_double_init
                0x100037bc       0xb8 CMakeFiles/HIDE-Controller.dir/home/pi/pico/pico-sdk/src/rp2_common/pico_double/double_init_rom.c.obj
                0x100037bc                __aeabi_double_init
 .text.double_table_shim_on_use_helper
                0x10003874       0x34 CMakeFiles/HIDE-Controller.dir/home/pi/pico/pico-sdk/src/rp2_common/pico_double/double_v1_rom_shim.S.obj
                0x10003874                double_table_shim_on_use_helper
 .text.__wrap___aeabi_dsub
                0x100038a8       0x10 CMakeFiles/HIDE-Controller.dir/home/pi/pico/pico-sdk/src/rp2_common/pico_double/double_v1_rom_shim.S.obj
                0x100038a8                drsub_shim
                0x100038ae                dsub_shim
 .text.dadd_shim
                0x100038b8      0x15c CMakeFiles/HIDE-Controller.dir/home/pi/pico/pico-sdk/src/rp2_common/pico_double/double_v1_rom_shim.S.obj
                0x100038b8                dadd_shim
 .text.dmul_shim
                0x10003a14      0x15c CMakeFiles/HIDE-Controller.dir/home/pi/pico/pico-sdk/src/rp2_common/pico_double/double_v1_rom_shim.S.obj
                0x10003a14                dmul_shim
 .text.ddiv_shim
                0x10003b70      0x1b0 CMakeFiles/HIDE-Controller.dir/home/pi/pico/pico-sdk/src/rp2_common/pico_double/double_v1_rom_shim.S.obj
                0x10003b70                ddiv_shim
 .text.dcordic_rot_step
                0x10003d20       0x7c CMakeFiles/HIDE-Controller.dir/home/pi/pico/pico-sdk/src/rp2_common/pico_double/double_v1_rom_shim.S.obj
                0x10003d20                dcordic_rot_step
 .text.double2uint_shim
                0x10003d9c        0xe CMakeFiles/HIDE-Controller.dir/home/pi/pico/pico-sdk/src/rp2_common/pico_double/double_v1_rom_shim.S.obj
                0x10003d9c                double2uint_shim
                0x10003d9e                double2ufix_shim
 *fill*         0x10003daa        0x2 
 .text.double2uint64_shim
                0x10003dac       0x6c CMakeFiles/HIDE-Controller.dir/home/pi/pico/pico-sdk/src/rp2_common/pico_double/double_v1_rom_shim.S.obj
                0x10003dac                double2uint64_shim
                0x10003dae                double2ufix64_shim
                0x10003dc8                d2fix_a
 .text.dunpacks
                0x10003e18       0x3c CMakeFiles/HIDE-Controller.dir/home/pi/pico/pico-sdk/src/rp2_common/pico_double/double_v1_rom_shim.S.obj
                0x10003e18                dunpacks
 .text.__aeabi_lmul
                0x10003e54       0x32 CMakeFiles/HIDE-Controller.dir/home/pi/pico/pico-sdk/src/rp2_common/pico_int64_ops/pico_int64_ops_aeabi.S.obj
                0x10003e54                __wrap___aeabi_lmul
 *fill*         0x10003e86        0x2 
 .text.__aeabi_float_init
                0x10003e88       0xfc CMakeFiles/HIDE-Controller.dir/home/pi/pico/pico-sdk/src/rp2_common/pico_float/float_init_rom.c.obj
                0x10003e88                __aeabi_float_init
 .text.float_table_shim_on_use_helper
                0x10003f84       0x34 CMakeFiles/HIDE-Controller.dir/home/pi/pico/pico-sdk/src/rp2_common/pico_float/float_v1_rom_shim.S.obj
                0x10003f84                float_table_shim_on_use_helper
 .text          0x10003fb8       0x10 CMakeFiles/HIDE-Controller.dir/home/pi/pico/pico-sdk/src/rp2_common/pico_mem_ops/mem_ops_aeabi.S.obj
                0x10003fb8                __aeabi_mem_init
 .text.memset   0x10003fc8        0xc CMakeFiles/HIDE-Controller.dir/home/pi/pico/pico-sdk/src/rp2_common/pico_mem_ops/mem_ops_aeabi.S.obj
                0x10003fc8                __wrap_memset
 .text.memcpy   0x10003fd4        0xc CMakeFiles/HIDE-Controller.dir/home/pi/pico/pico-sdk/src/rp2_common/pico_mem_ops/mem_ops_aeabi.S.obj
                0x10003fd4                __wrap___aeabi_memcpy
                0x10003fd4                __wrap_memcpy
 .text.stdio_out_chars_crlf
                0x10003fe0       0x80 CMakeFiles/HIDE-Controller.dir/home/pi/pico/pico-sdk/src/rp2_common/pico_stdio/stdio.c.obj
 .text.stdio_stack_buffer_flush
                0x10004060       0x44 CMakeFiles/HIDE-Controller.dir/home/pi/pico/pico-sdk/src/rp2_common/pico_stdio/stdio.c.obj
 .text.stdio_buffered_printer
                0x100040a4       0x20 CMakeFiles/HIDE-Controller.dir/home/pi/pico/pico-sdk/src/rp2_common/pico_stdio/stdio.c.obj
 .text.stdout_serialize_begin
                0x100040c4       0x2c CMakeFiles/HIDE-Controller.dir/home/pi/pico/pico-sdk/src/rp2_common/pico_stdio/stdio.c.obj
                0x100040c4                stdout_serialize_begin
 .text.stdout_serialize_end
                0x100040f0       0x10 CMakeFiles/HIDE-Controller.dir/home/pi/pico/pico-sdk/src/rp2_common/pico_stdio/stdio.c.obj
                0x100040f0                stdout_serialize_end
 .text.stdio_put_string
                0x10004100       0x78 CMakeFiles/HIDE-Controller.dir/home/pi/pico/pico-sdk/src/rp2_common/pico_stdio/stdio.c.obj
 .text.stdio_set_driver_enabled
                0x10004178       0x38 CMakeFiles/HIDE-Controller.dir/home/pi/pico/pico-sdk/src/rp2_common/pico_stdio/stdio.c.obj
                0x10004178                stdio_set_driver_enabled
 .text.stdio_flush
                0x100041b0       0x20 CMakeFiles/HIDE-Controller.dir/home/pi/pico/pico-sdk/src/rp2_common/pico_stdio/stdio.c.obj
                0x100041b0                stdio_flush
 .text.__wrap_puts
                0x100041d0       0x1c CMakeFiles/HIDE-Controller.dir/home/pi/pico/pico-sdk/src/rp2_common/pico_stdio/stdio.c.obj
                0x100041d0                __wrap_puts
 .text.__wrap_vprintf
                0x100041ec       0x44 CMakeFiles/HIDE-Controller.dir/home/pi/pico/pico-sdk/src/rp2_common/pico_stdio/stdio.c.obj
                0x100041ec                __wrap_vprintf
 .text.__wrap_printf
                0x10004230       0x18 CMakeFiles/HIDE-Controller.dir/home/pi/pico/pico-sdk/src/rp2_common/pico_stdio/stdio.c.obj
                0x10004230                __wrap_printf
 .text.stdio_init_all
                0x10004248        0x8 CMakeFiles/HIDE-Controller.dir/home/pi/pico/pico-sdk/src/rp2_common/pico_stdio/stdio.c.obj
                0x10004248                stdio_init_all
 .text.stdio_uart_out_chars
                0x10004250       0x70 CMakeFiles/HIDE-Controller.dir/home/pi/pico/pico-sdk/src/rp2_common/pico_stdio_uart/stdio_uart.c.obj
 .text.stdio_uart_in_chars
                0x100042c0       0x50 CMakeFiles/HIDE-Controller.dir/home/pi/pico/pico-sdk/src/rp2_common/pico_stdio_uart/stdio_uart.c.obj
                0x100042c0                stdio_uart_in_chars
 .text.stdio_uart_init_full
                0x10004310       0x3c CMakeFiles/HIDE-Controller.dir/home/pi/pico/pico-sdk/src/rp2_common/pico_stdio_uart/stdio_uart.c.obj
                0x10004310                stdio_uart_init_full
 .text.stdio_uart_init
                0x1000434c       0x28 CMakeFiles/HIDE-Controller.dir/home/pi/pico/pico-sdk/src/rp2_common/pico_stdio_uart/stdio_uart.c.obj
                0x1000434c                stdio_uart_init
 .text.adc_init
                0x10004374       0x34 CMakeFiles/HIDE-Controller.dir/home/pi/pico/pico-sdk/src/rp2_common/hardware_adc/adc.c.obj
                0x10004374                adc_init
 .text          0x100043a8       0x64 /usr/lib/gcc/arm-none-eabi/7.3.1/../../../arm-none-eabi/lib/thumb/v6-m/libg.a(lib_a-strlen-stub.o)
                0x100043a8                strlen
 *(.fini)
 .fini          0x1000440c        0x4 /usr/lib/gcc/arm-none-eabi/7.3.1/thumb/v6-m/crti.o
                0x1000440c                _fini
 .fini.__stub   0x10004410       0x50 linker stubs
 *crtbegin.o(.ctors)
 *crtbegin?.o(.ctors)
 *(EXCLUDE_FILE(*crtend.o *crtend?.o) .ctors)
 *(SORT_BY_NAME(.ctors.*))
 *(.ctors)
 *crtbegin.o(.dtors)
 *crtbegin?.o(.dtors)
 *(EXCLUDE_FILE(*crtend.o *crtend?.o) .dtors)
 *(SORT_BY_NAME(.dtors.*))
 *(.dtors)
 *(.eh_frame*)
 .eh_frame      0x10004460        0x0 /usr/lib/gcc/arm-none-eabi/7.3.1/thumb/v6-m/crtbegin.o
                0x10004460                . = ALIGN (0x4)

.glue_7         0x10004460        0x0
 .glue_7        0x10004460        0x0 linker stubs

.glue_7t        0x10004460        0x0
 .glue_7t       0x10004460        0x0 linker stubs

.vfp11_veneer   0x10004460        0x0
 .vfp11_veneer  0x10004460        0x0 linker stubs

.v4_bx          0x10004460        0x0
 .v4_bx         0x10004460        0x0 linker stubs

.iplt           0x10004460        0x0
 .iplt          0x10004460        0x0 /usr/lib/gcc/arm-none-eabi/7.3.1/thumb/v6-m/crtbegin.o

.rodata         0x10004460      0xde0
 *(EXCLUDE_FILE(*libm.a: *libc.a:*lib_a-mem*.o *libgcc.a:) .rodata*)
 .rodata.main.str1.4
                0x10004460       0x50 CMakeFiles/HIDE-Controller.dir/HIDE-Controller.c.obj
 .rodata.__func__.5582
                0x100044b0       0x15 CMakeFiles/HIDE-Controller.dir/home/pi/pico/pico-sdk/src/common/pico_time/time.c.obj
 *fill*         0x100044c5        0x3 
 .rodata.__func__.5879
                0x100044c8        0xc CMakeFiles/HIDE-Controller.dir/home/pi/pico/pico-sdk/src/common/pico_time/time.c.obj
 .rodata.__func__.5886
                0x100044d4       0x12 CMakeFiles/HIDE-Controller.dir/home/pi/pico/pico-sdk/src/common/pico_time/time.c.obj
 *fill*         0x100044e6        0x2 
 .rodata.__func__.5902
                0x100044e8        0xf CMakeFiles/HIDE-Controller.dir/home/pi/pico/pico-sdk/src/common/pico_time/time.c.obj
 *fill*         0x100044f7        0x1 
 .rodata.__func__.5924
                0x100044f8        0xd CMakeFiles/HIDE-Controller.dir/home/pi/pico/pico-sdk/src/common/pico_time/time.c.obj
 *fill*         0x10004505        0x3 
 .rodata.__func__.6043
                0x10004508        0xa CMakeFiles/HIDE-Controller.dir/home/pi/pico/pico-sdk/src/common/pico_time/time.c.obj
 *fill*         0x10004512        0x2 
 .rodata.__func__.6048
                0x10004514       0x12 CMakeFiles/HIDE-Controller.dir/home/pi/pico/pico-sdk/src/common/pico_time/time.c.obj
 *fill*         0x10004526        0x2 
 .rodata.__func__.6063
                0x10004528       0x17 CMakeFiles/HIDE-Controller.dir/home/pi/pico/pico-sdk/src/common/pico_time/time.c.obj
 *fill*         0x1000453f        0x1 
 .rodata.__func__.6074
                0x10004540       0x15 CMakeFiles/HIDE-Controller.dir/home/pi/pico/pico-sdk/src/common/pico_time/time.c.obj
 *fill*         0x10004555        0x3 
 .rodata.__func__.6091
                0x10004558       0x1a CMakeFiles/HIDE-Controller.dir/home/pi/pico/pico-sdk/src/common/pico_time/time.c.obj
 *fill*         0x10004572        0x2 
 .rodata.add_alarm_under_lock.str1.4
                0x10004574       0x28 CMakeFiles/HIDE-Controller.dir/home/pi/pico/pico-sdk/src/common/pico_time/time.c.obj
                                 0x2b (size before relaxing)
 .rodata.alarm_pool_alarm_callback.str1.4
                0x1000459c       0xe2 CMakeFiles/HIDE-Controller.dir/home/pi/pico/pico-sdk/src/common/pico_time/time.c.obj
 *fill*         0x1000467e        0x2 
 .rodata.alarm_pool_dump_key.str1.4
                0x10004680       0x33 CMakeFiles/HIDE-Controller.dir/home/pi/pico/pico-sdk/src/common/pico_time/time.c.obj
 *fill*         0x100046b3        0x1 
 .rodata.alarm_pool_get_default.str1.4
                0x100046b4       0x21 CMakeFiles/HIDE-Controller.dir/home/pi/pico/pico-sdk/src/common/pico_time/time.c.obj
 *fill*         0x100046d5        0x3 
 .rodata.ph_add_child_node.str1.4
                0x100046d8       0x92 CMakeFiles/HIDE-Controller.dir/home/pi/pico/pico-sdk/src/common/pico_time/time.c.obj
 *fill*         0x1000476a        0x2 
 .rodata.repeating_timer_callback.str1.4
                0x1000476c       0x47 CMakeFiles/HIDE-Controller.dir/home/pi/pico/pico-sdk/src/common/pico_time/time.c.obj
 *fill*         0x100047b3        0x1 
 .rodata.sleep_until.str1.4
                0x100047b4       0x4d CMakeFiles/HIDE-Controller.dir/home/pi/pico/pico-sdk/src/common/pico_time/time.c.obj
 *fill*         0x10004801        0x3 
 .rodata.__func__.4495
                0x10004804       0x1a CMakeFiles/HIDE-Controller.dir/home/pi/pico/pico-sdk/src/rp2_common/hardware_timer/timer.c.obj
 *fill*         0x1000481e        0x2 
 .rodata.hardware_alarm_claim.str1.4
                0x10004820       0x22 CMakeFiles/HIDE-Controller.dir/home/pi/pico/pico-sdk/src/rp2_common/hardware_timer/timer.c.obj
 *fill*         0x10004842        0x2 
 .rodata.hardware_alarm_set_target.str1.4
                0x10004844       0x61 CMakeFiles/HIDE-Controller.dir/home/pi/pico/pico-sdk/src/rp2_common/hardware_timer/timer.c.obj
 *fill*         0x100048a5        0x3 
 .rodata.__func__.4550
                0x100048a8       0x15 CMakeFiles/HIDE-Controller.dir/home/pi/pico/pico-sdk/src/common/pico_sync/mutex.c.obj
 *fill*         0x100048bd        0x3 
 .rodata.__func__.4578
                0x100048c0        0xb CMakeFiles/HIDE-Controller.dir/home/pi/pico/pico-sdk/src/common/pico_sync/mutex.c.obj
 *fill*         0x100048cb        0x1 
 .rodata.str1.4
                0x100048cc       0x58 CMakeFiles/HIDE-Controller.dir/home/pi/pico/pico-sdk/src/common/pico_sync/mutex.c.obj
                                 0xb8 (size before relaxing)
 .rodata.__func__.5655
                0x10004924        0xc CMakeFiles/HIDE-Controller.dir/home/pi/pico/pico-sdk/src/common/pico_util/pheap.c.obj
 .rodata.__func__.5662
                0x10004930       0x12 CMakeFiles/HIDE-Controller.dir/home/pi/pico/pico-sdk/src/common/pico_util/pheap.c.obj
 *fill*         0x10004942        0x2 
 .rodata.__func__.5748
                0x10004944       0x13 CMakeFiles/HIDE-Controller.dir/home/pi/pico/pico-sdk/src/common/pico_util/pheap.c.obj
 *fill*         0x10004957        0x1 
 .rodata.__func__.5766
                0x10004958       0x18 CMakeFiles/HIDE-Controller.dir/home/pi/pico/pico-sdk/src/common/pico_util/pheap.c.obj
 .rodata.ph_add_child_node.str1.4
                0x10004970       0x92 CMakeFiles/HIDE-Controller.dir/home/pi/pico/pico-sdk/src/common/pico_util/pheap.c.obj
 .rodata.ph_remove_and_free_node.str1.4
                0x10004970       0x26 CMakeFiles/HIDE-Controller.dir/home/pi/pico/pico-sdk/src/common/pico_util/pheap.c.obj
 *fill*         0x10004996        0x2 
 .rodata.ph_remove_any_head.str1.4
                0x10004998       0x88 CMakeFiles/HIDE-Controller.dir/home/pi/pico/pico-sdk/src/common/pico_util/pheap.c.obj
 .rodata.__assert_func.str1.4
                0x10004a20       0x3f CMakeFiles/HIDE-Controller.dir/home/pi/pico/pico-sdk/src/rp2_common/pico_runtime/runtime.c.obj
                                 0x43 (size before relaxing)
 *fill*         0x10004a5f        0x1 
 .rodata.panic.str1.4
                0x10004a60       0x12 CMakeFiles/HIDE-Controller.dir/home/pi/pico/pico-sdk/src/rp2_common/pico_runtime/runtime.c.obj
 *fill*         0x10004a72        0x2 
 .rodata.__func__.4615
                0x10004a74       0x10 CMakeFiles/HIDE-Controller.dir/home/pi/pico/pico-sdk/src/rp2_common/hardware_clocks/clocks.c.obj
 .rodata.clock_configure.str1.4
                0x10004a84       0x53 CMakeFiles/HIDE-Controller.dir/home/pi/pico/pico-sdk/src/rp2_common/hardware_clocks/clocks.c.obj
 *fill*         0x10004ad7        0x1 
 .rodata.__func__.4345
                0x10004ad8        0x9 CMakeFiles/HIDE-Controller.dir/home/pi/pico/pico-sdk/src/rp2_common/hardware_pll/pll.c.obj
 *fill*         0x10004ae1        0x3 
 .rodata.pll_init.str1.4
                0x10004ae4       0xd7 CMakeFiles/HIDE-Controller.dir/home/pi/pico/pico-sdk/src/rp2_common/hardware_pll/pll.c.obj
 *fill*         0x10004bbb        0x1 
 .rodata.__func__.4454
                0x10004bbc       0x1a CMakeFiles/HIDE-Controller.dir/home/pi/pico/pico-sdk/src/rp2_common/hardware_irq/irq.c.obj
 *fill*         0x10004bd6        0x2 
 .rodata.__func__.4468
                0x10004bd8        0xc CMakeFiles/HIDE-Controller.dir/home/pi/pico/pico-sdk/src/rp2_common/hardware_irq/irq.c.obj
 .rodata.__func__.4476
                0x10004be4       0x17 CMakeFiles/HIDE-Controller.dir/home/pi/pico/pico-sdk/src/rp2_common/hardware_irq/irq.c.obj
 *fill*         0x10004bfb        0x1 
 .rodata.__func__.4480
                0x10004bfc        0xf CMakeFiles/HIDE-Controller.dir/home/pi/pico/pico-sdk/src/rp2_common/hardware_irq/irq.c.obj
 *fill*         0x10004c0b        0x1 
 .rodata.__func__.4519
                0x10004c0c       0x13 CMakeFiles/HIDE-Controller.dir/home/pi/pico/pico-sdk/src/rp2_common/hardware_irq/irq.c.obj
 *fill*         0x10004c1f        0x1 
 .rodata.__func__.4538
                0x10004c20       0x1a CMakeFiles/HIDE-Controller.dir/home/pi/pico/pico-sdk/src/rp2_common/hardware_irq/irq.c.obj
 *fill*         0x10004c3a        0x2 
 .rodata.irq_add_shared_handler.str1.4
                0x10004c3c       0xd9 CMakeFiles/HIDE-Controller.dir/home/pi/pico/pico-sdk/src/rp2_common/hardware_irq/irq.c.obj
 *fill*         0x10004d15        0x3 
 .rodata.irq_add_tail_to_free_list.str1.4
                0x10004d18       0x32 CMakeFiles/HIDE-Controller.dir/home/pi/pico/pico-sdk/src/rp2_common/hardware_irq/irq.c.obj
                                 0x3a (size before relaxing)
 *fill*         0x10004d4a        0x2 
 .rodata.irq_remove_handler.str1.4
                0x10004d4c       0x24 CMakeFiles/HIDE-Controller.dir/home/pi/pico/pico-sdk/src/rp2_common/hardware_irq/irq.c.obj
                                 0x2a (size before relaxing)
 .rodata.irq_set_exclusive_handler.str1.4
                0x10004d70       0x36 CMakeFiles/HIDE-Controller.dir/home/pi/pico/pico-sdk/src/rp2_common/hardware_irq/irq.c.obj
 *fill*         0x10004da6        0x2 
 .rodata.make_branch.str1.4
                0x10004da8       0x49 CMakeFiles/HIDE-Controller.dir/home/pi/pico/pico-sdk/src/rp2_common/hardware_irq/irq.c.obj
 *fill*         0x10004df1        0x3 
 .rodata._vsnprintf
                0x10004df4      0x1e0 CMakeFiles/HIDE-Controller.dir/home/pi/pico/pico-sdk/src/rp2_common/pico_printf/printf.c.obj
 .rodata._ftoa.str1.4
                0x10004fd4       0x15 CMakeFiles/HIDE-Controller.dir/home/pi/pico/pico-sdk/src/rp2_common/pico_printf/printf.c.obj
 *fill*         0x10004fe9        0x7 
 .rodata.pow10.5369
                0x10004ff0       0x50 CMakeFiles/HIDE-Controller.dir/home/pi/pico/pico-sdk/src/rp2_common/pico_printf/printf.c.obj
 .rodata.__aeabi_double_init.str1.4
                0x10005040       0xa4 CMakeFiles/HIDE-Controller.dir/home/pi/pico/pico-sdk/src/rp2_common/pico_double/double_init_rom.c.obj
 .rodata.__func__.4628
                0x100050e4       0x14 CMakeFiles/HIDE-Controller.dir/home/pi/pico/pico-sdk/src/rp2_common/pico_double/double_init_rom.c.obj
 .rodata.__aeabi_float_init.str1.4
                0x100050f8       0x76 CMakeFiles/HIDE-Controller.dir/home/pi/pico/pico-sdk/src/rp2_common/pico_float/float_init_rom.c.obj
                                 0x7a (size before relaxing)
 *fill*         0x1000516e        0x2 
 .rodata.__func__.4630
                0x10005170       0x13 CMakeFiles/HIDE-Controller.dir/home/pi/pico/pico-sdk/src/rp2_common/pico_float/float_init_rom.c.obj
 *fill*         0x10005183        0x1 
 .rodata.__bi_44
                0x10005184        0xc CMakeFiles/HIDE-Controller.dir/home/pi/pico/pico-sdk/src/rp2_common/pico_standard_link/binary_info.c.obj
 .rodata.__bi_56
                0x10005190        0xc CMakeFiles/HIDE-Controller.dir/home/pi/pico/pico-sdk/src/rp2_common/pico_standard_link/binary_info.c.obj
 .rodata.__bi_75
                0x1000519c        0xc CMakeFiles/HIDE-Controller.dir/home/pi/pico/pico-sdk/src/rp2_common/pico_standard_link/binary_info.c.obj
 .rodata.__bi_81
                0x100051a8        0xc CMakeFiles/HIDE-Controller.dir/home/pi/pico/pico-sdk/src/rp2_common/pico_standard_link/binary_info.c.obj
 .rodata.str1.4
                0x100051b4       0x48 CMakeFiles/HIDE-Controller.dir/home/pi/pico/pico-sdk/src/rp2_common/pico_standard_link/binary_info.c.obj
 .rodata.crlf_str.5940
                0x100051fc        0x2 CMakeFiles/HIDE-Controller.dir/home/pi/pico/pico-sdk/src/rp2_common/pico_stdio/stdio.c.obj
 *fill*         0x100051fe        0x2 
 .rodata.__bi_28.4666
                0x10005200        0xc CMakeFiles/HIDE-Controller.dir/home/pi/pico/pico-sdk/src/rp2_common/pico_stdio_uart/stdio_uart.c.obj
 .rodata.__bi_29.4670
                0x1000520c        0x8 CMakeFiles/HIDE-Controller.dir/home/pi/pico/pico-sdk/src/rp2_common/pico_stdio_uart/stdio_uart.c.obj
 .rodata.str1.4
                0x10005214       0x2c CMakeFiles/HIDE-Controller.dir/home/pi/pico/pico-sdk/src/rp2_common/pico_stdio_uart/stdio_uart.c.obj
                0x10005240                . = ALIGN (0x4)
 *(SORT_BY_ALIGNMENT(SORT_BY_NAME(.flashdata*)))
                0x10005240                . = ALIGN (0x4)

.rel.dyn        0x10005240        0x0
 .rel.iplt      0x10005240        0x0 /usr/lib/gcc/arm-none-eabi/7.3.1/thumb/v6-m/crtbegin.o

.ARM.extab
 *(.ARM.extab* .gnu.linkonce.armextab.*)
                0x10005240                __exidx_start = .

.ARM.exidx
 *(.ARM.exidx* .gnu.linkonce.armexidx.*)
                0x10005240                __exidx_end = .
                0x10005240                . = ALIGN (0x4)
                0x10005240                __binary_info_start = .

.binary_info    0x10005240       0x28
 *(.binary_info.keep.*)
 .binary_info.keep.__bi_ptr22
                0x10005240        0x4 CMakeFiles/HIDE-Controller.dir/home/pi/pico/pico-sdk/src/rp2_common/pico_standard_link/binary_info.c.obj
 .binary_info.keep.__bi_ptr30
                0x10005244        0x4 CMakeFiles/HIDE-Controller.dir/home/pi/pico/pico-sdk/src/rp2_common/pico_standard_link/binary_info.c.obj
 .binary_info.keep.__bi_ptr38
                0x10005248        0x4 CMakeFiles/HIDE-Controller.dir/home/pi/pico/pico-sdk/src/rp2_common/pico_standard_link/binary_info.c.obj
 .binary_info.keep.__bi_ptr44
                0x1000524c        0x4 CMakeFiles/HIDE-Controller.dir/home/pi/pico/pico-sdk/src/rp2_common/pico_standard_link/binary_info.c.obj
 .binary_info.keep.__bi_ptr50
                0x10005250        0x4 CMakeFiles/HIDE-Controller.dir/home/pi/pico/pico-sdk/src/rp2_common/pico_standard_link/binary_info.c.obj
 .binary_info.keep.__bi_ptr56
                0x10005254        0x4 CMakeFiles/HIDE-Controller.dir/home/pi/pico/pico-sdk/src/rp2_common/pico_standard_link/binary_info.c.obj
 .binary_info.keep.__bi_ptr75
                0x10005258        0x4 CMakeFiles/HIDE-Controller.dir/home/pi/pico/pico-sdk/src/rp2_common/pico_standard_link/binary_info.c.obj
 .binary_info.keep.__bi_ptr81
                0x1000525c        0x4 CMakeFiles/HIDE-Controller.dir/home/pi/pico/pico-sdk/src/rp2_common/pico_standard_link/binary_info.c.obj
 *(.binary_info.*)
 .binary_info.__bi_ptr28
                0x10005260        0x4 CMakeFiles/HIDE-Controller.dir/home/pi/pico/pico-sdk/src/rp2_common/pico_stdio_uart/stdio_uart.c.obj
 .binary_info.__bi_ptr29
                0x10005264        0x4 CMakeFiles/HIDE-Controller.dir/home/pi/pico/pico-sdk/src/rp2_common/pico_stdio_uart/stdio_uart.c.obj
                0x10005268                __binary_info_end = .
                0x10005268                . = ALIGN (0x4)
                0x10005268                __etext = .

.ram_vector_table
                0x20000000       0xc0
 *(.ram_vector_table)
 .ram_vector_table
                0x20000000       0xc0 CMakeFiles/HIDE-Controller.dir/home/pi/pico/pico-sdk/src/rp2_common/pico_runtime/runtime.c.obj
                0x20000000                ram_vector_table

.data           0x200000c0      0x1f0 load address 0x10005268
                0x200000c0                __data_start__ = .
 *(vtable)
 *(.time_critical*)
 .time_critical.mutex_enter_blocking
                0x200000c0       0x64 CMakeFiles/HIDE-Controller.dir/home/pi/pico/pico-sdk/src/common/pico_sync/mutex.c.obj
                0x200000c0                mutex_enter_blocking
 .time_critical.mutex_try_enter
                0x20000124       0x48 CMakeFiles/HIDE-Controller.dir/home/pi/pico/pico-sdk/src/common/pico_sync/mutex.c.obj
                0x20000124                mutex_try_enter
 .time_critical.mutex_exit
                0x2000016c       0x4c CMakeFiles/HIDE-Controller.dir/home/pi/pico/pico-sdk/src/common/pico_sync/mutex.c.obj
                0x2000016c                mutex_exit
 *(.text*)
 .text          0x200001b8        0x4 /usr/lib/gcc/arm-none-eabi/7.3.1/thumb/v6-m/libgcc.a(_dvmd_tls.o)
                0x200001b8                __aeabi_ldiv0
                0x200001b8                __aeabi_idiv0
 *fill*         0x200001bc        0x4 
 .text.__stub   0x200001c0       0x10 linker stubs
                0x200001d0                . = ALIGN (0x4)
 *(.rodata*)
                0x200001d0                . = ALIGN (0x4)
 *(.data*)
 .data.SwPin    0x200001d0        0x4 CMakeFiles/HIDE-Controller.dir/HIDE-Controller.c.obj
                0x200001d0                SwPin
 .data.VrxAdcInput
                0x200001d4        0x4 CMakeFiles/HIDE-Controller.dir/HIDE-Controller.c.obj
                0x200001d4                VrxAdcInput
 .data.VrxPin   0x200001d8        0x4 CMakeFiles/HIDE-Controller.dir/HIDE-Controller.c.obj
                0x200001d8                VrxPin
 .data.VryPin   0x200001dc        0x4 CMakeFiles/HIDE-Controller.dir/HIDE-Controller.c.obj
                0x200001dc                VryPin
 .data.striped_spin_lock_num
                0x200001e0        0x1 CMakeFiles/HIDE-Controller.dir/home/pi/pico/pico-sdk/src/rp2_common/hardware_sync/sync.c.obj
 *fill*         0x200001e1        0x3 
 .data.default_alarm_pool
                0x200001e4       0x18 CMakeFiles/HIDE-Controller.dir/home/pi/pico/pico-sdk/src/common/pico_time/time.c.obj
 .data.default_alarm_pool_heap
                0x200001fc       0x10 CMakeFiles/HIDE-Controller.dir/home/pi/pico/pico-sdk/src/common/pico_time/time.c.obj
 .data          0x2000020c       0x48 CMakeFiles/HIDE-Controller.dir/home/pi/pico/pico-sdk/src/rp2_common/hardware_irq/irq_handler_chain.S.obj
                0x2000020c                irq_handler_chain_slots
                0x2000023c                irq_handler_chain_first_slot
                0x20000246                irq_handler_chain_remove_tail
 *fill*         0x20000254        0xc 
 .data.aeabi_bits_funcs
                0x20000260       0x10 CMakeFiles/HIDE-Controller.dir/home/pi/pico/pico-sdk/src/rp2_common/pico_bit_ops/bit_ops_aeabi.S.obj
                0x20000260                aeabi_bits_funcs
                0x20000270                aeabi_bits_funcs_end
 .data.aeabi_mem_funcs
                0x20000270       0x10 CMakeFiles/HIDE-Controller.dir/home/pi/pico/pico-sdk/src/rp2_common/pico_mem_ops/mem_ops_aeabi.S.obj
                0x20000270                aeabi_mem_funcs
                0x20000280                aeabi_mem_funcs_end
 .data.stdio_uart
                0x20000280       0x14 CMakeFiles/HIDE-Controller.dir/home/pi/pico/pico-sdk/src/rp2_common/pico_stdio_uart/stdio_uart.c.obj
                0x20000280                stdio_uart
                0x20000294                . = ALIGN (0x4)
 *(.after_data.*)
                0x20000294                . = ALIGN (0x4)
                0x20000294                PROVIDE (__mutex_array_start = .)
 *(SORT_BY_NAME(.mutex_array.*))
 *(.mutex_array)
 .mutex_array   0x20000294        0x8 CMakeFiles/HIDE-Controller.dir/home/pi/pico/pico-sdk/src/rp2_common/pico_stdio/stdio.c.obj
                0x2000029c                PROVIDE (__mutex_array_end = .)
                0x2000029c                . = ALIGN (0x4)
                0x2000029c                PROVIDE (__preinit_array_start = .)
 *(SORT_BY_NAME(.preinit_array.*))
 .preinit_array.00001
                0x2000029c        0x4 CMakeFiles/HIDE-Controller.dir/home/pi/pico/pico-sdk/src/rp2_common/pico_mem_ops/mem_ops_aeabi.S.obj
 .preinit_array.00010
                0x200002a0        0x4 CMakeFiles/HIDE-Controller.dir/home/pi/pico/pico-sdk/src/rp2_common/pico_bit_ops/bit_ops_aeabi.S.obj
 .preinit_array.00020
                0x200002a4        0x4 CMakeFiles/HIDE-Controller.dir/home/pi/pico/pico-sdk/src/rp2_common/pico_double/double_aeabi.S.obj
 .preinit_array.00020
                0x200002a8        0x4 CMakeFiles/HIDE-Controller.dir/home/pi/pico/pico-sdk/src/rp2_common/pico_float/float_aeabi.S.obj
 *(.preinit_array)
                0x200002ac                PROVIDE (__preinit_array_end = .)
                0x200002ac                . = ALIGN (0x4)
                0x200002ac                PROVIDE (__init_array_start = .)
 *(SORT_BY_NAME(.init_array.*))
 *(.init_array)
 .init_array    0x200002ac        0x4 /usr/lib/gcc/arm-none-eabi/7.3.1/thumb/v6-m/crtbegin.o
                0x200002b0                PROVIDE (__init_array_end = .)
                0x200002b0                . = ALIGN (0x4)
                0x200002b0                PROVIDE (__fini_array_start = .)
 *(SORT_BY_NAME(.fini_array.*))
 *(.fini_array)
                0x200002b0                PROVIDE (__fini_array_end = .)
 *(.jcr)
                0x200002b0                . = ALIGN (0x4)
                0x200002b0                __data_end__ = .

.tm_clone_table
                0x200002b0        0x0 load address 0x10005458
 .tm_clone_table
                0x200002b0        0x0 /usr/lib/gcc/arm-none-eabi/7.3.1/thumb/v6-m/crtbegin.o
 .tm_clone_table
                0x200002b0        0x0 /usr/lib/gcc/arm-none-eabi/7.3.1/thumb/v6-m/crtend.o

.igot.plt       0x200002b0        0x0 load address 0x10005458
 .igot.plt      0x200002b0        0x0 /usr/lib/gcc/arm-none-eabi/7.3.1/thumb/v6-m/crtbegin.o

.uninitialized_data
                0x200002b0        0x0 load address 0x10005458
                0x200002b0                . = ALIGN (0x4)
 *(.uninitialized_data*)

.scratch_x      0x20040000        0x0 load address 0x10005458
                0x20040000                __scratch_x_start__ = .
 *(.scratch_x.*)
                0x20040000                . = ALIGN (0x4)
                0x20040000                __scratch_x_end__ = .
                0x10005458                __scratch_x_source__ = LOADADDR (.scratch_x)

.scratch_y      0x20041000        0x0 load address 0x10005458
                0x20041000                __scratch_y_start__ = .
 *(.scratch_y.*)
                0x20041000                . = ALIGN (0x4)
                0x20041000                __scratch_y_end__ = .
                0x10005458                __scratch_y_source__ = LOADADDR (.scratch_y)

.bss            0x200002b0      0x3d0
                0x200002b0                . = ALIGN (0x4)
                0x200002b0                __bss_start__ = .
 *(SORT_BY_ALIGNMENT(SORT_BY_NAME(.bss*)))
 .bss.default_alarm_pool_entries
                0x200002b0      0x100 CMakeFiles/HIDE-Controller.dir/home/pi/pico/pico-sdk/src/common/pico_time/time.c.obj
 .bss           0x200003b0       0x1c /usr/lib/gcc/arm-none-eabi/7.3.1/thumb/v6-m/crtbegin.o
 .bss.VryAdcInput
                0x200003cc        0x4 CMakeFiles/HIDE-Controller.dir/HIDE-Controller.c.obj
                0x200003cc                VryAdcInput
 .bss.alarm_callbacks
                0x200003d0       0x10 CMakeFiles/HIDE-Controller.dir/home/pi/pico/pico-sdk/src/rp2_common/hardware_timer/timer.c.obj
 .bss.configured_freq
                0x200003e0       0x28 CMakeFiles/HIDE-Controller.dir/home/pi/pico/pico-sdk/src/rp2_common/hardware_clocks/clocks.c.obj
 .bss.default_alarm_pool_entry_ids_high
                0x20000408       0x10 CMakeFiles/HIDE-Controller.dir/home/pi/pico/pico-sdk/src/common/pico_time/time.c.obj
 .bss.default_alarm_pool_heap_nodes
                0x20000418       0x30 CMakeFiles/HIDE-Controller.dir/home/pi/pico/pico-sdk/src/common/pico_time/time.c.obj
 .bss.drivers   0x20000448        0x4 CMakeFiles/HIDE-Controller.dir/home/pi/pico/pico-sdk/src/rp2_common/pico_stdio/stdio.c.obj
 .bss.filter    0x2000044c        0x4 CMakeFiles/HIDE-Controller.dir/home/pi/pico/pico-sdk/src/rp2_common/pico_stdio/stdio.c.obj
 .bss.pools     0x20000450       0x10 CMakeFiles/HIDE-Controller.dir/home/pi/pico/pico-sdk/src/common/pico_time/time.c.obj
 .bss.target_hi
                0x20000460       0x10 CMakeFiles/HIDE-Controller.dir/home/pi/pico/pico-sdk/src/rp2_common/hardware_timer/timer.c.obj
 .bss.uart_instance
                0x20000470        0x4 CMakeFiles/HIDE-Controller.dir/home/pi/pico/pico-sdk/src/rp2_common/pico_stdio_uart/stdio_uart.c.obj
 .bss.claimed   0x20000474        0x1 CMakeFiles/HIDE-Controller.dir/home/pi/pico/pico-sdk/src/rp2_common/hardware_timer/timer.c.obj
 .bss.irq_hander_chain_free_slot_head
                0x20000475        0x1 CMakeFiles/HIDE-Controller.dir/home/pi/pico/pico-sdk/src/rp2_common/hardware_irq/irq.c.obj
 .bss.timer_callbacks_pending
                0x20000476        0x1 CMakeFiles/HIDE-Controller.dir/home/pi/pico/pico-sdk/src/rp2_common/hardware_timer/timer.c.obj
 *(COMMON)
 *fill*         0x20000477        0x1 
 COMMON         0x20000478        0x4 CMakeFiles/HIDE-Controller.dir/home/pi/pico/pico-sdk/src/rp2_common/hardware_uart/uart.c.obj
                0x20000478                uart_char_to_line_feed
 COMMON         0x2000047c      0x100 CMakeFiles/HIDE-Controller.dir/home/pi/pico/pico-sdk/src/rp2_common/pico_double/double_init_rom.c.obj
                0x2000047c                sd_table
 COMMON         0x2000057c      0x104 CMakeFiles/HIDE-Controller.dir/home/pi/pico/pico-sdk/src/rp2_common/pico_float/float_init_rom.c.obj
                0x2000057c                sf_table
                0x2000067c                sf_clz_func
                0x20000680                . = ALIGN (0x4)
                0x20000680                __bss_end__ = .

.heap           0x20000680      0x800
                0x20000680                __end__ = .
                0x20000680                end = __end__
 *(.heap*)
 .heap          0x20000680      0x800 CMakeFiles/HIDE-Controller.dir/home/pi/pico/pico-sdk/src/rp2_common/pico_standard_link/crt0.S.obj
                0x20000e80                __HeapLimit = .

.stack1_dummy   0x20040000        0x0
 *(.stack1*)

.stack_dummy    0x20041000      0x800
 *(.stack*)
 .stack         0x20041000      0x800 CMakeFiles/HIDE-Controller.dir/home/pi/pico/pico-sdk/src/rp2_common/pico_standard_link/crt0.S.obj

.flash_end      0x10005458        0x0
                0x10005458                __flash_binary_end = .
                0x20040000                __StackLimit = (ORIGIN (RAM) + LENGTH (RAM))
                0x20041000                __StackOneTop = (ORIGIN (SCRATCH_X) + LENGTH (SCRATCH_X))
                0x20042000                __StackTop = (ORIGIN (SCRATCH_Y) + LENGTH (SCRATCH_Y))
                0x20041000                __StackOneBottom = (__StackOneTop - SIZEOF (.stack1_dummy))
                0x20041800                __StackBottom = (__StackTop - SIZEOF (.stack_dummy))
                0x20042000                PROVIDE (__stack = __StackTop)
                0x00000001                ASSERT ((__StackLimit >= __HeapLimit), region RAM overflowed)
                0x00000001                ASSERT (((__binary_info_header_end - __logical_binary_start) <= 0x100), Binary info must be in first 256 bytes of the binary)
LOAD CMakeFiles/HIDE-Controller.dir/HIDE-Controller.c.obj
LOAD CMakeFiles/HIDE-Controller.dir/home/pi/pico/pico-sdk/src/rp2_common/pico_stdlib/stdlib.c.obj
LOAD CMakeFiles/HIDE-Controller.dir/home/pi/pico/pico-sdk/src/rp2_common/hardware_gpio/gpio.c.obj
LOAD CMakeFiles/HIDE-Controller.dir/home/pi/pico/pico-sdk/src/rp2_common/hardware_claim/claim.c.obj
LOAD CMakeFiles/HIDE-Controller.dir/home/pi/pico/pico-sdk/src/rp2_common/hardware_sync/sync.c.obj
LOAD CMakeFiles/HIDE-Controller.dir/home/pi/pico/pico-sdk/src/rp2_common/pico_platform/platform.c.obj
LOAD CMakeFiles/HIDE-Controller.dir/home/pi/pico/pico-sdk/src/rp2_common/hardware_uart/uart.c.obj
LOAD CMakeFiles/HIDE-Controller.dir/home/pi/pico/pico-sdk/src/rp2_common/hardware_divider/divider.S.obj
LOAD CMakeFiles/HIDE-Controller.dir/home/pi/pico/pico-sdk/src/common/pico_time/time.c.obj
LOAD CMakeFiles/HIDE-Controller.dir/home/pi/pico/pico-sdk/src/common/pico_time/timeout_helper.c.obj
LOAD CMakeFiles/HIDE-Controller.dir/home/pi/pico/pico-sdk/src/rp2_common/hardware_timer/timer.c.obj
LOAD CMakeFiles/HIDE-Controller.dir/home/pi/pico/pico-sdk/src/common/pico_sync/sem.c.obj
LOAD CMakeFiles/HIDE-Controller.dir/home/pi/pico/pico-sdk/src/common/pico_sync/lock_core.c.obj
LOAD CMakeFiles/HIDE-Controller.dir/home/pi/pico/pico-sdk/src/common/pico_sync/mutex.c.obj
LOAD CMakeFiles/HIDE-Controller.dir/home/pi/pico/pico-sdk/src/common/pico_sync/critical_section.c.obj
LOAD CMakeFiles/HIDE-Controller.dir/home/pi/pico/pico-sdk/src/common/pico_util/datetime.c.obj
LOAD CMakeFiles/HIDE-Controller.dir/home/pi/pico/pico-sdk/src/common/pico_util/pheap.c.obj
LOAD CMakeFiles/HIDE-Controller.dir/home/pi/pico/pico-sdk/src/common/pico_util/queue.c.obj
LOAD CMakeFiles/HIDE-Controller.dir/home/pi/pico/pico-sdk/src/rp2_common/pico_runtime/runtime.c.obj
LOAD CMakeFiles/HIDE-Controller.dir/home/pi/pico/pico-sdk/src/rp2_common/hardware_clocks/clocks.c.obj
LOAD CMakeFiles/HIDE-Controller.dir/home/pi/pico/pico-sdk/src/rp2_common/hardware_watchdog/watchdog.c.obj
LOAD CMakeFiles/HIDE-Controller.dir/home/pi/pico/pico-sdk/src/rp2_common/hardware_xosc/xosc.c.obj
LOAD CMakeFiles/HIDE-Controller.dir/home/pi/pico/pico-sdk/src/rp2_common/hardware_pll/pll.c.obj
LOAD CMakeFiles/HIDE-Controller.dir/home/pi/pico/pico-sdk/src/rp2_common/hardware_vreg/vreg.c.obj
LOAD CMakeFiles/HIDE-Controller.dir/home/pi/pico/pico-sdk/src/rp2_common/hardware_irq/irq.c.obj
LOAD CMakeFiles/HIDE-Controller.dir/home/pi/pico/pico-sdk/src/rp2_common/hardware_irq/irq_handler_chain.S.obj
LOAD CMakeFiles/HIDE-Controller.dir/home/pi/pico/pico-sdk/src/rp2_common/pico_printf/printf.c.obj
LOAD CMakeFiles/HIDE-Controller.dir/home/pi/pico/pico-sdk/src/rp2_common/pico_bit_ops/bit_ops_aeabi.S.obj
LOAD CMakeFiles/HIDE-Controller.dir/home/pi/pico/pico-sdk/src/rp2_common/pico_bootrom/bootrom.c.obj
LOAD CMakeFiles/HIDE-Controller.dir/home/pi/pico/pico-sdk/src/rp2_common/pico_divider/divider.S.obj
LOAD CMakeFiles/HIDE-Controller.dir/home/pi/pico/pico-sdk/src/rp2_common/pico_double/double_aeabi.S.obj
LOAD CMakeFiles/HIDE-Controller.dir/home/pi/pico/pico-sdk/src/rp2_common/pico_double/double_init_rom.c.obj
LOAD CMakeFiles/HIDE-Controller.dir/home/pi/pico/pico-sdk/src/rp2_common/pico_double/double_math.c.obj
LOAD CMakeFiles/HIDE-Controller.dir/home/pi/pico/pico-sdk/src/rp2_common/pico_double/double_v1_rom_shim.S.obj
LOAD CMakeFiles/HIDE-Controller.dir/home/pi/pico/pico-sdk/src/rp2_common/pico_int64_ops/pico_int64_ops_aeabi.S.obj
LOAD CMakeFiles/HIDE-Controller.dir/home/pi/pico/pico-sdk/src/rp2_common/pico_float/float_aeabi.S.obj
LOAD CMakeFiles/HIDE-Controller.dir/home/pi/pico/pico-sdk/src/rp2_common/pico_float/float_init_rom.c.obj
LOAD CMakeFiles/HIDE-Controller.dir/home/pi/pico/pico-sdk/src/rp2_common/pico_float/float_math.c.obj
LOAD CMakeFiles/HIDE-Controller.dir/home/pi/pico/pico-sdk/src/rp2_common/pico_float/float_v1_rom_shim.S.obj
LOAD CMakeFiles/HIDE-Controller.dir/home/pi/pico/pico-sdk/src/rp2_common/pico_malloc/pico_malloc.c.obj
LOAD CMakeFiles/HIDE-Controller.dir/home/pi/pico/pico-sdk/src/rp2_common/pico_mem_ops/mem_ops_aeabi.S.obj
LOAD CMakeFiles/HIDE-Controller.dir/home/pi/pico/pico-sdk/src/rp2_common/pico_standard_link/crt0.S.obj
LOAD CMakeFiles/HIDE-Controller.dir/home/pi/pico/pico-sdk/src/rp2_common/pico_standard_link/new_delete.cpp.obj
LOAD CMakeFiles/HIDE-Controller.dir/home/pi/pico/pico-sdk/src/rp2_common/pico_standard_link/binary_info.c.obj
LOAD CMakeFiles/HIDE-Controller.dir/home/pi/pico/pico-sdk/src/rp2_common/pico_stdio/stdio.c.obj
LOAD CMakeFiles/HIDE-Controller.dir/home/pi/pico/pico-sdk/src/rp2_common/pico_stdio_uart/stdio_uart.c.obj
LOAD CMakeFiles/HIDE-Controller.dir/home/pi/pico/pico-sdk/src/rp2_common/hardware_adc/adc.c.obj
LOAD /tmp/ccUgJC1y.o
LOAD /usr/lib/gcc/arm-none-eabi/7.3.1/../../../arm-none-eabi/lib/thumb/v6-m/libstdc++.a
LOAD /usr/lib/gcc/arm-none-eabi/7.3.1/../../../arm-none-eabi/lib/thumb/v6-m/libm.a
START GROUP
LOAD /usr/lib/gcc/arm-none-eabi/7.3.1/thumb/v6-m/libgcc.a
LOAD /usr/lib/gcc/arm-none-eabi/7.3.1/../../../arm-none-eabi/lib/thumb/v6-m/libg.a
LOAD /usr/lib/gcc/arm-none-eabi/7.3.1/../../../arm-none-eabi/lib/thumb/v6-m/libc.a
END GROUP
START GROUP
LOAD /usr/lib/gcc/arm-none-eabi/7.3.1/thumb/v6-m/libgcc.a
LOAD /usr/lib/gcc/arm-none-eabi/7.3.1/../../../arm-none-eabi/lib/thumb/v6-m/libc.a
LOAD /usr/lib/gcc/arm-none-eabi/7.3.1/../../../arm-none-eabi/lib/thumb/v6-m/libnosys.a
END GROUP
LOAD /usr/lib/gcc/arm-none-eabi/7.3.1/thumb/v6-m/crtend.o
LOAD /usr/lib/gcc/arm-none-eabi/7.3.1/thumb/v6-m/crtn.o
OUTPUT(HIDE-Controller.elf elf32-littlearm)

.ARM.attributes
                0x00000000       0x28
 .ARM.attributes
                0x00000000       0x1e /usr/lib/gcc/arm-none-eabi/7.3.1/thumb/v6-m/crti.o
 .ARM.attributes
                0x0000001e       0x2c /usr/lib/gcc/arm-none-eabi/7.3.1/thumb/v6-m/crtbegin.o
 .ARM.attributes
                0x0000004a       0x32 CMakeFiles/HIDE-Controller.dir/HIDE-Controller.c.obj
 .ARM.attributes
                0x0000007c       0x32 CMakeFiles/HIDE-Controller.dir/home/pi/pico/pico-sdk/src/rp2_common/hardware_gpio/gpio.c.obj
 .ARM.attributes
                0x000000ae       0x32 CMakeFiles/HIDE-Controller.dir/home/pi/pico/pico-sdk/src/rp2_common/hardware_claim/claim.c.obj
 .ARM.attributes
                0x000000e0       0x32 CMakeFiles/HIDE-Controller.dir/home/pi/pico/pico-sdk/src/rp2_common/hardware_sync/sync.c.obj
 .ARM.attributes
                0x00000112       0x32 CMakeFiles/HIDE-Controller.dir/home/pi/pico/pico-sdk/src/rp2_common/pico_platform/platform.c.obj
 .ARM.attributes
                0x00000144       0x32 CMakeFiles/HIDE-Controller.dir/home/pi/pico/pico-sdk/src/rp2_common/hardware_uart/uart.c.obj
 .ARM.attributes
                0x00000176       0x32 CMakeFiles/HIDE-Controller.dir/home/pi/pico/pico-sdk/src/common/pico_time/time.c.obj
 .ARM.attributes
                0x000001a8       0x32 CMakeFiles/HIDE-Controller.dir/home/pi/pico/pico-sdk/src/rp2_common/hardware_timer/timer.c.obj
 .ARM.attributes
                0x000001da       0x32 CMakeFiles/HIDE-Controller.dir/home/pi/pico/pico-sdk/src/common/pico_sync/lock_core.c.obj
 .ARM.attributes
                0x0000020c       0x32 CMakeFiles/HIDE-Controller.dir/home/pi/pico/pico-sdk/src/common/pico_sync/mutex.c.obj
 .ARM.attributes
                0x0000023e       0x32 CMakeFiles/HIDE-Controller.dir/home/pi/pico/pico-sdk/src/common/pico_util/pheap.c.obj
 .ARM.attributes
                0x00000270       0x32 CMakeFiles/HIDE-Controller.dir/home/pi/pico/pico-sdk/src/rp2_common/pico_runtime/runtime.c.obj
 .ARM.attributes
                0x000002a2       0x32 CMakeFiles/HIDE-Controller.dir/home/pi/pico/pico-sdk/src/rp2_common/hardware_clocks/clocks.c.obj
 .ARM.attributes
                0x000002d4       0x32 CMakeFiles/HIDE-Controller.dir/home/pi/pico/pico-sdk/src/rp2_common/hardware_watchdog/watchdog.c.obj
 .ARM.attributes
                0x00000306       0x32 CMakeFiles/HIDE-Controller.dir/home/pi/pico/pico-sdk/src/rp2_common/hardware_xosc/xosc.c.obj
 .ARM.attributes
                0x00000338       0x32 CMakeFiles/HIDE-Controller.dir/home/pi/pico/pico-sdk/src/rp2_common/hardware_pll/pll.c.obj
 .ARM.attributes
                0x0000036a       0x32 CMakeFiles/HIDE-Controller.dir/home/pi/pico/pico-sdk/src/rp2_common/hardware_irq/irq.c.obj
 .ARM.attributes
                0x0000039c       0x22 CMakeFiles/HIDE-Controller.dir/home/pi/pico/pico-sdk/src/rp2_common/hardware_irq/irq_handler_chain.S.obj
 .ARM.attributes
                0x000003be       0x32 CMakeFiles/HIDE-Controller.dir/home/pi/pico/pico-sdk/src/rp2_common/pico_printf/printf.c.obj
 .ARM.attributes
                0x000003f0       0x22 CMakeFiles/HIDE-Controller.dir/home/pi/pico/pico-sdk/src/rp2_common/pico_bit_ops/bit_ops_aeabi.S.obj
 .ARM.attributes
                0x00000412       0x32 CMakeFiles/HIDE-Controller.dir/home/pi/pico/pico-sdk/src/rp2_common/pico_bootrom/bootrom.c.obj
 .ARM.attributes
                0x00000444       0x22 CMakeFiles/HIDE-Controller.dir/home/pi/pico/pico-sdk/src/rp2_common/pico_divider/divider.S.obj
 .ARM.attributes
                0x00000466       0x22 CMakeFiles/HIDE-Controller.dir/home/pi/pico/pico-sdk/src/rp2_common/pico_double/double_aeabi.S.obj
 .ARM.attributes
                0x00000488       0x32 CMakeFiles/HIDE-Controller.dir/home/pi/pico/pico-sdk/src/rp2_common/pico_double/double_init_rom.c.obj
 .ARM.attributes
                0x000004ba       0x22 CMakeFiles/HIDE-Controller.dir/home/pi/pico/pico-sdk/src/rp2_common/pico_double/double_v1_rom_shim.S.obj
 .ARM.attributes
                0x000004dc       0x22 CMakeFiles/HIDE-Controller.dir/home/pi/pico/pico-sdk/src/rp2_common/pico_int64_ops/pico_int64_ops_aeabi.S.obj
 .ARM.attributes
                0x000004fe       0x22 CMakeFiles/HIDE-Controller.dir/home/pi/pico/pico-sdk/src/rp2_common/pico_float/float_aeabi.S.obj
 .ARM.attributes
                0x00000520       0x32 CMakeFiles/HIDE-Controller.dir/home/pi/pico/pico-sdk/src/rp2_common/pico_float/float_init_rom.c.obj
 .ARM.attributes
                0x00000552       0x22 CMakeFiles/HIDE-Controller.dir/home/pi/pico/pico-sdk/src/rp2_common/pico_float/float_v1_rom_shim.S.obj
 .ARM.attributes
                0x00000574       0x22 CMakeFiles/HIDE-Controller.dir/home/pi/pico/pico-sdk/src/rp2_common/pico_mem_ops/mem_ops_aeabi.S.obj
 .ARM.attributes
                0x00000596       0x22 CMakeFiles/HIDE-Controller.dir/home/pi/pico/pico-sdk/src/rp2_common/pico_standard_link/crt0.S.obj
 .ARM.attributes
                0x000005b8       0x32 CMakeFiles/HIDE-Controller.dir/home/pi/pico/pico-sdk/src/rp2_common/pico_standard_link/binary_info.c.obj
 .ARM.attributes
                0x000005ea       0x32 CMakeFiles/HIDE-Controller.dir/home/pi/pico/pico-sdk/src/rp2_common/pico_stdio/stdio.c.obj
 .ARM.attributes
                0x0000061c       0x32 CMakeFiles/HIDE-Controller.dir/home/pi/pico/pico-sdk/src/rp2_common/pico_stdio_uart/stdio_uart.c.obj
 .ARM.attributes
                0x0000064e       0x32 CMakeFiles/HIDE-Controller.dir/home/pi/pico/pico-sdk/src/rp2_common/hardware_adc/adc.c.obj
 .ARM.attributes
                0x00000680       0x22 /tmp/ccUgJC1y.o
 .ARM.attributes
                0x000006a2       0x1e /usr/lib/gcc/arm-none-eabi/7.3.1/thumb/v6-m/libgcc.a(_dvmd_tls.o)
 .ARM.attributes
                0x000006c0       0x2c /usr/lib/gcc/arm-none-eabi/7.3.1/../../../arm-none-eabi/lib/thumb/v6-m/libg.a(lib_a-strlen-stub.o)
 .ARM.attributes
                0x000006ec       0x2c /usr/lib/gcc/arm-none-eabi/7.3.1/thumb/v6-m/crtend.o

.comment        0x00000000       0xae
 .comment       0x00000000       0x57 /usr/lib/gcc/arm-none-eabi/7.3.1/thumb/v6-m/crtbegin.o
                                 0x58 (size before relaxing)
 .comment       0x00000057       0x58 CMakeFiles/HIDE-Controller.dir/HIDE-Controller.c.obj
 .comment       0x00000057       0x58 CMakeFiles/HIDE-Controller.dir/home/pi/pico/pico-sdk/src/rp2_common/hardware_gpio/gpio.c.obj
 .comment       0x00000057       0x58 CMakeFiles/HIDE-Controller.dir/home/pi/pico/pico-sdk/src/rp2_common/hardware_claim/claim.c.obj
 .comment       0x00000057       0x58 CMakeFiles/HIDE-Controller.dir/home/pi/pico/pico-sdk/src/rp2_common/hardware_sync/sync.c.obj
 .comment       0x00000057       0x58 CMakeFiles/HIDE-Controller.dir/home/pi/pico/pico-sdk/src/rp2_common/pico_platform/platform.c.obj
 .comment       0x00000057       0x58 CMakeFiles/HIDE-Controller.dir/home/pi/pico/pico-sdk/src/rp2_common/hardware_uart/uart.c.obj
 .comment       0x00000057       0x58 CMakeFiles/HIDE-Controller.dir/home/pi/pico/pico-sdk/src/common/pico_time/time.c.obj
 .comment       0x00000057       0x58 CMakeFiles/HIDE-Controller.dir/home/pi/pico/pico-sdk/src/rp2_common/hardware_timer/timer.c.obj
 .comment       0x00000057       0x58 CMakeFiles/HIDE-Controller.dir/home/pi/pico/pico-sdk/src/common/pico_sync/lock_core.c.obj
 .comment       0x00000057       0x58 CMakeFiles/HIDE-Controller.dir/home/pi/pico/pico-sdk/src/common/pico_sync/mutex.c.obj
 .comment       0x00000057       0x58 CMakeFiles/HIDE-Controller.dir/home/pi/pico/pico-sdk/src/common/pico_util/pheap.c.obj
 .comment       0x00000057       0x58 CMakeFiles/HIDE-Controller.dir/home/pi/pico/pico-sdk/src/rp2_common/pico_runtime/runtime.c.obj
 .comment       0x00000057       0x58 CMakeFiles/HIDE-Controller.dir/home/pi/pico/pico-sdk/src/rp2_common/hardware_clocks/clocks.c.obj
 .comment       0x00000057       0x58 CMakeFiles/HIDE-Controller.dir/home/pi/pico/pico-sdk/src/rp2_common/hardware_watchdog/watchdog.c.obj
 .comment       0x00000057       0x58 CMakeFiles/HIDE-Controller.dir/home/pi/pico/pico-sdk/src/rp2_common/hardware_xosc/xosc.c.obj
 .comment       0x00000057       0x58 CMakeFiles/HIDE-Controller.dir/home/pi/pico/pico-sdk/src/rp2_common/hardware_pll/pll.c.obj
 .comment       0x00000057       0x58 CMakeFiles/HIDE-Controller.dir/home/pi/pico/pico-sdk/src/rp2_common/hardware_irq/irq.c.obj
 .comment       0x00000057       0x58 CMakeFiles/HIDE-Controller.dir/home/pi/pico/pico-sdk/src/rp2_common/pico_printf/printf.c.obj
 .comment       0x00000057       0x58 CMakeFiles/HIDE-Controller.dir/home/pi/pico/pico-sdk/src/rp2_common/pico_bootrom/bootrom.c.obj
 .comment       0x00000057       0x58 CMakeFiles/HIDE-Controller.dir/home/pi/pico/pico-sdk/src/rp2_common/pico_double/double_init_rom.c.obj
 .comment       0x00000057       0x58 CMakeFiles/HIDE-Controller.dir/home/pi/pico/pico-sdk/src/rp2_common/pico_float/float_init_rom.c.obj
 .comment       0x00000057       0x58 CMakeFiles/HIDE-Controller.dir/home/pi/pico/pico-sdk/src/rp2_common/pico_standard_link/binary_info.c.obj
 .comment       0x00000057       0x58 CMakeFiles/HIDE-Controller.dir/home/pi/pico/pico-sdk/src/rp2_common/pico_stdio/stdio.c.obj
 .comment       0x00000057       0x58 CMakeFiles/HIDE-Controller.dir/home/pi/pico/pico-sdk/src/rp2_common/pico_stdio_uart/stdio_uart.c.obj
 .comment       0x00000057       0x58 CMakeFiles/HIDE-Controller.dir/home/pi/pico/pico-sdk/src/rp2_common/hardware_adc/adc.c.obj
 .comment       0x00000057       0x57 /usr/lib/gcc/arm-none-eabi/7.3.1/../../../arm-none-eabi/lib/thumb/v6-m/libg.a(lib_a-strlen-stub.o)
                                 0x58 (size before relaxing)
 .comment       0x000000ae       0x58 /usr/lib/gcc/arm-none-eabi/7.3.1/thumb/v6-m/crtend.o

.debug_info     0x00000000    0x14e2b
 .debug_info    0x00000000     0x1300 CMakeFiles/HIDE-Controller.dir/HIDE-Controller.c.obj
 .debug_info    0x00001300      0xef2 CMakeFiles/HIDE-Controller.dir/home/pi/pico/pico-sdk/src/rp2_common/hardware_gpio/gpio.c.obj
 .debug_info    0x000021f2      0x54e CMakeFiles/HIDE-Controller.dir/home/pi/pico/pico-sdk/src/rp2_common/hardware_claim/claim.c.obj
 .debug_info    0x00002740      0x423 CMakeFiles/HIDE-Controller.dir/home/pi/pico/pico-sdk/src/rp2_common/hardware_sync/sync.c.obj
 .debug_info    0x00002b63      0x1c6 CMakeFiles/HIDE-Controller.dir/home/pi/pico/pico-sdk/src/rp2_common/pico_platform/platform.c.obj
 .debug_info    0x00002d29      0xa10 CMakeFiles/HIDE-Controller.dir/home/pi/pico/pico-sdk/src/rp2_common/hardware_uart/uart.c.obj
 .debug_info    0x00003739     0x37dd CMakeFiles/HIDE-Controller.dir/home/pi/pico/pico-sdk/src/common/pico_time/time.c.obj
 .debug_info    0x00006f16      0xd91 CMakeFiles/HIDE-Controller.dir/home/pi/pico/pico-sdk/src/rp2_common/hardware_timer/timer.c.obj
 .debug_info    0x00007ca7      0x161 CMakeFiles/HIDE-Controller.dir/home/pi/pico/pico-sdk/src/common/pico_sync/lock_core.c.obj
 .debug_info    0x00007e08      0xb92 CMakeFiles/HIDE-Controller.dir/home/pi/pico/pico-sdk/src/common/pico_sync/mutex.c.obj
 .debug_info    0x0000899a     0x1842 CMakeFiles/HIDE-Controller.dir/home/pi/pico/pico-sdk/src/common/pico_util/pheap.c.obj
 .debug_info    0x0000a1dc     0x10ce CMakeFiles/HIDE-Controller.dir/home/pi/pico/pico-sdk/src/rp2_common/pico_runtime/runtime.c.obj
 .debug_info    0x0000b2aa      0xe4b CMakeFiles/HIDE-Controller.dir/home/pi/pico/pico-sdk/src/rp2_common/hardware_clocks/clocks.c.obj
 .debug_info    0x0000c0f5      0xc21 CMakeFiles/HIDE-Controller.dir/home/pi/pico/pico-sdk/src/rp2_common/hardware_watchdog/watchdog.c.obj
 .debug_info    0x0000cd16      0x1ed CMakeFiles/HIDE-Controller.dir/home/pi/pico/pico-sdk/src/rp2_common/hardware_xosc/xosc.c.obj
 .debug_info    0x0000cf03      0x33b CMakeFiles/HIDE-Controller.dir/home/pi/pico/pico-sdk/src/rp2_common/hardware_pll/pll.c.obj
 .debug_info    0x0000d23e     0x154d CMakeFiles/HIDE-Controller.dir/home/pi/pico/pico-sdk/src/rp2_common/hardware_irq/irq.c.obj
 .debug_info    0x0000e78b       0x26 CMakeFiles/HIDE-Controller.dir/home/pi/pico/pico-sdk/src/rp2_common/hardware_irq/irq_handler_chain.S.obj
 .debug_info    0x0000e7b1     0x1d4b CMakeFiles/HIDE-Controller.dir/home/pi/pico/pico-sdk/src/rp2_common/pico_printf/printf.c.obj
 .debug_info    0x000104fc       0x22 CMakeFiles/HIDE-Controller.dir/home/pi/pico/pico-sdk/src/rp2_common/pico_bit_ops/bit_ops_aeabi.S.obj
 .debug_info    0x0001051e      0x1f5 CMakeFiles/HIDE-Controller.dir/home/pi/pico/pico-sdk/src/rp2_common/pico_bootrom/bootrom.c.obj
 .debug_info    0x00010713       0x22 CMakeFiles/HIDE-Controller.dir/home/pi/pico/pico-sdk/src/rp2_common/pico_divider/divider.S.obj
 .debug_info    0x00010735       0x22 CMakeFiles/HIDE-Controller.dir/home/pi/pico/pico-sdk/src/rp2_common/pico_double/double_aeabi.S.obj
 .debug_info    0x00010757      0xa8a CMakeFiles/HIDE-Controller.dir/home/pi/pico/pico-sdk/src/rp2_common/pico_double/double_init_rom.c.obj
 .debug_info    0x000111e1       0x22 CMakeFiles/HIDE-Controller.dir/home/pi/pico/pico-sdk/src/rp2_common/pico_double/double_v1_rom_shim.S.obj
 .debug_info    0x00011203       0x26 CMakeFiles/HIDE-Controller.dir/home/pi/pico/pico-sdk/src/rp2_common/pico_int64_ops/pico_int64_ops_aeabi.S.obj
 .debug_info    0x00011229       0x22 CMakeFiles/HIDE-Controller.dir/home/pi/pico/pico-sdk/src/rp2_common/pico_float/float_aeabi.S.obj
 .debug_info    0x0001124b      0xacc CMakeFiles/HIDE-Controller.dir/home/pi/pico/pico-sdk/src/rp2_common/pico_float/float_init_rom.c.obj
 .debug_info    0x00011d17       0x22 CMakeFiles/HIDE-Controller.dir/home/pi/pico/pico-sdk/src/rp2_common/pico_float/float_v1_rom_shim.S.obj
 .debug_info    0x00011d39       0x22 CMakeFiles/HIDE-Controller.dir/home/pi/pico/pico-sdk/src/rp2_common/pico_mem_ops/mem_ops_aeabi.S.obj
 .debug_info    0x00011d5b       0x22 CMakeFiles/HIDE-Controller.dir/home/pi/pico/pico-sdk/src/rp2_common/pico_standard_link/crt0.S.obj
 .debug_info    0x00011d7d      0x2fa CMakeFiles/HIDE-Controller.dir/home/pi/pico/pico-sdk/src/rp2_common/pico_standard_link/binary_info.c.obj
 .debug_info    0x00012077     0x1722 CMakeFiles/HIDE-Controller.dir/home/pi/pico/pico-sdk/src/rp2_common/pico_stdio/stdio.c.obj
 .debug_info    0x00013799      0xb13 CMakeFiles/HIDE-Controller.dir/home/pi/pico/pico-sdk/src/rp2_common/pico_stdio_uart/stdio_uart.c.obj
 .debug_info    0x000142ac      0x277 CMakeFiles/HIDE-Controller.dir/home/pi/pico/pico-sdk/src/rp2_common/hardware_adc/adc.c.obj
 .debug_info    0x00014523       0x26 /usr/lib/gcc/arm-none-eabi/7.3.1/thumb/v6-m/libgcc.a(_dvmd_tls.o)
 .debug_info    0x00014549      0x8e2 /usr/lib/gcc/arm-none-eabi/7.3.1/../../../arm-none-eabi/lib/thumb/v6-m/libg.a(lib_a-strlen-stub.o)

.debug_abbrev   0x00000000     0x42df
 .debug_abbrev  0x00000000      0x390 CMakeFiles/HIDE-Controller.dir/HIDE-Controller.c.obj
 .debug_abbrev  0x00000390      0x2b0 CMakeFiles/HIDE-Controller.dir/home/pi/pico/pico-sdk/src/rp2_common/hardware_gpio/gpio.c.obj
 .debug_abbrev  0x00000640      0x200 CMakeFiles/HIDE-Controller.dir/home/pi/pico/pico-sdk/src/rp2_common/hardware_claim/claim.c.obj
 .debug_abbrev  0x00000840      0x1b6 CMakeFiles/HIDE-Controller.dir/home/pi/pico/pico-sdk/src/rp2_common/hardware_sync/sync.c.obj
 .debug_abbrev  0x000009f6       0xde CMakeFiles/HIDE-Controller.dir/home/pi/pico/pico-sdk/src/rp2_common/pico_platform/platform.c.obj
 .debug_abbrev  0x00000ad4      0x29c CMakeFiles/HIDE-Controller.dir/home/pi/pico/pico-sdk/src/rp2_common/hardware_uart/uart.c.obj
 .debug_abbrev  0x00000d70      0x573 CMakeFiles/HIDE-Controller.dir/home/pi/pico/pico-sdk/src/common/pico_time/time.c.obj
 .debug_abbrev  0x000012e3      0x2c6 CMakeFiles/HIDE-Controller.dir/home/pi/pico/pico-sdk/src/rp2_common/hardware_timer/timer.c.obj
 .debug_abbrev  0x000015a9       0xf7 CMakeFiles/HIDE-Controller.dir/home/pi/pico/pico-sdk/src/common/pico_sync/lock_core.c.obj
 .debug_abbrev  0x000016a0      0x2d9 CMakeFiles/HIDE-Controller.dir/home/pi/pico/pico-sdk/src/common/pico_sync/mutex.c.obj
 .debug_abbrev  0x00001979      0x376 CMakeFiles/HIDE-Controller.dir/home/pi/pico/pico-sdk/src/common/pico_util/pheap.c.obj
 .debug_abbrev  0x00001cef      0x3ac CMakeFiles/HIDE-Controller.dir/home/pi/pico/pico-sdk/src/rp2_common/pico_runtime/runtime.c.obj
 .debug_abbrev  0x0000209b      0x339 CMakeFiles/HIDE-Controller.dir/home/pi/pico/pico-sdk/src/rp2_common/hardware_clocks/clocks.c.obj
 .debug_abbrev  0x000023d4      0x27f CMakeFiles/HIDE-Controller.dir/home/pi/pico/pico-sdk/src/rp2_common/hardware_watchdog/watchdog.c.obj
 .debug_abbrev  0x00002653      0x10d CMakeFiles/HIDE-Controller.dir/home/pi/pico/pico-sdk/src/rp2_common/hardware_xosc/xosc.c.obj
 .debug_abbrev  0x00002760      0x1a0 CMakeFiles/HIDE-Controller.dir/home/pi/pico/pico-sdk/src/rp2_common/hardware_pll/pll.c.obj
 .debug_abbrev  0x00002900      0x3c9 CMakeFiles/HIDE-Controller.dir/home/pi/pico/pico-sdk/src/rp2_common/hardware_irq/irq.c.obj
 .debug_abbrev  0x00002cc9       0x14 CMakeFiles/HIDE-Controller.dir/home/pi/pico/pico-sdk/src/rp2_common/hardware_irq/irq_handler_chain.S.obj
 .debug_abbrev  0x00002cdd      0x402 CMakeFiles/HIDE-Controller.dir/home/pi/pico/pico-sdk/src/rp2_common/pico_printf/printf.c.obj
 .debug_abbrev  0x000030df       0x12 CMakeFiles/HIDE-Controller.dir/home/pi/pico/pico-sdk/src/rp2_common/pico_bit_ops/bit_ops_aeabi.S.obj
 .debug_abbrev  0x000030f1       0xe3 CMakeFiles/HIDE-Controller.dir/home/pi/pico/pico-sdk/src/rp2_common/pico_bootrom/bootrom.c.obj
 .debug_abbrev  0x000031d4       0x12 CMakeFiles/HIDE-Controller.dir/home/pi/pico/pico-sdk/src/rp2_common/pico_divider/divider.S.obj
 .debug_abbrev  0x000031e6       0x12 CMakeFiles/HIDE-Controller.dir/home/pi/pico/pico-sdk/src/rp2_common/pico_double/double_aeabi.S.obj
 .debug_abbrev  0x000031f8      0x267 CMakeFiles/HIDE-Controller.dir/home/pi/pico/pico-sdk/src/rp2_common/pico_double/double_init_rom.c.obj
 .debug_abbrev  0x0000345f       0x12 CMakeFiles/HIDE-Controller.dir/home/pi/pico/pico-sdk/src/rp2_common/pico_double/double_v1_rom_shim.S.obj
 .debug_abbrev  0x00003471       0x14 CMakeFiles/HIDE-Controller.dir/home/pi/pico/pico-sdk/src/rp2_common/pico_int64_ops/pico_int64_ops_aeabi.S.obj
 .debug_abbrev  0x00003485       0x12 CMakeFiles/HIDE-Controller.dir/home/pi/pico/pico-sdk/src/rp2_common/pico_float/float_aeabi.S.obj
 .debug_abbrev  0x00003497      0x281 CMakeFiles/HIDE-Controller.dir/home/pi/pico/pico-sdk/src/rp2_common/pico_float/float_init_rom.c.obj
 .debug_abbrev  0x00003718       0x12 CMakeFiles/HIDE-Controller.dir/home/pi/pico/pico-sdk/src/rp2_common/pico_float/float_v1_rom_shim.S.obj
 .debug_abbrev  0x0000372a       0x12 CMakeFiles/HIDE-Controller.dir/home/pi/pico/pico-sdk/src/rp2_common/pico_mem_ops/mem_ops_aeabi.S.obj
 .debug_abbrev  0x0000373c       0x12 CMakeFiles/HIDE-Controller.dir/home/pi/pico/pico-sdk/src/rp2_common/pico_standard_link/crt0.S.obj
 .debug_abbrev  0x0000374e       0x9f CMakeFiles/HIDE-Controller.dir/home/pi/pico/pico-sdk/src/rp2_common/pico_standard_link/binary_info.c.obj
 .debug_abbrev  0x000037ed      0x4c5 CMakeFiles/HIDE-Controller.dir/home/pi/pico/pico-sdk/src/rp2_common/pico_stdio/stdio.c.obj
 .debug_abbrev  0x00003cb2      0x36d CMakeFiles/HIDE-Controller.dir/home/pi/pico/pico-sdk/src/rp2_common/pico_stdio_uart/stdio_uart.c.obj
 .debug_abbrev  0x0000401f       0xf4 CMakeFiles/HIDE-Controller.dir/home/pi/pico/pico-sdk/src/rp2_common/hardware_adc/adc.c.obj
 .debug_abbrev  0x00004113       0x14 /usr/lib/gcc/arm-none-eabi/7.3.1/thumb/v6-m/libgcc.a(_dvmd_tls.o)
 .debug_abbrev  0x00004127      0x1b8 /usr/lib/gcc/arm-none-eabi/7.3.1/../../../arm-none-eabi/lib/thumb/v6-m/libg.a(lib_a-strlen-stub.o)

.debug_loc      0x00000000     0x9802
 .debug_loc     0x00000000      0x28e CMakeFiles/HIDE-Controller.dir/HIDE-Controller.c.obj
 .debug_loc     0x0000028e      0x9b2 CMakeFiles/HIDE-Controller.dir/home/pi/pico/pico-sdk/src/rp2_common/hardware_gpio/gpio.c.obj
 .debug_loc     0x00000c40      0x34f CMakeFiles/HIDE-Controller.dir/home/pi/pico/pico-sdk/src/rp2_common/hardware_claim/claim.c.obj
 .debug_loc     0x00000f8f      0x157 CMakeFiles/HIDE-Controller.dir/home/pi/pico/pico-sdk/src/rp2_common/hardware_sync/sync.c.obj
 .debug_loc     0x000010e6       0xcf CMakeFiles/HIDE-Controller.dir/home/pi/pico/pico-sdk/src/rp2_common/pico_platform/platform.c.obj
 .debug_loc     0x000011b5      0x429 CMakeFiles/HIDE-Controller.dir/home/pi/pico/pico-sdk/src/rp2_common/hardware_uart/uart.c.obj
 .debug_loc     0x000015de     0x22a7 CMakeFiles/HIDE-Controller.dir/home/pi/pico/pico-sdk/src/common/pico_time/time.c.obj
 .debug_loc     0x00003885      0x537 CMakeFiles/HIDE-Controller.dir/home/pi/pico/pico-sdk/src/rp2_common/hardware_timer/timer.c.obj
 .debug_loc     0x00003dbc       0x56 CMakeFiles/HIDE-Controller.dir/home/pi/pico/pico-sdk/src/common/pico_sync/lock_core.c.obj
 .debug_loc     0x00003e12      0x57d CMakeFiles/HIDE-Controller.dir/home/pi/pico/pico-sdk/src/common/pico_sync/mutex.c.obj
 .debug_loc     0x0000438f      0xfd7 CMakeFiles/HIDE-Controller.dir/home/pi/pico/pico-sdk/src/common/pico_util/pheap.c.obj
 .debug_loc     0x00005366      0x2bb CMakeFiles/HIDE-Controller.dir/home/pi/pico/pico-sdk/src/rp2_common/pico_runtime/runtime.c.obj
 .debug_loc     0x00005621      0x700 CMakeFiles/HIDE-Controller.dir/home/pi/pico/pico-sdk/src/rp2_common/hardware_clocks/clocks.c.obj
 .debug_loc     0x00005d21      0x221 CMakeFiles/HIDE-Controller.dir/home/pi/pico/pico-sdk/src/rp2_common/hardware_watchdog/watchdog.c.obj
 .debug_loc     0x00005f42       0x35 CMakeFiles/HIDE-Controller.dir/home/pi/pico/pico-sdk/src/rp2_common/hardware_xosc/xosc.c.obj
 .debug_loc     0x00005f77      0x1da CMakeFiles/HIDE-Controller.dir/home/pi/pico/pico-sdk/src/rp2_common/hardware_pll/pll.c.obj
 .debug_loc     0x00006151      0xba7 CMakeFiles/HIDE-Controller.dir/home/pi/pico/pico-sdk/src/rp2_common/hardware_irq/irq.c.obj
 .debug_loc     0x00006cf8     0x1b4a CMakeFiles/HIDE-Controller.dir/home/pi/pico/pico-sdk/src/rp2_common/pico_printf/printf.c.obj
 .debug_loc     0x00008842      0x145 CMakeFiles/HIDE-Controller.dir/home/pi/pico/pico-sdk/src/rp2_common/pico_bootrom/bootrom.c.obj
 .debug_loc     0x00008987       0x4f CMakeFiles/HIDE-Controller.dir/home/pi/pico/pico-sdk/src/rp2_common/pico_double/double_init_rom.c.obj
 .debug_loc     0x000089d6       0x65 CMakeFiles/HIDE-Controller.dir/home/pi/pico/pico-sdk/src/rp2_common/pico_float/float_init_rom.c.obj
 .debug_loc     0x00008a3b      0x8af CMakeFiles/HIDE-Controller.dir/home/pi/pico/pico-sdk/src/rp2_common/pico_stdio/stdio.c.obj
 .debug_loc     0x000092ea      0x444 CMakeFiles/HIDE-Controller.dir/home/pi/pico/pico-sdk/src/rp2_common/pico_stdio_uart/stdio_uart.c.obj
 .debug_loc     0x0000972e       0x40 CMakeFiles/HIDE-Controller.dir/home/pi/pico/pico-sdk/src/rp2_common/hardware_adc/adc.c.obj
 .debug_loc     0x0000976e       0x94 /usr/lib/gcc/arm-none-eabi/7.3.1/../../../arm-none-eabi/lib/thumb/v6-m/libg.a(lib_a-strlen-stub.o)

.debug_aranges  0x00000000      0xd38
 .debug_aranges
                0x00000000       0x30 CMakeFiles/HIDE-Controller.dir/HIDE-Controller.c.obj
 .debug_aranges
                0x00000030       0xa0 CMakeFiles/HIDE-Controller.dir/home/pi/pico/pico-sdk/src/rp2_common/hardware_gpio/gpio.c.obj
 .debug_aranges
                0x000000d0       0x48 CMakeFiles/HIDE-Controller.dir/home/pi/pico/pico-sdk/src/rp2_common/hardware_claim/claim.c.obj
 .debug_aranges
                0x00000118       0x50 CMakeFiles/HIDE-Controller.dir/home/pi/pico/pico-sdk/src/rp2_common/hardware_sync/sync.c.obj
 .debug_aranges
                0x00000168       0x28 CMakeFiles/HIDE-Controller.dir/home/pi/pico/pico-sdk/src/rp2_common/pico_platform/platform.c.obj
 .debug_aranges
                0x00000190       0x40 CMakeFiles/HIDE-Controller.dir/home/pi/pico/pico-sdk/src/rp2_common/hardware_uart/uart.c.obj
 .debug_aranges
                0x000001d0       0xd0 CMakeFiles/HIDE-Controller.dir/home/pi/pico/pico-sdk/src/common/pico_time/time.c.obj
 .debug_aranges
                0x000002a0       0x68 CMakeFiles/HIDE-Controller.dir/home/pi/pico/pico-sdk/src/rp2_common/hardware_timer/timer.c.obj
 .debug_aranges
                0x00000308       0x20 CMakeFiles/HIDE-Controller.dir/home/pi/pico/pico-sdk/src/common/pico_sync/lock_core.c.obj
 .debug_aranges
                0x00000328       0x48 CMakeFiles/HIDE-Controller.dir/home/pi/pico/pico-sdk/src/common/pico_sync/mutex.c.obj
 .debug_aranges
                0x00000370       0x78 CMakeFiles/HIDE-Controller.dir/home/pi/pico/pico-sdk/src/common/pico_util/pheap.c.obj
 .debug_aranges
                0x000003e8       0x60 CMakeFiles/HIDE-Controller.dir/home/pi/pico/pico-sdk/src/rp2_common/pico_runtime/runtime.c.obj
 .debug_aranges
                0x00000448       0x70 CMakeFiles/HIDE-Controller.dir/home/pi/pico/pico-sdk/src/rp2_common/hardware_clocks/clocks.c.obj
 .debug_aranges
                0x000004b8       0x50 CMakeFiles/HIDE-Controller.dir/home/pi/pico/pico-sdk/src/rp2_common/hardware_watchdog/watchdog.c.obj
 .debug_aranges
                0x00000508       0x30 CMakeFiles/HIDE-Controller.dir/home/pi/pico/pico-sdk/src/rp2_common/hardware_xosc/xosc.c.obj
 .debug_aranges
                0x00000538       0x28 CMakeFiles/HIDE-Controller.dir/home/pi/pico/pico-sdk/src/rp2_common/hardware_pll/pll.c.obj
 .debug_aranges
                0x00000560       0x90 CMakeFiles/HIDE-Controller.dir/home/pi/pico/pico-sdk/src/rp2_common/hardware_irq/irq.c.obj
 .debug_aranges
                0x000005f0       0x20 CMakeFiles/HIDE-Controller.dir/home/pi/pico/pico-sdk/src/rp2_common/hardware_irq/irq_handler_chain.S.obj
 .debug_aranges
                0x00000610       0x90 CMakeFiles/HIDE-Controller.dir/home/pi/pico/pico-sdk/src/rp2_common/pico_printf/printf.c.obj
 .debug_aranges
                0x000006a0       0x68 CMakeFiles/HIDE-Controller.dir/home/pi/pico/pico-sdk/src/rp2_common/pico_bit_ops/bit_ops_aeabi.S.obj
 .debug_aranges
                0x00000708       0x30 CMakeFiles/HIDE-Controller.dir/home/pi/pico/pico-sdk/src/rp2_common/pico_bootrom/bootrom.c.obj
 .debug_aranges
                0x00000738       0x40 CMakeFiles/HIDE-Controller.dir/home/pi/pico/pico-sdk/src/rp2_common/pico_divider/divider.S.obj
 .debug_aranges
                0x00000778      0x140 CMakeFiles/HIDE-Controller.dir/home/pi/pico/pico-sdk/src/rp2_common/pico_double/double_aeabi.S.obj
 .debug_aranges
                0x000008b8       0x20 CMakeFiles/HIDE-Controller.dir/home/pi/pico/pico-sdk/src/rp2_common/pico_double/double_init_rom.c.obj
 .debug_aranges
                0x000008d8       0xc8 CMakeFiles/HIDE-Controller.dir/home/pi/pico/pico-sdk/src/rp2_common/pico_double/double_v1_rom_shim.S.obj
 .debug_aranges
                0x000009a0       0x20 CMakeFiles/HIDE-Controller.dir/home/pi/pico/pico-sdk/src/rp2_common/pico_int64_ops/pico_int64_ops_aeabi.S.obj
 .debug_aranges
                0x000009c0      0x130 CMakeFiles/HIDE-Controller.dir/home/pi/pico/pico-sdk/src/rp2_common/pico_float/float_aeabi.S.obj
 .debug_aranges
                0x00000af0       0x20 CMakeFiles/HIDE-Controller.dir/home/pi/pico/pico-sdk/src/rp2_common/pico_float/float_init_rom.c.obj
 .debug_aranges
                0x00000b10       0x50 CMakeFiles/HIDE-Controller.dir/home/pi/pico/pico-sdk/src/rp2_common/pico_float/float_v1_rom_shim.S.obj
 .debug_aranges
                0x00000b60       0x38 CMakeFiles/HIDE-Controller.dir/home/pi/pico/pico-sdk/src/rp2_common/pico_mem_ops/mem_ops_aeabi.S.obj
 .debug_aranges
                0x00000b98       0x28 CMakeFiles/HIDE-Controller.dir/home/pi/pico/pico-sdk/src/rp2_common/pico_standard_link/crt0.S.obj
 .debug_aranges
                0x00000bc0       0x18 CMakeFiles/HIDE-Controller.dir/home/pi/pico/pico-sdk/src/rp2_common/pico_standard_link/binary_info.c.obj
 .debug_aranges
                0x00000bd8       0xb8 CMakeFiles/HIDE-Controller.dir/home/pi/pico/pico-sdk/src/rp2_common/pico_stdio/stdio.c.obj
 .debug_aranges
                0x00000c90       0x48 CMakeFiles/HIDE-Controller.dir/home/pi/pico/pico-sdk/src/rp2_common/pico_stdio_uart/stdio_uart.c.obj
 .debug_aranges
                0x00000cd8       0x20 CMakeFiles/HIDE-Controller.dir/home/pi/pico/pico-sdk/src/rp2_common/hardware_adc/adc.c.obj
 .debug_aranges
                0x00000cf8       0x20 /usr/lib/gcc/arm-none-eabi/7.3.1/thumb/v6-m/libgcc.a(_dvmd_tls.o)
 .debug_aranges
                0x00000d18       0x20 /usr/lib/gcc/arm-none-eabi/7.3.1/../../../arm-none-eabi/lib/thumb/v6-m/libg.a(lib_a-strlen-stub.o)

.debug_ranges   0x00000000     0x1660
 .debug_ranges  0x00000000       0x20 CMakeFiles/HIDE-Controller.dir/HIDE-Controller.c.obj
 .debug_ranges  0x00000020       0xa8 CMakeFiles/HIDE-Controller.dir/home/pi/pico/pico-sdk/src/rp2_common/hardware_gpio/gpio.c.obj
 .debug_ranges  0x000000c8       0x38 CMakeFiles/HIDE-Controller.dir/home/pi/pico/pico-sdk/src/rp2_common/hardware_claim/claim.c.obj
 .debug_ranges  0x00000100       0x40 CMakeFiles/HIDE-Controller.dir/home/pi/pico/pico-sdk/src/rp2_common/hardware_sync/sync.c.obj