Archive member included to satisfy reference by file (symbol)

/usr/lib/gcc/arm-none-eabi/7.3.1/thumb/v6-m/libgcc.a(_dvmd_tls.o)
                              CMakeFiles/HIDE-Controller.dir/home/pi/pico/pico-sdk/src/rp2_common/pico_divider/divider.S.obj (__aeabi_idiv0)
/usr/lib/gcc/arm-none-eabi/7.3.1/../../../arm-none-eabi/lib/thumb/v6-m/libg.a(lib_a-atexit.o)
                              /usr/lib/gcc/arm-none-eabi/7.3.1/../../../arm-none-eabi/lib/thumb/v6-m/crt0.o (atexit)
/usr/lib/gcc/arm-none-eabi/7.3.1/../../../arm-none-eabi/lib/thumb/v6-m/libg.a(lib_a-calloc.o)
                              CMakeFiles/HIDE-Controller.dir/home/pi/pico/pico-sdk/src/rp2_common/pico_malloc/pico_malloc.c.obj (calloc)
/usr/lib/gcc/arm-none-eabi/7.3.1/../../../arm-none-eabi/lib/thumb/v6-m/libg.a(lib_a-callocr.o)
                              /usr/lib/gcc/arm-none-eabi/7.3.1/../../../arm-none-eabi/lib/thumb/v6-m/libg.a(lib_a-calloc.o) (_calloc_r)
/usr/lib/gcc/arm-none-eabi/7.3.1/../../../arm-none-eabi/lib/thumb/v6-m/libg.a(lib_a-ctype_.o)
                              CMakeFiles/HIDE-Controller.dir/home/pi/pico/pico-sdk/lib/tinyusb/src/tusb.c.obj (_ctype_)
/usr/lib/gcc/arm-none-eabi/7.3.1/../../../arm-none-eabi/lib/thumb/v6-m/libg.a(lib_a-fini.o)
                              /usr/lib/gcc/arm-none-eabi/7.3.1/../../../arm-none-eabi/lib/thumb/v6-m/crt0.o (__libc_fini_array)
/usr/lib/gcc/arm-none-eabi/7.3.1/../../../arm-none-eabi/lib/thumb/v6-m/libg.a(lib_a-impure.o)
                              /usr/lib/gcc/arm-none-eabi/7.3.1/../../../arm-none-eabi/lib/thumb/v6-m/libg.a(lib_a-calloc.o) (_impure_ptr)
/usr/lib/gcc/arm-none-eabi/7.3.1/../../../arm-none-eabi/lib/thumb/v6-m/libg.a(lib_a-init.o)
                              /usr/lib/gcc/arm-none-eabi/7.3.1/../../../arm-none-eabi/lib/thumb/v6-m/crt0.o (__libc_init_array)
/usr/lib/gcc/arm-none-eabi/7.3.1/../../../arm-none-eabi/lib/thumb/v6-m/libg.a(lib_a-malloc.o)
                              CMakeFiles/HIDE-Controller.dir/home/pi/pico/pico-sdk/src/rp2_common/pico_malloc/pico_malloc.c.obj (malloc)
/usr/lib/gcc/arm-none-eabi/7.3.1/../../../arm-none-eabi/lib/thumb/v6-m/libg.a(lib_a-mallocr.o)
                              /usr/lib/gcc/arm-none-eabi/7.3.1/../../../arm-none-eabi/lib/thumb/v6-m/libg.a(lib_a-callocr.o) (_malloc_r)
/usr/lib/gcc/arm-none-eabi/7.3.1/../../../arm-none-eabi/lib/thumb/v6-m/libg.a(lib_a-mlock.o)
                              /usr/lib/gcc/arm-none-eabi/7.3.1/../../../arm-none-eabi/lib/thumb/v6-m/libg.a(lib_a-mallocr.o) (__malloc_lock)
/usr/lib/gcc/arm-none-eabi/7.3.1/../../../arm-none-eabi/lib/thumb/v6-m/libg.a(lib_a-sbrkr.o)
                              /usr/lib/gcc/arm-none-eabi/7.3.1/../../../arm-none-eabi/lib/thumb/v6-m/libg.a(lib_a-mallocr.o) (_sbrk_r)
/usr/lib/gcc/arm-none-eabi/7.3.1/../../../arm-none-eabi/lib/thumb/v6-m/libg.a(lib_a-strlen-stub.o)
                              CMakeFiles/HIDE-Controller.dir/src/usb_descriptors.c.obj (strlen)
/usr/lib/gcc/arm-none-eabi/7.3.1/../../../arm-none-eabi/lib/thumb/v6-m/libg.a(lib_a-__atexit.o)
                              /usr/lib/gcc/arm-none-eabi/7.3.1/../../../arm-none-eabi/lib/thumb/v6-m/libg.a(lib_a-atexit.o) (__register_exitproc)
/usr/lib/gcc/arm-none-eabi/7.3.1/../../../arm-none-eabi/lib/thumb/v6-m/libg.a(lib_a-freer.o)
                              /usr/lib/gcc/arm-none-eabi/7.3.1/../../../arm-none-eabi/lib/thumb/v6-m/libg.a(lib_a-malloc.o) (_free_r)
/usr/lib/gcc/arm-none-eabi/7.3.1/../../../arm-none-eabi/lib/thumb/v6-m/libg.a(lib_a-reent.o)
                              /usr/lib/gcc/arm-none-eabi/7.3.1/../../../arm-none-eabi/lib/thumb/v6-m/libg.a(lib_a-sbrkr.o) (errno)

Allocating common symbols
Common symbol       size              file

sf_table            0x100             CMakeFiles/HIDE-Controller.dir/home/pi/pico/pico-sdk/src/rp2_common/pico_float/float_init_rom.c.obj
errno               0x4               /usr/lib/gcc/arm-none-eabi/7.3.1/../../../arm-none-eabi/lib/thumb/v6-m/libg.a(lib_a-reent.o)
_usbd_qdef_buf      0xc0              CMakeFiles/HIDE-Controller.dir/home/pi/pico/pico-sdk/lib/tinyusb/src/device/usbd.c.obj
sf_clz_func         0x4               CMakeFiles/HIDE-Controller.dir/home/pi/pico/pico-sdk/src/rp2_common/pico_float/float_init_rom.c.obj
sd_table            0x100             CMakeFiles/HIDE-Controller.dir/home/pi/pico/pico-sdk/src/rp2_common/pico_double/double_init_rom.c.obj
uart_char_to_line_feed
                    0x4               CMakeFiles/HIDE-Controller.dir/home/pi/pico/pico-sdk/src/rp2_common/hardware_uart/uart.c.obj

Discarded input sections

 .text          0x00000000        0x0 /usr/lib/gcc/arm-none-eabi/7.3.1/thumb/v6-m/crti.o
 .data          0x00000000        0x0 /usr/lib/gcc/arm-none-eabi/7.3.1/thumb/v6-m/crti.o
 .bss           0x00000000        0x0 /usr/lib/gcc/arm-none-eabi/7.3.1/thumb/v6-m/crti.o
 .data          0x00000000        0x4 /usr/lib/gcc/arm-none-eabi/7.3.1/thumb/v6-m/crtbegin.o
[...]
Memory Configuration

Name             Origin             Length             Attributes
FLASH            0x10000000         0x00200000         xr
RAM              0x20000000         0x00040000         xrw
SCRATCH_X        0x20040000         0x00001000         xrw
SCRATCH_Y        0x20041000         0x00001000         xrw
*default*        0x00000000         0xffffffff

Linker script and memory map

LOAD /usr/lib/gcc/arm-none-eabi/7.3.1/thumb/v6-m/crti.o
LOAD /usr/lib/gcc/arm-none-eabi/7.3.1/thumb/v6-m/crtbegin.o
LOAD /usr/lib/gcc/arm-none-eabi/7.3.1/../../../arm-none-eabi/lib/thumb/v6-m/crt0.o

.flash_begin    0x10000000        0x0
                0x10000000                __flash_binary_start = .

.boot2          0x10000000      0x100
                0x10000000                __boot2_start__ = .
 *(.boot2)
 .boot2         0x10000000      0x100 /tmp/cckkRWYS.o
                0x10000100                __boot2_end__ = .
                0x00000001                ASSERT (((__boot2_end__ - __boot2_start__) == 0x100), ERROR: Pico second stage bootloader must be 256 bytes in size)

.text           0x10000100     0x59e8
                0x10000100                __logical_binary_start = .
 *(.vectors)
 .vectors       0x10000100       0xd4 CMakeFiles/HIDE-Controller.dir/home/pi/pico/pico-sdk/src/rp2_common/pico_standard_link/crt0.S.obj
                0x10000100                __vectors
                0x10000100                __VECTOR_TABLE
                0x100001c0                isr_invalid
                0x100001c0                __default_isrs_start
                0x100001c2                isr_nmi
                0x100001c4                isr_hardfault
                0x100001c6                isr_svcall
                0x100001c8                isr_pendsv
                0x100001ca                isr_systick
                0x100001cc                isr_irq30
                0x100001cc                __unhandled_user_irq
                0x100001cc                isr_irq13
                0x100001cc                isr_irq27
                0x100001cc                isr_irq31
                0x100001cc                isr_irq5
                0x100001cc                isr_irq11
                0x100001cc                isr_irq23
                0x100001cc                isr_irq18
                0x100001cc                isr_irq28
                0x100001cc                isr_irq19
                0x100001cc                isr_irq0
                0x100001cc                isr_irq6
                0x100001cc                isr_irq22
                0x100001cc                isr_irq17
                0x100001cc                isr_irq14
                0x100001cc                isr_irq2
                0x100001cc                isr_irq10
                0x100001cc                isr_irq8
                0x100001cc                isr_irq24
                0x100001cc                isr_irq1
                0x100001cc                isr_irq7
                0x100001cc                isr_irq21
                0x100001cc                isr_irq20
                0x100001cc                isr_irq15
                0x100001cc                isr_irq25
                0x100001cc                isr_irq4
                0x100001cc                isr_irq16
                0x100001cc                isr_irq29
                0x100001cc                isr_irq26
                0x100001cc                __default_isrs_end
                0x100001cc                isr_irq3
                0x100001cc                isr_irq12
                0x100001cc                isr_irq9
                0x100001d2                unhandled_user_irq_num_in_r0
 *(.binary_info_header)
 .binary_info_header
                0x100001d4       0x14 CMakeFiles/HIDE-Controller.dir/home/pi/pico/pico-sdk/src/rp2_common/pico_standard_link/crt0.S.obj
                0x100001e8                __binary_info_header_end = .
 *(.reset)
 .reset         0x100001e8       0xa8 CMakeFiles/HIDE-Controller.dir/home/pi/pico/pico-sdk/src/rp2_common/pico_standard_link/crt0.S.obj
                0x100001e8                _entry_point
                0x10000266                __get_current_exception
 .reset         0x10000290       0x30 CMakeFiles/HIDE-Controller.dir/home/pi/pico/pico-sdk/src/rp2_common/pico_standard_link/binary_info.c.obj
 *(.init)
 .init          0x100002c0        0x4 /usr/lib/gcc/arm-none-eabi/7.3.1/thumb/v6-m/crti.o
                0x100002c0                _init
 *(EXCLUDE_FILE(*libm.a: *libc.a:*lib_a-mem*.o *libgcc.a:) .text*)
 .text          0x100002c4       0x98 /usr/lib/gcc/arm-none-eabi/7.3.1/thumb/v6-m/crtbegin.o
 .text.adc_gpio_init
                0x1000035c       0x1e CMakeFiles/HIDE-Controller.dir/src/HIDE-Controller.cpp.obj
 *fill*         0x1000037a        0x2 
 .text._Z11getSideName9InputSide
                0x1000037c       0x1c CMakeFiles/HIDE-Controller.dir/src/HIDE-Controller.cpp.obj
                0x1000037c                getSideName(InputSide)
 .text._Z14getButtonStateb
                0x10000398       0x14 CMakeFiles/HIDE-Controller.dir/src/HIDE-Controller.cpp.obj
                0x10000398                getButtonState(bool)
 .text._Z8ReadSide9InputSide
                0x100003ac       0xe8 CMakeFiles/HIDE-Controller.dir/src/HIDE-Controller.cpp.obj
                0x100003ac                ReadSide(InputSide)
 .text.main     0x10000494       0xe4 CMakeFiles/HIDE-Controller.dir/src/HIDE-Controller.cpp.obj
                0x10000494                main
 .text.tud_hid_report_complete_cb
                0x10000578       0x10 CMakeFiles/HIDE-Controller.dir/src/HIDE-Controller.cpp.obj
                0x10000578                tud_hid_report_complete_cb
 .text.tud_hid_get_report_cb
                0x10000588        0x4 CMakeFiles/HIDE-Controller.dir/src/HIDE-Controller.cpp.obj
                0x10000588                tud_hid_get_report_cb
 .text.tud_hid_set_report_cb
                0x1000058c       0x68 CMakeFiles/HIDE-Controller.dir/src/HIDE-Controller.cpp.obj
                0x1000058c                tud_hid_set_report_cb
 .text.tud_hid_descriptor_report_cb
                0x100005f4        0x8 CMakeFiles/HIDE-Controller.dir/src/usb_descriptors.c.obj
                0x100005f4                tud_hid_descriptor_report_cb
 .text.gpio_set_function
                0x100005fc       0x30 CMakeFiles/HIDE-Controller.dir/home/pi/pico/pico-sdk/src/rp2_common/hardware_gpio/gpio.c.obj
                0x100005fc                gpio_set_function
 .text.gpio_set_pulls
                0x1000062c       0x34 CMakeFiles/HIDE-Controller.dir/home/pi/pico/pico-sdk/src/rp2_common/hardware_gpio/gpio.c.obj
                0x1000062c                gpio_set_pulls
 .text.gpio_set_input_enabled
                0x10000660       0x30 CMakeFiles/HIDE-Controller.dir/home/pi/pico/pico-sdk/src/rp2_common/hardware_gpio/gpio.c.obj
                0x10000660                gpio_set_input_enabled
 .text.gpio_init
                0x10000690       0x16 CMakeFiles/HIDE-Controller.dir/home/pi/pico/pico-sdk/src/rp2_common/hardware_gpio/gpio.c.obj
                0x10000690                gpio_init
 *fill*         0x100006a6        0x2 
 .text.hw_claim_lock
                0x100006a8       0x18 CMakeFiles/HIDE-Controller.dir/home/pi/pico/pico-sdk/src/rp2_common/hardware_claim/claim.c.obj
                0x100006a8                hw_claim_lock
 .text.hw_claim_unlock
                0x100006c0       0x14 CMakeFiles/HIDE-Controller.dir/home/pi/pico/pico-sdk/src/rp2_common/hardware_claim/claim.c.obj
                0x100006c0                hw_claim_unlock
 .text.hw_claim_or_assert
                0x100006d4       0x32 CMakeFiles/HIDE-Controller.dir/home/pi/pico/pico-sdk/src/rp2_common/hardware_claim/claim.c.obj
                0x100006d4                hw_claim_or_assert
 .text.hw_claim_unused_from_range
                0x10000706       0x50 CMakeFiles/HIDE-Controller.dir/home/pi/pico/pico-sdk/src/rp2_common/hardware_claim/claim.c.obj
                0x10000706                hw_claim_unused_from_range
 *fill*         0x10000756        0x2 
 .text.running_on_fpga
                0x10000758       0x14 CMakeFiles/HIDE-Controller.dir/home/pi/pico/pico-sdk/src/rp2_common/pico_platform/platform.c.obj
                0x10000758                running_on_fpga
 .text.spin_locks_reset
                0x1000076c       0x20 CMakeFiles/HIDE-Controller.dir/home/pi/pico/pico-sdk/src/rp2_common/hardware_sync/sync.c.obj
                0x1000076c                spin_locks_reset
 .text.next_striped_spin_lock_num
                0x1000078c       0x1c CMakeFiles/HIDE-Controller.dir/home/pi/pico/pico-sdk/src/rp2_common/hardware_sync/sync.c.obj
                0x1000078c                next_striped_spin_lock_num
 .text.spin_lock_claim_unused
                0x100007a8       0x20 CMakeFiles/HIDE-Controller.dir/home/pi/pico/pico-sdk/src/rp2_common/hardware_sync/sync.c.obj
                0x100007a8                spin_lock_claim_unused
 .text.uart_set_baudrate
                0x100007c8       0x5c CMakeFiles/HIDE-Controller.dir/home/pi/pico/pico-sdk/src/rp2_common/hardware_uart/uart.c.obj
                0x100007c8                uart_set_baudrate
 .text.uart_set_translate_crlf
                0x10000824       0x28 CMakeFiles/HIDE-Controller.dir/home/pi/pico/pico-sdk/src/rp2_common/hardware_uart/uart.c.obj
                0x10000824                uart_set_translate_crlf
 .text.uart_init
                0x1000084c       0x84 CMakeFiles/HIDE-Controller.dir/home/pi/pico/pico-sdk/src/rp2_common/hardware_uart/uart.c.obj
                0x1000084c                uart_init
 .text.alarm_pool_post_alloc_init
                0x100008d0       0x40 CMakeFiles/HIDE-Controller.dir/home/pi/pico/pico-sdk/src/common/pico_time/time.c.obj
 .text.sleep_until_callback
                0x10000910       0x30 CMakeFiles/HIDE-Controller.dir/home/pi/pico/pico-sdk/src/common/pico_time/time.c.obj
 .text.timer_pool_entry_comparator
                0x10000940       0x7c CMakeFiles/HIDE-Controller.dir/home/pi/pico/pico-sdk/src/common/pico_time/time.c.obj
                0x10000940                timer_pool_entry_comparator
 .text.ph_add_child_node
                0x100009bc       0xa4 CMakeFiles/HIDE-Controller.dir/home/pi/pico/pico-sdk/src/common/pico_time/time.c.obj
 .text.ph_merge_nodes
                0x10000a60       0x3a CMakeFiles/HIDE-Controller.dir/home/pi/pico/pico-sdk/src/common/pico_time/time.c.obj
 *fill*         0x10000a9a        0x2 
 .text.add_alarm_under_lock
                0x10000a9c      0x180 CMakeFiles/HIDE-Controller.dir/home/pi/pico/pico-sdk/src/common/pico_time/time.c.obj
 .text.alarm_pool_alarm_callback
                0x10000c1c      0x344 CMakeFiles/HIDE-Controller.dir/home/pi/pico/pico-sdk/src/common/pico_time/time.c.obj
 .text.alarm_pool_init_default
                0x10000f60       0x38 CMakeFiles/HIDE-Controller.dir/home/pi/pico/pico-sdk/src/common/pico_time/time.c.obj
                0x10000f60                alarm_pool_init_default
 .text.alarm_pool_get_default
                0x10000f98       0x2c CMakeFiles/HIDE-Controller.dir/home/pi/pico/pico-sdk/src/common/pico_time/time.c.obj
                0x10000f98                alarm_pool_get_default
 .text.alarm_pool_add_alarm_at
                0x10000fc4      0x168 CMakeFiles/HIDE-Controller.dir/home/pi/pico/pico-sdk/src/common/pico_time/time.c.obj
                0x10000fc4                alarm_pool_add_alarm_at
 .text.alarm_pool_cancel_alarm
                0x1000112c       0xec CMakeFiles/HIDE-Controller.dir/home/pi/pico/pico-sdk/src/common/pico_time/time.c.obj
                0x1000112c                alarm_pool_cancel_alarm
 .text.sleep_until
                0x10001218       0xfc CMakeFiles/HIDE-Controller.dir/home/pi/pico/pico-sdk/src/common/pico_time/time.c.obj
                0x10001218                sleep_until
 .text.sleep_us
                0x10001314       0x54 CMakeFiles/HIDE-Controller.dir/home/pi/pico/pico-sdk/src/common/pico_time/time.c.obj
                0x10001314                sleep_us
 .text.sleep_ms
                0x10001368       0x14 CMakeFiles/HIDE-Controller.dir/home/pi/pico/pico-sdk/src/common/pico_time/time.c.obj
                0x10001368                sleep_ms
 .text.best_effort_wfe_or_timeout
                0x1000137c       0x80 CMakeFiles/HIDE-Controller.dir/home/pi/pico/pico-sdk/src/common/pico_time/time.c.obj
                0x1000137c                best_effort_wfe_or_timeout
 .text.hardware_alarm_irq_handler
                0x100013fc       0x8c CMakeFiles/HIDE-Controller.dir/home/pi/pico/pico-sdk/src/rp2_common/hardware_timer/timer.c.obj
 .text.hardware_alarm_claim
                0x10001488       0x18 CMakeFiles/HIDE-Controller.dir/home/pi/pico/pico-sdk/src/rp2_common/hardware_timer/timer.c.obj
                0x10001488                hardware_alarm_claim
 .text.time_us_64
                0x100014a0       0x18 CMakeFiles/HIDE-Controller.dir/home/pi/pico/pico-sdk/src/rp2_common/hardware_timer/timer.c.obj
                0x100014a0                time_us_64
 .text.busy_wait_until
                0x100014b8       0x28 CMakeFiles/HIDE-Controller.dir/home/pi/pico/pico-sdk/src/rp2_common/hardware_timer/timer.c.obj
                0x100014b8                busy_wait_until
 .text.hardware_alarm_set_callback
                0x100014e0       0x90 CMakeFiles/HIDE-Controller.dir/home/pi/pico/pico-sdk/src/rp2_common/hardware_timer/timer.c.obj
                0x100014e0                hardware_alarm_set_callback
 .text.hardware_alarm_set_target
                0x10001570       0xe8 CMakeFiles/HIDE-Controller.dir/home/pi/pico/pico-sdk/src/rp2_common/hardware_timer/timer.c.obj
                0x10001570                hardware_alarm_set_target
 .text.hardware_alarm_cancel
                0x10001658       0x40 CMakeFiles/HIDE-Controller.dir/home/pi/pico/pico-sdk/src/rp2_common/hardware_timer/timer.c.obj
                0x10001658                hardware_alarm_cancel
 .text.lock_init
                0x10001698       0x10 CMakeFiles/HIDE-Controller.dir/home/pi/pico/pico-sdk/src/common/pico_sync/lock_core.c.obj
                0x10001698                lock_init
 .text.mutex_init_internal
                0x100016a8       0x1e CMakeFiles/HIDE-Controller.dir/home/pi/pico/pico-sdk/src/common/pico_sync/mutex.c.obj
 .text.mutex_init
                0x100016c6        0xa CMakeFiles/HIDE-Controller.dir/home/pi/pico/pico-sdk/src/common/pico_sync/mutex.c.obj
                0x100016c6                mutex_init
 .text.recursive_mutex_init
                0x100016d0        0xa CMakeFiles/HIDE-Controller.dir/home/pi/pico/pico-sdk/src/common/pico_sync/mutex.c.obj
                0x100016d0                recursive_mutex_init
 *fill*         0x100016da        0x2 
 .text.critical_section_init_with_lock_num
                0x100016dc       0x14 CMakeFiles/HIDE-Controller.dir/home/pi/pico/pico-sdk/src/common/pico_sync/critical_section.c.obj
                0x100016dc                critical_section_init_with_lock_num
 .text.critical_section_init
                0x100016f0       0x14 CMakeFiles/HIDE-Controller.dir/home/pi/pico/pico-sdk/src/common/pico_sync/critical_section.c.obj
                0x100016f0                critical_section_init
 .text.ph_add_child_node
                0x10001704       0xa4 CMakeFiles/HIDE-Controller.dir/home/pi/pico/pico-sdk/src/common/pico_util/pheap.c.obj
 .text.ph_merge_nodes
                0x100017a8       0x3a CMakeFiles/HIDE-Controller.dir/home/pi/pico/pico-sdk/src/common/pico_util/pheap.c.obj
 *fill*         0x100017e2        0x2 
 .text.ph_clear
                0x100017e4       0x70 CMakeFiles/HIDE-Controller.dir/home/pi/pico/pico-sdk/src/common/pico_util/pheap.c.obj
                0x100017e4                ph_clear
 .text.ph_post_alloc_init
                0x10001854        0xe CMakeFiles/HIDE-Controller.dir/home/pi/pico/pico-sdk/src/common/pico_util/pheap.c.obj
                0x10001854                ph_post_alloc_init
 *fill*         0x10001862        0x2 
 .text.ph_merge_two_pass
                0x10001864       0xac CMakeFiles/HIDE-Controller.dir/home/pi/pico/pico-sdk/src/common/pico_util/pheap.c.obj
                0x10001864                ph_merge_two_pass
 .text.ph_remove_any_head
                0x10001910      0x108 CMakeFiles/HIDE-Controller.dir/home/pi/pico/pico-sdk/src/common/pico_util/pheap.c.obj
 .text.ph_remove_head
                0x10001a18       0x14 CMakeFiles/HIDE-Controller.dir/home/pi/pico/pico-sdk/src/common/pico_util/pheap.c.obj
                0x10001a18                ph_remove_head
 .text.ph_remove_and_free_node
                0x10001a2c       0xf8 CMakeFiles/HIDE-Controller.dir/home/pi/pico/pico-sdk/src/common/pico_util/pheap.c.obj
                0x10001a2c                ph_remove_and_free_node
 .text.runtime_init
                0x10001b24       0xd8 CMakeFiles/HIDE-Controller.dir/home/pi/pico/pico-sdk/src/rp2_common/pico_runtime/runtime.c.obj
                0x10001b24                runtime_init
 .text._exit    0x10001bfc        0x4 CMakeFiles/HIDE-Controller.dir/home/pi/pico/pico-sdk/src/rp2_common/pico_runtime/runtime.c.obj
                0x10001bfc                _exit
 .text.exit     0x10001c00        0x6 CMakeFiles/HIDE-Controller.dir/home/pi/pico/pico-sdk/src/rp2_common/pico_runtime/runtime.c.obj
                0x10001c00                exit
 *fill*         0x10001c06        0x2 
 .text.__assert_func
                0x10001c08       0x3c CMakeFiles/HIDE-Controller.dir/home/pi/pico/pico-sdk/src/rp2_common/pico_runtime/runtime.c.obj
                0x10001c08                __assert_func
 .text.panic    0x10001c44       0x30 CMakeFiles/HIDE-Controller.dir/home/pi/pico/pico-sdk/src/rp2_common/pico_runtime/runtime.c.obj
                0x10001c44                panic
 .text.clock_configure
                0x10001c74       0xfc CMakeFiles/HIDE-Controller.dir/home/pi/pico/pico-sdk/src/rp2_common/hardware_clocks/clocks.c.obj
                0x10001c74                clock_configure
 .text.clocks_init
                0x10001d70      0x100 CMakeFiles/HIDE-Controller.dir/home/pi/pico/pico-sdk/src/rp2_common/hardware_clocks/clocks.c.obj
                0x10001d70                clocks_init
 .text.clock_get_hz
                0x10001e70        0xc CMakeFiles/HIDE-Controller.dir/home/pi/pico/pico-sdk/src/rp2_common/hardware_clocks/clocks.c.obj
                0x10001e70                clock_get_hz
 .text.set_raw_irq_handler_and_unlock
                0x10001e7c       0x28 CMakeFiles/HIDE-Controller.dir/home/pi/pico/pico-sdk/src/rp2_common/hardware_irq/irq.c.obj
 .text.make_branch
                0x10001ea4       0x34 CMakeFiles/HIDE-Controller.dir/home/pi/pico/pico-sdk/src/rp2_common/hardware_irq/irq.c.obj
 .text.insert_branch_and_link
                0x10001ed8       0x40 CMakeFiles/HIDE-Controller.dir/home/pi/pico/pico-sdk/src/rp2_common/hardware_irq/irq.c.obj
 .text.irq_is_enabled
                0x10001f18       0x18 CMakeFiles/HIDE-Controller.dir/home/pi/pico/pico-sdk/src/rp2_common/hardware_irq/irq.c.obj
                0x10001f18                irq_is_enabled
 .text.irq_set_mask_enabled
                0x10001f30       0x20 CMakeFiles/HIDE-Controller.dir/home/pi/pico/pico-sdk/src/rp2_common/hardware_irq/irq.c.obj
                0x10001f30                irq_set_mask_enabled
 .text.irq_set_enabled
                0x10001f50        0xe CMakeFiles/HIDE-Controller.dir/home/pi/pico/pico-sdk/src/rp2_common/hardware_irq/irq.c.obj
                0x10001f50                irq_set_enabled
 *fill*         0x10001f5e        0x2 
 .text.irq_get_vtable_handler
                0x10001f60       0x10 CMakeFiles/HIDE-Controller.dir/home/pi/pico/pico-sdk/src/rp2_common/hardware_irq/irq.c.obj
                0x10001f60                irq_get_vtable_handler
 .text.irq_set_exclusive_handler
                0x10001f70       0x54 CMakeFiles/HIDE-Controller.dir/home/pi/pico/pico-sdk/src/rp2_common/hardware_irq/irq.c.obj
                0x10001f70                irq_set_exclusive_handler
 .text.irq_remove_handler
                0x10001fc4      0x1b4 CMakeFiles/HIDE-Controller.dir/home/pi/pico/pico-sdk/src/rp2_common/hardware_irq/irq.c.obj
                0x10001fc4                irq_remove_handler
 .text.irq_set_priority
                0x10002178       0x28 CMakeFiles/HIDE-Controller.dir/home/pi/pico/pico-sdk/src/rp2_common/hardware_irq/irq.c.obj
                0x10002178                irq_set_priority
 .text.irq_add_tail_to_free_list
                0x100021a0       0xf0 CMakeFiles/HIDE-Controller.dir/home/pi/pico/pico-sdk/src/rp2_common/hardware_irq/irq.c.obj
                0x100021a0                irq_add_tail_to_free_list
 .text.irq_init_priorities
                0x10002290       0x16 CMakeFiles/HIDE-Controller.dir/home/pi/pico/pico-sdk/src/rp2_common/hardware_irq/irq.c.obj
                0x10002290                irq_init_priorities
 *fill*         0x100022a6        0x2 
 .text.pll_init
                0x100022a8      0x118 CMakeFiles/HIDE-Controller.dir/home/pi/pico/pico-sdk/src/rp2_common/hardware_pll/pll.c.obj
                0x100022a8                pll_init
 .text.watchdog_start_tick
                0x100023c0       0x10 CMakeFiles/HIDE-Controller.dir/home/pi/pico/pico-sdk/src/rp2_common/hardware_watchdog/watchdog.c.obj
                0x100023c0                watchdog_start_tick
 .text.xosc_init
                0x100023d0       0x28 CMakeFiles/HIDE-Controller.dir/home/pi/pico/pico-sdk/src/rp2_common/hardware_xosc/xosc.c.obj
                0x100023d0                xosc_init
 .text._out_null
                0x100023f8        0x2 CMakeFiles/HIDE-Controller.dir/home/pi/pico/pico-sdk/src/rp2_common/pico_printf/printf.c.obj
 .text._out_fct
                0x100023fa        0xe CMakeFiles/HIDE-Controller.dir/home/pi/pico/pico-sdk/src/rp2_common/pico_printf/printf.c.obj
 .text._atoi    0x10002408       0x24 CMakeFiles/HIDE-Controller.dir/home/pi/pico/pico-sdk/src/rp2_common/pico_printf/printf.c.obj
 .text._out_rev
                0x1000242c       0x8c CMakeFiles/HIDE-Controller.dir/home/pi/pico/pico-sdk/src/rp2_common/pico_printf/printf.c.obj
 .text._ntoa_format
                0x100024b8      0x112 CMakeFiles/HIDE-Controller.dir/home/pi/pico/pico-sdk/src/rp2_common/pico_printf/printf.c.obj
 .text._ntoa_long
                0x100025ca       0x9e CMakeFiles/HIDE-Controller.dir/home/pi/pico/pico-sdk/src/rp2_common/pico_printf/printf.c.obj
 .text._ntoa_long_long
                0x10002668       0xe2 CMakeFiles/HIDE-Controller.dir/home/pi/pico/pico-sdk/src/rp2_common/pico_printf/printf.c.obj
 *fill*         0x1000274a        0x2 
 .text._etoa    0x1000274c      0x424 CMakeFiles/HIDE-Controller.dir/home/pi/pico/pico-sdk/src/rp2_common/pico_printf/printf.c.obj
 .text._ftoa    0x10002b70      0x340 CMakeFiles/HIDE-Controller.dir/home/pi/pico/pico-sdk/src/rp2_common/pico_printf/printf.c.obj
 .text._vsnprintf
                0x10002eb0      0x640 CMakeFiles/HIDE-Controller.dir/home/pi/pico/pico-sdk/src/rp2_common/pico_printf/printf.c.obj
 .text.vfctprintf
                0x100034f0       0x20 CMakeFiles/HIDE-Controller.dir/home/pi/pico/pico-sdk/src/rp2_common/pico_printf/printf.c.obj
                0x100034f0                vfctprintf
 .text          0x10003510       0x10 CMakeFiles/HIDE-Controller.dir/home/pi/pico/pico-sdk/src/rp2_common/pico_bit_ops/bit_ops_aeabi.S.obj
 .text.rom_func_lookup
                0x10003520       0x10 CMakeFiles/HIDE-Controller.dir/home/pi/pico/pico-sdk/src/rp2_common/pico_bootrom/bootrom.c.obj
                0x10003520                rom_func_lookup
 .text.rom_data_lookup
                0x10003530       0x10 CMakeFiles/HIDE-Controller.dir/home/pi/pico/pico-sdk/src/rp2_common/pico_bootrom/bootrom.c.obj
                0x10003530                rom_data_lookup
 .text.rom_funcs_lookup
                0x10003540       0x36 CMakeFiles/HIDE-Controller.dir/home/pi/pico/pico-sdk/src/rp2_common/pico_bootrom/bootrom.c.obj
                0x10003540                rom_funcs_lookup
 *fill*         0x10003576        0x2 
 .text.__wrap___aeabi_idiv
                0x10003578       0x50 CMakeFiles/HIDE-Controller.dir/home/pi/pico/pico-sdk/src/rp2_common/pico_divider/divider.S.obj
                0x10003578                __wrap___aeabi_idivmod
                0x10003578                divmod_s32s32
                0x10003578                div_s32s32
                0x10003578                __wrap___aeabi_idiv
                0x10003580                divmod_s32s32_unsafe
                0x100035ac                divmod_s32s32_savestate
 .text.__wrap___aeabi_uidiv
                0x100035c8       0x4c CMakeFiles/HIDE-Controller.dir/home/pi/pico/pico-sdk/src/rp2_common/pico_divider/divider.S.obj
                0x100035c8                __wrap___aeabi_uidiv
                0x100035c8                __wrap___aeabi_uidivmod
                0x100035c8                div_u32u32
                0x100035c8                divmod_u32u32
                0x100035d0                divmod_u32u32_unsafe
                0x100035f8                divmod_u32u32_savestate
 .text.__wrap___aeabi_ldiv
                0x10003614      0x430 CMakeFiles/HIDE-Controller.dir/home/pi/pico/pico-sdk/src/rp2_common/pico_divider/divider.S.obj
                0x10003614                div_s64s64
                0x10003614                divmod_s64s64
                0x10003614                __wrap___aeabi_ldivmod
                0x1000364c                div_u64u64
                0x1000364c                divmod_u64u64
                0x1000364c                __wrap___aeabi_uldivmod
                0x1000365c                divmod_u64u64_savestate
                0x10003684                divmod_s64s64_unsafe
                0x1000370c                divmod_u64u64_unsafe
 .text.__wrap___aeabi_darithmetic
                0x10003a44       0x80 CMakeFiles/HIDE-Controller.dir/home/pi/pico/pico-sdk/src/rp2_common/pico_double/double_aeabi.S.obj
                0x10003a44                __wrap___aeabi_drsub
                0x10003a4a                __wrap___aeabi_dsub
                0x10003a5c                __wrap___aeabi_dadd
                0x10003a6e                __wrap___aeabi_ddiv
                0x10003aaa                __wrap___aeabi_dmul
 .text.__wrap___aeabi_cdcmple
                0x10003ac4       0x6c CMakeFiles/HIDE-Controller.dir/home/pi/pico/pico-sdk/src/rp2_common/pico_double/double_aeabi.S.obj
                0x10003ac4                __wrap___aeabi_cdrcmple
                0x10003ad4                __wrap___aeabi_cdcmple
                0x10003ad4                __wrap___aeabi_cdcmpeq
 .text.__wrap___aeabi_dcmplt
                0x10003b30        0xc CMakeFiles/HIDE-Controller.dir/home/pi/pico/pico-sdk/src/rp2_common/pico_double/double_aeabi.S.obj
                0x10003b30                __wrap___aeabi_dcmplt
 .text.__wrap___aeabi_dcmple
                0x10003b3c       0x10 CMakeFiles/HIDE-Controller.dir/home/pi/pico/pico-sdk/src/rp2_common/pico_double/double_aeabi.S.obj
                0x10003b3c                __wrap___aeabi_dcmple
 .text.__wrap___aeabi_dcmpge
                0x10003b4c       0x10 CMakeFiles/HIDE-Controller.dir/home/pi/pico/pico-sdk/src/rp2_common/pico_double/double_aeabi.S.obj
                0x10003b4c                __wrap___aeabi_dcmpge
 .text.__wrap___aeabi_dcmpgt
                0x10003b5c        0xa CMakeFiles/HIDE-Controller.dir/home/pi/pico/pico-sdk/src/rp2_common/pico_double/double_aeabi.S.obj
                0x10003b5c                __wrap___aeabi_dcmpgt
 .text.__wrap___aeabi_dcmpun
                0x10003b66       0x1c CMakeFiles/HIDE-Controller.dir/home/pi/pico/pico-sdk/src/rp2_common/pico_double/double_aeabi.S.obj
                0x10003b66                __wrap___aeabi_dcmpun
 *fill*         0x10003b82        0x2 
 .text.__wrap___aeabi_i2d
                0x10003b84       0x38 CMakeFiles/HIDE-Controller.dir/home/pi/pico/pico-sdk/src/rp2_common/pico_double/double_aeabi.S.obj
                0x10003b84                __wrap___aeabi_ui2d
                0x10003b8c                __wrap___aeabi_i2d
 .text.__wrap___aeabi_d2iz
                0x10003bbc       0x48 CMakeFiles/HIDE-Controller.dir/home/pi/pico/pico-sdk/src/rp2_common/pico_double/double_aeabi.S.obj
                0x10003bbc                __wrap___aeabi_d2iz
                0x10003bbc                double2int_z
 .text.__wrap___aeabi_d2uiz
                0x10003c04       0x18 CMakeFiles/HIDE-Controller.dir/home/pi/pico/pico-sdk/src/rp2_common/pico_double/double_aeabi.S.obj
                0x10003c04                double2uint
                0x10003c04                __wrap___aeabi_d2uiz
 .text.__aeabi_double_init
                0x10003c1c       0xb8 CMakeFiles/HIDE-Controller.dir/home/pi/pico/pico-sdk/src/rp2_common/pico_double/double_init_rom.c.obj
                0x10003c1c                __aeabi_double_init
 .text.double_table_shim_on_use_helper
                0x10003cd4       0x34 CMakeFiles/HIDE-Controller.dir/home/pi/pico/pico-sdk/src/rp2_common/pico_double/double_v1_rom_shim.S.obj
                0x10003cd4                double_table_shim_on_use_helper
 .text.__wrap___aeabi_dsub
                0x10003d08       0x10 CMakeFiles/HIDE-Controller.dir/home/pi/pico/pico-sdk/src/rp2_common/pico_double/double_v1_rom_shim.S.obj
                0x10003d08                drsub_shim
                0x10003d0e                dsub_shim
 .text.dadd_shim
                0x10003d18      0x15c CMakeFiles/HIDE-Controller.dir/home/pi/pico/pico-sdk/src/rp2_common/pico_double/double_v1_rom_shim.S.obj
                0x10003d18                dadd_shim
 .text.dmul_shim
                0x10003e74      0x15c CMakeFiles/HIDE-Controller.dir/home/pi/pico/pico-sdk/src/rp2_common/pico_double/double_v1_rom_shim.S.obj
                0x10003e74                dmul_shim
 .text.ddiv_shim
                0x10003fd0      0x1b0 CMakeFiles/HIDE-Controller.dir/home/pi/pico/pico-sdk/src/rp2_common/pico_double/double_v1_rom_shim.S.obj
                0x10003fd0                ddiv_shim
 .text.dcordic_rot_step
                0x10004180       0x7c CMakeFiles/HIDE-Controller.dir/home/pi/pico/pico-sdk/src/rp2_common/pico_double/double_v1_rom_shim.S.obj
                0x10004180                dcordic_rot_step
 .text.double2uint_shim
                0x100041fc        0xe CMakeFiles/HIDE-Controller.dir/home/pi/pico/pico-sdk/src/rp2_common/pico_double/double_v1_rom_shim.S.obj
                0x100041fc                double2uint_shim
                0x100041fe                double2ufix_shim
 *fill*         0x1000420a        0x2 
 .text.double2uint64_shim
                0x1000420c       0x6c CMakeFiles/HIDE-Controller.dir/home/pi/pico/pico-sdk/src/rp2_common/pico_double/double_v1_rom_shim.S.obj
                0x1000420c                double2uint64_shim
                0x1000420e                double2ufix64_shim
                0x10004228                d2fix_a
 .text.dunpacks
                0x10004278       0x3c CMakeFiles/HIDE-Controller.dir/home/pi/pico/pico-sdk/src/rp2_common/pico_double/double_v1_rom_shim.S.obj
                0x10004278                dunpacks
 .text.__aeabi_lmul
                0x100042b4       0x32 CMakeFiles/HIDE-Controller.dir/home/pi/pico/pico-sdk/src/rp2_common/pico_int64_ops/pico_int64_ops_aeabi.S.obj
                0x100042b4                __wrap___aeabi_lmul
 *fill*         0x100042e6        0x2 
 .text.__aeabi_float_init
                0x100042e8       0xfc CMakeFiles/HIDE-Controller.dir/home/pi/pico/pico-sdk/src/rp2_common/pico_float/float_init_rom.c.obj
                0x100042e8                __aeabi_float_init
 .text.float_table_shim_on_use_helper
                0x100043e4       0x34 CMakeFiles/HIDE-Controller.dir/home/pi/pico/pico-sdk/src/rp2_common/pico_float/float_v1_rom_shim.S.obj
                0x100043e4                float_table_shim_on_use_helper
 .text          0x10004418       0x10 CMakeFiles/HIDE-Controller.dir/home/pi/pico/pico-sdk/src/rp2_common/pico_mem_ops/mem_ops_aeabi.S.obj
                0x10004418                __aeabi_mem_init
 .text.memset   0x10004428        0xc CMakeFiles/HIDE-Controller.dir/home/pi/pico/pico-sdk/src/rp2_common/pico_mem_ops/mem_ops_aeabi.S.obj
                0x10004428                __wrap_memset
 .text.memcpy   0x10004434        0xc CMakeFiles/HIDE-Controller.dir/home/pi/pico/pico-sdk/src/rp2_common/pico_mem_ops/mem_ops_aeabi.S.obj
                0x10004434                __wrap___aeabi_memcpy
                0x10004434                __wrap_memcpy
 .text.stdio_out_chars_crlf
                0x10004440       0x80 CMakeFiles/HIDE-Controller.dir/home/pi/pico/pico-sdk/src/rp2_common/pico_stdio/stdio.c.obj
 .text.stdio_stack_buffer_flush
                0x100044c0       0x44 CMakeFiles/HIDE-Controller.dir/home/pi/pico/pico-sdk/src/rp2_common/pico_stdio/stdio.c.obj
 .text.stdio_buffered_printer
                0x10004504       0x20 CMakeFiles/HIDE-Controller.dir/home/pi/pico/pico-sdk/src/rp2_common/pico_stdio/stdio.c.obj
 .text.stdout_serialize_begin
                0x10004524       0x30 CMakeFiles/HIDE-Controller.dir/home/pi/pico/pico-sdk/src/rp2_common/pico_stdio/stdio.c.obj
                0x10004524                stdout_serialize_begin
 .text.stdout_serialize_end
                0x10004554       0x10 CMakeFiles/HIDE-Controller.dir/home/pi/pico/pico-sdk/src/rp2_common/pico_stdio/stdio.c.obj
                0x10004554                stdout_serialize_end
 .text.stdio_put_string
                0x10004564       0x78 CMakeFiles/HIDE-Controller.dir/home/pi/pico/pico-sdk/src/rp2_common/pico_stdio/stdio.c.obj
 .text.stdio_set_driver_enabled
                0x100045dc       0x38 CMakeFiles/HIDE-Controller.dir/home/pi/pico/pico-sdk/src/rp2_common/pico_stdio/stdio.c.obj
                0x100045dc                stdio_set_driver_enabled
 .text.stdio_flush
                0x10004614       0x20 CMakeFiles/HIDE-Controller.dir/home/pi/pico/pico-sdk/src/rp2_common/pico_stdio/stdio.c.obj
                0x10004614                stdio_flush
 .text.__wrap_puts
                0x10004634       0x1c CMakeFiles/HIDE-Controller.dir/home/pi/pico/pico-sdk/src/rp2_common/pico_stdio/stdio.c.obj
                0x10004634                __wrap_puts
 .text.__wrap_vprintf
                0x10004650       0x44 CMakeFiles/HIDE-Controller.dir/home/pi/pico/pico-sdk/src/rp2_common/pico_stdio/stdio.c.obj
                0x10004650                __wrap_vprintf
 .text.__wrap_printf
                0x10004694       0x18 CMakeFiles/HIDE-Controller.dir/home/pi/pico/pico-sdk/src/rp2_common/pico_stdio/stdio.c.obj
                0x10004694                __wrap_printf
 .text.stdio_init_all
                0x100046ac        0x8 CMakeFiles/HIDE-Controller.dir/home/pi/pico/pico-sdk/src/rp2_common/pico_stdio/stdio.c.obj
                0x100046ac                stdio_init_all
 .text.stdio_uart_out_chars
                0x100046b4       0x70 CMakeFiles/HIDE-Controller.dir/home/pi/pico/pico-sdk/src/rp2_common/pico_stdio_uart/stdio_uart.c.obj
 .text.stdio_uart_in_chars
                0x10004724       0x50 CMakeFiles/HIDE-Controller.dir/home/pi/pico/pico-sdk/src/rp2_common/pico_stdio_uart/stdio_uart.c.obj
                0x10004724                stdio_uart_in_chars
 .text.stdio_uart_init_full
                0x10004774       0x3c CMakeFiles/HIDE-Controller.dir/home/pi/pico/pico-sdk/src/rp2_common/pico_stdio_uart/stdio_uart.c.obj
                0x10004774                stdio_uart_init_full
 .text.stdio_uart_init
                0x100047b0       0x28 CMakeFiles/HIDE-Controller.dir/home/pi/pico/pico-sdk/src/rp2_common/pico_stdio_uart/stdio_uart.c.obj
                0x100047b0                stdio_uart_init
 .text.adc_init
                0x100047d8       0x34 CMakeFiles/HIDE-Controller.dir/home/pi/pico/pico-sdk/src/rp2_common/hardware_adc/adc.c.obj
                0x100047d8                adc_init
 .text.hw_endpoint_get_by_addr
                0x1000480c       0x18 CMakeFiles/HIDE-Controller.dir/home/pi/pico/pico-sdk/lib/tinyusb/src/portable/raspberrypi/rp2040/dcd_rp2040.c.obj
 .text.reset_ep0
                0x10004824       0x2c CMakeFiles/HIDE-Controller.dir/home/pi/pico/pico-sdk/lib/tinyusb/src/portable/raspberrypi/rp2040/dcd_rp2040.c.obj
 .text._hw_endpoint_alloc
                0x10004850       0x80 CMakeFiles/HIDE-Controller.dir/home/pi/pico/pico-sdk/lib/tinyusb/src/portable/raspberrypi/rp2040/dcd_rp2040.c.obj
 .text._hw_endpoint_init
                0x100048d0       0xbc CMakeFiles/HIDE-Controller.dir/home/pi/pico/pico-sdk/lib/tinyusb/src/portable/raspberrypi/rp2040/dcd_rp2040.c.obj
 .text.hw_endpoint_init
                0x1000498c       0x18 CMakeFiles/HIDE-Controller.dir/home/pi/pico/pico-sdk/lib/tinyusb/src/portable/raspberrypi/rp2040/dcd_rp2040.c.obj
 .text.hw_handle_buff_status
                0x100049a4       0xb4 CMakeFiles/HIDE-Controller.dir/home/pi/pico/pico-sdk/lib/tinyusb/src/portable/raspberrypi/rp2040/dcd_rp2040.c.obj
 .text.dcd_rp2040_irq
                0x10004a58       0xa4 CMakeFiles/HIDE-Controller.dir/home/pi/pico/pico-sdk/lib/tinyusb/src/portable/raspberrypi/rp2040/dcd_rp2040.c.obj
 .text.hw_endpoint_xfer
                0x10004afc       0x18 CMakeFiles/HIDE-Controller.dir/home/pi/pico/pico-sdk/lib/tinyusb/src/portable/raspberrypi/rp2040/dcd_rp2040.c.obj
 .text.dcd_int_enable
                0x10004b14       0x2c CMakeFiles/HIDE-Controller.dir/home/pi/pico/pico-sdk/lib/tinyusb/src/portable/raspberrypi/rp2040/dcd_rp2040.c.obj
                0x10004b14                dcd_int_enable
 .text.dcd_connect
                0x10004b40       0x30 CMakeFiles/HIDE-Controller.dir/home/pi/pico/pico-sdk/lib/tinyusb/src/portable/raspberrypi/rp2040/dcd_rp2040.c.obj
                0x10004b40                dcd_connect
 .text.dcd_init
                0x10004b70       0x84 CMakeFiles/HIDE-Controller.dir/home/pi/pico/pico-sdk/lib/tinyusb/src/portable/raspberrypi/rp2040/dcd_rp2040.c.obj
                0x10004b70                dcd_init
 .text.dcd_edpt_open
                0x10004bf4       0x40 CMakeFiles/HIDE-Controller.dir/home/pi/pico/pico-sdk/lib/tinyusb/src/portable/raspberrypi/rp2040/dcd_rp2040.c.obj
                0x10004bf4                dcd_edpt_open
 .text.dcd_edpt_xfer
                0x10004c34       0x34 CMakeFiles/HIDE-Controller.dir/home/pi/pico/pico-sdk/lib/tinyusb/src/portable/raspberrypi/rp2040/dcd_rp2040.c.obj
                0x10004c34                dcd_edpt_xfer
 .text.rp2040_usb_init
                0x10004c68       0x50 CMakeFiles/HIDE-Controller.dir/home/pi/pico/pico-sdk/lib/tinyusb/src/portable/raspberrypi/rp2040/rp2040_usb.c.obj
                0x10004c68                rp2040_usb_init
 .text.hw_endpoint_reset_transfer
                0x10004cb8       0x10 CMakeFiles/HIDE-Controller.dir/home/pi/pico/pico-sdk/lib/tinyusb/src/portable/raspberrypi/rp2040/rp2040_usb.c.obj
                0x10004cb8                hw_endpoint_reset_transfer
 .text._hw_endpoint_buffer_control_update32
                0x10004cc8       0x58 CMakeFiles/HIDE-Controller.dir/home/pi/pico/pico-sdk/lib/tinyusb/src/portable/raspberrypi/rp2040/rp2040_usb.c.obj
                0x10004cc8                _hw_endpoint_buffer_control_update32
 .text._hw_endpoint_start_next_buffer
                0x10004d20       0x50 CMakeFiles/HIDE-Controller.dir/home/pi/pico/pico-sdk/lib/tinyusb/src/portable/raspberrypi/rp2040/rp2040_usb.c.obj
                0x10004d20                _hw_endpoint_start_next_buffer
 .text._hw_endpoint_xfer_start
                0x10004d70       0x3e CMakeFiles/HIDE-Controller.dir/home/pi/pico/pico-sdk/lib/tinyusb/src/portable/raspberrypi/rp2040/rp2040_usb.c.obj
                0x10004d70                _hw_endpoint_xfer_start
 *fill*         0x10004dae        0x2 
 .text._hw_endpoint_xfer_sync
                0x10004db0       0x74 CMakeFiles/HIDE-Controller.dir/home/pi/pico/pico-sdk/lib/tinyusb/src/portable/raspberrypi/rp2040/rp2040_usb.c.obj
                0x10004db0                _hw_endpoint_xfer_sync
 .text._hw_endpoint_xfer_continue
                0x10004e24       0x60 CMakeFiles/HIDE-Controller.dir/home/pi/pico/pico-sdk/lib/tinyusb/src/portable/raspberrypi/rp2040/rp2040_usb.c.obj
                0x10004e24                _hw_endpoint_xfer_continue
 .text._hw_endpoint_xfer
                0x10004e84       0x34 CMakeFiles/HIDE-Controller.dir/home/pi/pico/pico-sdk/lib/tinyusb/src/portable/raspberrypi/rp2040/rp2040_usb.c.obj
                0x10004e84                _hw_endpoint_xfer
 .text.tud_init
                0x10004eb8       0xd0 CMakeFiles/HIDE-Controller.dir/home/pi/pico/pico-sdk/lib/tinyusb/src/device/usbd.c.obj
                0x10004eb8                tud_init
 .text.dcd_event_handler
                0x10004f88      0x178 CMakeFiles/HIDE-Controller.dir/home/pi/pico/pico-sdk/lib/tinyusb/src/device/usbd.c.obj
                0x10004f88                dcd_event_handler
 .text.dcd_event_bus_signal
                0x10005100       0x28 CMakeFiles/HIDE-Controller.dir/home/pi/pico/pico-sdk/lib/tinyusb/src/device/usbd.c.obj
                0x10005100                dcd_event_bus_signal
 .text.dcd_event_bus_reset
                0x10005128       0x2c CMakeFiles/HIDE-Controller.dir/home/pi/pico/pico-sdk/lib/tinyusb/src/device/usbd.c.obj
                0x10005128                dcd_event_bus_reset
 .text.dcd_event_setup_received
                0x10005154       0x34 CMakeFiles/HIDE-Controller.dir/home/pi/pico/pico-sdk/lib/tinyusb/src/device/usbd.c.obj
                0x10005154                dcd_event_setup_received
 .text.dcd_event_xfer_complete
                0x10005188       0x46 CMakeFiles/HIDE-Controller.dir/home/pi/pico/pico-sdk/lib/tinyusb/src/device/usbd.c.obj
                0x10005188                dcd_event_xfer_complete
 *fill*         0x100051ce        0x2 
 .text.usbd_edpt_open
                0x100051d0       0xe0 CMakeFiles/HIDE-Controller.dir/home/pi/pico/pico-sdk/lib/tinyusb/src/device/usbd.c.obj
                0x100051d0                usbd_edpt_open
 .text.usbd_open_edpt_pair
                0x100052b0       0x84 CMakeFiles/HIDE-Controller.dir/home/pi/pico/pico-sdk/lib/tinyusb/src/device/usbd.c.obj
                0x100052b0                usbd_open_edpt_pair
 .text.usbd_edpt_xfer
                0x10005334       0x80 CMakeFiles/HIDE-Controller.dir/home/pi/pico/pico-sdk/lib/tinyusb/src/device/usbd.c.obj
                0x10005334                usbd_edpt_xfer
 .text._data_stage_xact
                0x100053b4       0x58 CMakeFiles/HIDE-Controller.dir/home/pi/pico/pico-sdk/lib/tinyusb/src/device/usbd_control.c.obj
 .text.tud_control_status
                0x1000540c       0x38 CMakeFiles/HIDE-Controller.dir/home/pi/pico/pico-sdk/lib/tinyusb/src/device/usbd_control.c.obj
                0x1000540c                tud_control_status
 .text.tud_control_xfer
                0x10005444       0xa4 CMakeFiles/HIDE-Controller.dir/home/pi/pico/pico-sdk/lib/tinyusb/src/device/usbd_control.c.obj
                0x10005444                tud_control_xfer
 .text.hidd_reset
                0x100054e8       0x14 CMakeFiles/HIDE-Controller.dir/home/pi/pico/pico-sdk/lib/tinyusb/src/class/hid/hid_device.c.obj
                0x100054e8                hidd_reset
 .text.hidd_init
                0x100054fc        0xa CMakeFiles/HIDE-Controller.dir/home/pi/pico/pico-sdk/lib/tinyusb/src/class/hid/hid_device.c.obj
                0x100054fc                hidd_init
 *fill*         0x10005506        0x2 
 .text.hidd_open
                0x10005508      0x100 CMakeFiles/HIDE-Controller.dir/home/pi/pico/pico-sdk/lib/tinyusb/src/class/hid/hid_device.c.obj
                0x10005508                hidd_open
 .text.hidd_control_xfer_cb
                0x10005608      0x230 CMakeFiles/HIDE-Controller.dir/home/pi/pico/pico-sdk/lib/tinyusb/src/class/hid/hid_device.c.obj
                0x10005608                hidd_control_xfer_cb
 .text.hidd_xfer_cb
                0x10005838       0xa8 CMakeFiles/HIDE-Controller.dir/home/pi/pico/pico-sdk/lib/tinyusb/src/class/hid/hid_device.c.obj
                0x10005838                hidd_xfer_cb
 .text.tusb_init
                0x100058e0       0x24 CMakeFiles/HIDE-Controller.dir/home/pi/pico/pico-sdk/lib/tinyusb/src/tusb.c.obj
                0x100058e0                tusb_init
 .text.advance_pointer
                0x10005904       0x20 CMakeFiles/HIDE-Controller.dir/home/pi/pico/pico-sdk/lib/tinyusb/src/common/tusb_fifo.c.obj
 .text.get_relative_pointer
                0x10005924       0x10 CMakeFiles/HIDE-Controller.dir/home/pi/pico/pico-sdk/lib/tinyusb/src/common/tusb_fifo.c.obj
 .text.tu_fifo_write
                0x10005934       0x6c CMakeFiles/HIDE-Controller.dir/home/pi/pico/pico-sdk/lib/tinyusb/src/common/tusb_fifo.c.obj
                0x10005934                tu_fifo_write
 .text.tu_fifo_clear
                0x100059a0       0x4c CMakeFiles/HIDE-Controller.dir/home/pi/pico/pico-sdk/lib/tinyusb/src/common/tusb_fifo.c.obj
                0x100059a0                tu_fifo_clear
 .text.board_init
                0x100059ec       0x30 CMakeFiles/HIDE-Controller.dir/home/pi/pico/pico-sdk/lib/tinyusb/hw/bsp/rp2040/family.c.obj
                0x100059ec                board_init
 .text          0x10005a1c       0x64 /usr/lib/gcc/arm-none-eabi/7.3.1/../../../arm-none-eabi/lib/thumb/v6-m/libg.a(lib_a-strlen-stub.o)
                0x10005a1c                strlen
 *(.fini)
 .fini          0x10005a80        0x4 /usr/lib/gcc/arm-none-eabi/7.3.1/thumb/v6-m/crti.o
                0x10005a80                _fini
 *fill*         0x10005a84        0x4 
 .fini.__stub   0x10005a88       0x60 linker stubs
 *crtbegin.o(.ctors)
 *crtbegin?.o(.ctors)
 *(EXCLUDE_FILE(*crtend.o *crtend?.o) .ctors)
 *(SORT_BY_NAME(.ctors.*))
 *(.ctors)
 *crtbegin.o(.dtors)
 *crtbegin?.o(.dtors)
 *(EXCLUDE_FILE(*crtend.o *crtend?.o) .dtors)
 *(SORT_BY_NAME(.dtors.*))
 *(.dtors)
 *(.eh_frame*)
 .eh_frame      0x10005ae8        0x0 /usr/lib/gcc/arm-none-eabi/7.3.1/thumb/v6-m/crtbegin.o
                0x10005ae8                . = ALIGN (0x4)

.glue_7         0x10005ae8        0x0
 .glue_7        0x10005ae8        0x0 linker stubs

.glue_7t        0x10005ae8        0x0
 .glue_7t       0x10005ae8        0x0 linker stubs

.vfp11_veneer   0x10005ae8        0x0
 .vfp11_veneer  0x10005ae8        0x0 linker stubs

.v4_bx          0x10005ae8        0x0
 .v4_bx         0x10005ae8        0x0 linker stubs

.iplt           0x10005ae8        0x0
 .iplt          0x10005ae8        0x0 /usr/lib/gcc/arm-none-eabi/7.3.1/thumb/v6-m/crtbegin.o

.rodata         0x10005ae8     0x1408
 *(EXCLUDE_FILE(*libm.a: *libc.a:*lib_a-mem*.o *libgcc.a:) .rodata*)
 .rodata._Z11getSideName9InputSide.str1.4
                0x10005ae8        0xe CMakeFiles/HIDE-Controller.dir/src/HIDE-Controller.cpp.obj
 *fill*         0x10005af6        0x2 
 .rodata._Z14getButtonStateb.str1.4
                0x10005af8       0x11 CMakeFiles/HIDE-Controller.dir/src/HIDE-Controller.cpp.obj
 *fill*         0x10005b09        0x3 
 .rodata.main.str1.4
                0x10005b0c       0x86 CMakeFiles/HIDE-Controller.dir/src/HIDE-Controller.cpp.obj
 *fill*         0x10005b92        0x2 
 .rodata.tud_hid_report_complete_cb.str1.4
                0x10005b94       0x28 CMakeFiles/HIDE-Controller.dir/src/HIDE-Controller.cpp.obj
 .rodata.tud_hid_set_report_cb.str1.4
                0x10005bbc       0x94 CMakeFiles/HIDE-Controller.dir/src/HIDE-Controller.cpp.obj
 .rodata.desc_hid_report
                0x10005c50       0x44 CMakeFiles/HIDE-Controller.dir/src/usb_descriptors.c.obj
                0x10005c50                desc_hid_report
 .rodata.spin_lock_claim_unused.str1.4
                0x10005c94       0x1b CMakeFiles/HIDE-Controller.dir/home/pi/pico/pico-sdk/src/rp2_common/hardware_sync/sync.c.obj
 *fill*         0x10005caf        0x1 
 .rodata.__func__.5648
                0x10005cb0       0x15 CMakeFiles/HIDE-Controller.dir/home/pi/pico/pico-sdk/src/common/pico_time/time.c.obj
 *fill*         0x10005cc5        0x3 
 .rodata.__func__.5949
                0x10005cc8        0xc CMakeFiles/HIDE-Controller.dir/home/pi/pico/pico-sdk/src/common/pico_time/time.c.obj
 .rodata.__func__.5956
                0x10005cd4       0x12 CMakeFiles/HIDE-Controller.dir/home/pi/pico/pico-sdk/src/common/pico_time/time.c.obj
 *fill*         0x10005ce6        0x2 
 .rodata.__func__.5972
                0x10005ce8        0xf CMakeFiles/HIDE-Controller.dir/home/pi/pico/pico-sdk/src/common/pico_time/time.c.obj
 *fill*         0x10005cf7        0x1 
 .rodata.__func__.5994
                0x10005cf8        0xd CMakeFiles/HIDE-Controller.dir/home/pi/pico/pico-sdk/src/common/pico_time/time.c.obj
 *fill*         0x10005d05        0x3 
 .rodata.__func__.6195
                0x10005d08        0xa CMakeFiles/HIDE-Controller.dir/home/pi/pico/pico-sdk/src/common/pico_time/time.c.obj
 *fill*         0x10005d12        0x2 
 .rodata.__func__.6200
                0x10005d14       0x12 CMakeFiles/HIDE-Controller.dir/home/pi/pico/pico-sdk/src/common/pico_time/time.c.obj
 *fill*         0x10005d26        0x2 
 .rodata.__func__.6215
                0x10005d28       0x17 CMakeFiles/HIDE-Controller.dir/home/pi/pico/pico-sdk/src/common/pico_time/time.c.obj
 *fill*         0x10005d3f        0x1 
 .rodata.__func__.6226
                0x10005d40       0x15 CMakeFiles/HIDE-Controller.dir/home/pi/pico/pico-sdk/src/common/pico_time/time.c.obj
 *fill*         0x10005d55        0x3 
 .rodata.__func__.6243
                0x10005d58       0x1a CMakeFiles/HIDE-Controller.dir/home/pi/pico/pico-sdk/src/common/pico_time/time.c.obj
 *fill*         0x10005d72        0x2 
 .rodata.__func__.6282
                0x10005d74       0x18 CMakeFiles/HIDE-Controller.dir/home/pi/pico/pico-sdk/src/common/pico_time/time.c.obj
 .rodata.add_alarm_under_lock.str1.4
                0x10005d8c       0x28 CMakeFiles/HIDE-Controller.dir/home/pi/pico/pico-sdk/src/common/pico_time/time.c.obj
                                 0x2b (size before relaxing)
 .rodata.alarm_pool_alarm_callback.str1.4
                0x10005db4       0xe2 CMakeFiles/HIDE-Controller.dir/home/pi/pico/pico-sdk/src/common/pico_time/time.c.obj
 *fill*         0x10005e96        0x2 
 .rodata.alarm_pool_cancel_alarm.str1.4
                0x10005e98       0x27 CMakeFiles/HIDE-Controller.dir/home/pi/pico/pico-sdk/src/common/pico_time/time.c.obj
 *fill*         0x10005ebf        0x1 
 .rodata.alarm_pool_dump_key.str1.4
                0x10005ec0       0x33 CMakeFiles/HIDE-Controller.dir/home/pi/pico/pico-sdk/src/common/pico_time/time.c.obj
 *fill*         0x10005ef3        0x1 
 .rodata.alarm_pool_get_default.str1.4
                0x10005ef4       0x21 CMakeFiles/HIDE-Controller.dir/home/pi/pico/pico-sdk/src/common/pico_time/time.c.obj
 *fill*         0x10005f15        0x3 
 .rodata.ph_add_child_node.str1.4
                0x10005f18       0x92 CMakeFiles/HIDE-Controller.dir/home/pi/pico/pico-sdk/src/common/pico_time/time.c.obj
 *fill*         0x10005faa        0x2 
 .rodata.repeating_timer_callback.str1.4
                0x10005fac       0x47 CMakeFiles/HIDE-Controller.dir/home/pi/pico/pico-sdk/src/common/pico_time/time.c.obj
 *fill*         0x10005ff3        0x1 
 .rodata.sleep_until.str1.4
                0x10005ff4       0x4d CMakeFiles/HIDE-Controller.dir/home/pi/pico/pico-sdk/src/common/pico_time/time.c.obj
 *fill*         0x10006041        0x3 
 .rodata.__func__.4508
                0x10006044       0x1a CMakeFiles/HIDE-Controller.dir/home/pi/pico/pico-sdk/src/rp2_common/hardware_timer/timer.c.obj
 *fill*         0x1000605e        0x2 
 .rodata.hardware_alarm_claim.str1.4
                0x10006060       0x22 CMakeFiles/HIDE-Controller.dir/home/pi/pico/pico-sdk/src/rp2_common/hardware_timer/timer.c.obj
 *fill*         0x10006082        0x2 
 .rodata.hardware_alarm_set_target.str1.4
                0x10006084       0x61 CMakeFiles/HIDE-Controller.dir/home/pi/pico/pico-sdk/src/rp2_common/hardware_timer/timer.c.obj
 *fill*         0x100060e5        0x3 
 .rodata.__func__.4173
                0x100060e8       0x15 CMakeFiles/HIDE-Controller.dir/home/pi/pico/pico-sdk/src/common/pico_sync/mutex.c.obj
 *fill*         0x100060fd        0x3 
 .rodata.__func__.4570
                0x10006100       0x15 CMakeFiles/HIDE-Controller.dir/home/pi/pico/pico-sdk/src/common/pico_sync/mutex.c.obj
 *fill*         0x10006115        0x3 
 .rodata.__func__.4595
                0x10006118       0x18 CMakeFiles/HIDE-Controller.dir/home/pi/pico/pico-sdk/src/common/pico_sync/mutex.c.obj
 .rodata.__func__.4605
                0x10006130        0xb CMakeFiles/HIDE-Controller.dir/home/pi/pico/pico-sdk/src/common/pico_sync/mutex.c.obj
 *fill*         0x1000613b        0x1 
 .rodata.str1.4
                0x1000613c       0xad CMakeFiles/HIDE-Controller.dir/home/pi/pico/pico-sdk/src/common/pico_sync/mutex.c.obj
                                0x10d (size before relaxing)
 *fill*         0x100061e9        0x3 
 .rodata.__func__.5655
                0x100061ec        0xc CMakeFiles/HIDE-Controller.dir/home/pi/pico/pico-sdk/src/common/pico_util/pheap.c.obj
 .rodata.__func__.5662
                0x100061f8       0x12 CMakeFiles/HIDE-Controller.dir/home/pi/pico/pico-sdk/src/common/pico_util/pheap.c.obj
 *fill*         0x1000620a        0x2 
 .rodata.__func__.5748
                0x1000620c       0x13 CMakeFiles/HIDE-Controller.dir/home/pi/pico/pico-sdk/src/common/pico_util/pheap.c.obj
 *fill*         0x1000621f        0x1 
 .rodata.__func__.5766
                0x10006220       0x18 CMakeFiles/HIDE-Controller.dir/home/pi/pico/pico-sdk/src/common/pico_util/pheap.c.obj
 .rodata.ph_add_child_node.str1.4
                0x10006238       0x92 CMakeFiles/HIDE-Controller.dir/home/pi/pico/pico-sdk/src/common/pico_util/pheap.c.obj
 .rodata.ph_remove_and_free_node.str1.4
                0x10006238       0x26 CMakeFiles/HIDE-Controller.dir/home/pi/pico/pico-sdk/src/common/pico_util/pheap.c.obj
 *fill*         0x1000625e        0x2 
 .rodata.ph_remove_any_head.str1.4
                0x10006260       0x88 CMakeFiles/HIDE-Controller.dir/home/pi/pico/pico-sdk/src/common/pico_util/pheap.c.obj
 .rodata.__assert_func.str1.4
                0x100062e8       0x3f CMakeFiles/HIDE-Controller.dir/home/pi/pico/pico-sdk/src/rp2_common/pico_runtime/runtime.c.obj
                                 0x43 (size before relaxing)
 *fill*         0x10006327        0x1 
 .rodata.panic.str1.4
                0x10006328       0x10 CMakeFiles/HIDE-Controller.dir/home/pi/pico/pico-sdk/src/rp2_common/pico_runtime/runtime.c.obj
                                 0x12 (size before relaxing)
 .rodata.__func__.4627
                0x10006338       0x10 CMakeFiles/HIDE-Controller.dir/home/pi/pico/pico-sdk/src/rp2_common/hardware_clocks/clocks.c.obj
 .rodata.clock_configure.str1.4
                0x10006348       0x53 CMakeFiles/HIDE-Controller.dir/home/pi/pico/pico-sdk/src/rp2_common/hardware_clocks/clocks.c.obj
 *fill*         0x1000639b        0x1 
 .rodata.__func__.4663
                0x1000639c       0x1a CMakeFiles/HIDE-Controller.dir/home/pi/pico/pico-sdk/src/rp2_common/hardware_irq/irq.c.obj
 *fill*         0x100063b6        0x2 
 .rodata.__func__.4677
                0x100063b8        0xc CMakeFiles/HIDE-Controller.dir/home/pi/pico/pico-sdk/src/rp2_common/hardware_irq/irq.c.obj
 .rodata.__func__.4685
                0x100063c4       0x17 CMakeFiles/HIDE-Controller.dir/home/pi/pico/pico-sdk/src/rp2_common/hardware_irq/irq.c.obj
 *fill*         0x100063db        0x1 
 .rodata.__func__.4689
                0x100063dc        0xf CMakeFiles/HIDE-Controller.dir/home/pi/pico/pico-sdk/src/rp2_common/hardware_irq/irq.c.obj
 *fill*         0x100063eb        0x1 
 .rodata.__func__.4728
                0x100063ec       0x13 CMakeFiles/HIDE-Controller.dir/home/pi/pico/pico-sdk/src/rp2_common/hardware_irq/irq.c.obj
 *fill*         0x100063ff        0x1 
 .rodata.__func__.4747
                0x10006400       0x1a CMakeFiles/HIDE-Controller.dir/home/pi/pico/pico-sdk/src/rp2_common/hardware_irq/irq.c.obj
 *fill*         0x1000641a        0x2 
 .rodata.irq_add_shared_handler.str1.4
                0x1000641c       0xd9 CMakeFiles/HIDE-Controller.dir/home/pi/pico/pico-sdk/src/rp2_common/hardware_irq/irq.c.obj
 *fill*         0x100064f5        0x3 
 .rodata.irq_add_tail_to_free_list.str1.4
                0x100064f8       0x32 CMakeFiles/HIDE-Controller.dir/home/pi/pico/pico-sdk/src/rp2_common/hardware_irq/irq.c.obj
                                 0x3a (size before relaxing)
 *fill*         0x1000652a        0x2 
 .rodata.irq_remove_handler.str1.4
                0x1000652c       0x2a CMakeFiles/HIDE-Controller.dir/home/pi/pico/pico-sdk/src/rp2_common/hardware_irq/irq.c.obj
 *fill*         0x10006556        0x2 
 .rodata.irq_set_exclusive_handler.str1.4
                0x10006558       0x36 CMakeFiles/HIDE-Controller.dir/home/pi/pico/pico-sdk/src/rp2_common/hardware_irq/irq.c.obj
 *fill*         0x1000658e        0x2 
 .rodata.make_branch.str1.4
                0x10006590       0x49 CMakeFiles/HIDE-Controller.dir/home/pi/pico/pico-sdk/src/rp2_common/hardware_irq/irq.c.obj
 *fill*         0x100065d9        0x3 
 .rodata.__func__.4362
                0x100065dc        0x9 CMakeFiles/HIDE-Controller.dir/home/pi/pico/pico-sdk/src/rp2_common/hardware_pll/pll.c.obj
 *fill*         0x100065e5        0x3 
 .rodata.pll_init.str1.4
                0x100065e8       0xd7 CMakeFiles/HIDE-Controller.dir/home/pi/pico/pico-sdk/src/rp2_common/hardware_pll/pll.c.obj
 *fill*         0x100066bf        0x1 
 .rodata._vsnprintf
                0x100066c0      0x1e0 CMakeFiles/HIDE-Controller.dir/home/pi/pico/pico-sdk/src/rp2_common/pico_printf/printf.c.obj
 .rodata._ftoa.str1.4
                0x100068a0       0x15 CMakeFiles/HIDE-Controller.dir/home/pi/pico/pico-sdk/src/rp2_common/pico_printf/printf.c.obj
 *fill*         0x100068b5        0x3 
 .rodata.pow10.5369
                0x100068b8       0x50 CMakeFiles/HIDE-Controller.dir/home/pi/pico/pico-sdk/src/rp2_common/pico_printf/printf.c.obj
 .rodata.__aeabi_double_init.str1.4
                0x10006908       0xa4 CMakeFiles/HIDE-Controller.dir/home/pi/pico/pico-sdk/src/rp2_common/pico_double/double_init_rom.c.obj
 .rodata.__func__.4628
                0x100069ac       0x14 CMakeFiles/HIDE-Controller.dir/home/pi/pico/pico-sdk/src/rp2_common/pico_double/double_init_rom.c.obj
 .rodata.__aeabi_float_init.str1.4
                0x100069c0       0x76 CMakeFiles/HIDE-Controller.dir/home/pi/pico/pico-sdk/src/rp2_common/pico_float/float_init_rom.c.obj
                                 0x7a (size before relaxing)
 *fill*         0x10006a36        0x2 
 .rodata.__func__.4630
                0x10006a38       0x13 CMakeFiles/HIDE-Controller.dir/home/pi/pico/pico-sdk/src/rp2_common/pico_float/float_init_rom.c.obj
 *fill*         0x10006a4b        0x1 
 .rodata.__bi_44
                0x10006a4c        0xc CMakeFiles/HIDE-Controller.dir/home/pi/pico/pico-sdk/src/rp2_common/pico_standard_link/binary_info.c.obj
 .rodata.__bi_56
                0x10006a58        0xc CMakeFiles/HIDE-Controller.dir/home/pi/pico/pico-sdk/src/rp2_common/pico_standard_link/binary_info.c.obj
 .rodata.__bi_75
                0x10006a64        0xc CMakeFiles/HIDE-Controller.dir/home/pi/pico/pico-sdk/src/rp2_common/pico_standard_link/binary_info.c.obj
 .rodata.__bi_81
                0x10006a70        0xc CMakeFiles/HIDE-Controller.dir/home/pi/pico/pico-sdk/src/rp2_common/pico_standard_link/binary_info.c.obj
 .rodata.str1.4
                0x10006a7c       0x48 CMakeFiles/HIDE-Controller.dir/home/pi/pico/pico-sdk/src/rp2_common/pico_standard_link/binary_info.c.obj
 .rodata.crlf_str.5957
                0x10006ac4        0x2 CMakeFiles/HIDE-Controller.dir/home/pi/pico/pico-sdk/src/rp2_common/pico_stdio/stdio.c.obj
 *fill*         0x10006ac6        0x2 
 .rodata.__bi_28.4699
                0x10006ac8        0xc CMakeFiles/HIDE-Controller.dir/home/pi/pico/pico-sdk/src/rp2_common/pico_stdio_uart/stdio_uart.c.obj
 .rodata.__bi_29.4703
                0x10006ad4        0x8 CMakeFiles/HIDE-Controller.dir/home/pi/pico/pico-sdk/src/rp2_common/pico_stdio_uart/stdio_uart.c.obj
 .rodata.str1.4
                0x10006adc       0x2c CMakeFiles/HIDE-Controller.dir/home/pi/pico/pico-sdk/src/rp2_common/pico_stdio_uart/stdio_uart.c.obj
 .rodata.__func__.6787
                0x10006b08       0x13 CMakeFiles/HIDE-Controller.dir/home/pi/pico/pico-sdk/lib/tinyusb/src/portable/raspberrypi/rp2040/dcd_rp2040.c.obj
 *fill*         0x10006b1b        0x1 
 .rodata.__func__.6818
                0x10006b1c       0x16 CMakeFiles/HIDE-Controller.dir/home/pi/pico/pico-sdk/lib/tinyusb/src/portable/raspberrypi/rp2040/dcd_rp2040.c.obj
 *fill*         0x10006b32        0x2 
 .rodata.__func__.6860
                0x10006b34        0x9 CMakeFiles/HIDE-Controller.dir/home/pi/pico/pico-sdk/lib/tinyusb/src/portable/raspberrypi/rp2040/dcd_rp2040.c.obj
 *fill*         0x10006b3d        0x3 
 .rodata.__func__.6864
                0x10006b40        0xf CMakeFiles/HIDE-Controller.dir/home/pi/pico/pico-sdk/lib/tinyusb/src/portable/raspberrypi/rp2040/dcd_rp2040.c.obj
 *fill*         0x10006b4f        0x1 
 .rodata.__func__.6885
                0x10006b50        0xc CMakeFiles/HIDE-Controller.dir/home/pi/pico/pico-sdk/lib/tinyusb/src/portable/raspberrypi/rp2040/dcd_rp2040.c.obj
 .rodata.__func__.6895
                0x10006b5c        0xe CMakeFiles/HIDE-Controller.dir/home/pi/pico/pico-sdk/lib/tinyusb/src/portable/raspberrypi/rp2040/dcd_rp2040.c.obj
 *fill*         0x10006b6a        0x2 
 .rodata.__func__.6902
                0x10006b6c        0xe CMakeFiles/HIDE-Controller.dir/home/pi/pico/pico-sdk/lib/tinyusb/src/portable/raspberrypi/rp2040/dcd_rp2040.c.obj
 *fill*         0x10006b7a        0x2 
 .rodata._hw_endpoint_alloc.str1.4
                0x10006b7c       0xb1 CMakeFiles/HIDE-Controller.dir/home/pi/pico/pico-sdk/lib/tinyusb/src/portable/raspberrypi/rp2040/dcd_rp2040.c.obj
 *fill*         0x10006c2d        0x3 
 .rodata._hw_endpoint_init.str1.4
                0x10006c30       0x28 CMakeFiles/HIDE-Controller.dir/home/pi/pico/pico-sdk/lib/tinyusb/src/portable/raspberrypi/rp2040/dcd_rp2040.c.obj
 .rodata.dcd_int_enable.str1.4
                0x10006c58        0xc CMakeFiles/HIDE-Controller.dir/home/pi/pico/pico-sdk/lib/tinyusb/src/portable/raspberrypi/rp2040/dcd_rp2040.c.obj
 .rodata.dcd_rp2040_irq.str1.4
                0x10006c64       0x14 CMakeFiles/HIDE-Controller.dir/home/pi/pico/pico-sdk/lib/tinyusb/src/portable/raspberrypi/rp2040/dcd_rp2040.c.obj
 .rodata.hw_handle_buff_status.str1.4
                0x10006c78        0xb CMakeFiles/HIDE-Controller.dir/home/pi/pico/pico-sdk/lib/tinyusb/src/portable/raspberrypi/rp2040/dcd_rp2040.c.obj
 *fill*         0x10006c83        0x1 
 .rodata.__func__.6566
                0x10006c84       0x17 CMakeFiles/HIDE-Controller.dir/home/pi/pico/pico-sdk/lib/tinyusb/src/portable/raspberrypi/rp2040/rp2040_usb.c.obj
 *fill*         0x10006c9b        0x1 
 .rodata.__func__.6577
                0x10006c9c       0x12 CMakeFiles/HIDE-Controller.dir/home/pi/pico/pico-sdk/lib/tinyusb/src/portable/raspberrypi/rp2040/rp2040_usb.c.obj
 *fill*         0x10006cae        0x2 
 .rodata._hw_endpoint_buffer_control_update32.str1.4
                0x10006cb0       0x1f CMakeFiles/HIDE-Controller.dir/home/pi/pico/pico-sdk/lib/tinyusb/src/portable/raspberrypi/rp2040/rp2040_usb.c.obj
 *fill*         0x10006ccf        0x1 
 .rodata._hw_endpoint_xfer.str1.4
                0x10006cd0        0xf CMakeFiles/HIDE-Controller.dir/home/pi/pico/pico-sdk/lib/tinyusb/src/portable/raspberrypi/rp2040/rp2040_usb.c.obj
 *fill*         0x10006cdf        0x1 
 .rodata._hw_endpoint_xfer_continue.str1.4
                0x10006ce0       0x50 CMakeFiles/HIDE-Controller.dir/home/pi/pico/pico-sdk/lib/tinyusb/src/portable/raspberrypi/rp2040/rp2040_usb.c.obj
 .rodata._hw_endpoint_xfer_sync.str1.4
                0x10006d30       0x8d CMakeFiles/HIDE-Controller.dir/home/pi/pico/pico-sdk/lib/tinyusb/src/portable/raspberrypi/rp2040/rp2040_usb.c.obj
 .rodata.str1.4
                0x10006dbd       0x8d CMakeFiles/HIDE-Controller.dir/home/pi/pico/pico-sdk/lib/tinyusb/src/portable/raspberrypi/rp2040/rp2040_usb.c.obj
                                  0x7 (size before relaxing)
 *fill*         0x10006dbd        0x3 
 .rodata.__func__.6440
                0x10006dc0       0x10 CMakeFiles/HIDE-Controller.dir/home/pi/pico/pico-sdk/lib/tinyusb/src/device/usbd.c.obj
 .rodata.__func__.7471
                0x10006dd0       0x14 CMakeFiles/HIDE-Controller.dir/home/pi/pico/pico-sdk/lib/tinyusb/src/device/usbd.c.obj
 .rodata.__func__.7487
                0x10006de4        0xf CMakeFiles/HIDE-Controller.dir/home/pi/pico/pico-sdk/lib/tinyusb/src/device/usbd.c.obj
 *fill*         0x10006df3        0x1 
 .rodata.__func__.7515
                0x10006df4        0xf CMakeFiles/HIDE-Controller.dir/home/pi/pico/pico-sdk/lib/tinyusb/src/device/usbd.c.obj
 *fill*         0x10006e03        0x1 
 .rodata._usbd_driver
                0x10006e04       0x18 CMakeFiles/HIDE-Controller.dir/home/pi/pico/pico-sdk/lib/tinyusb/src/device/usbd.c.obj
 .rodata.process_set_config.str1.4
                0x10006e1c       0x17 CMakeFiles/HIDE-Controller.dir/home/pi/pico/pico-sdk/lib/tinyusb/src/device/usbd.c.obj
 *fill*         0x10006e33        0x1 
 .rodata.__func__.7228
                0x10006e34       0x11 CMakeFiles/HIDE-Controller.dir/home/pi/pico/pico-sdk/lib/tinyusb/src/device/usbd_control.c.obj
 .rodata.tud_control_xfer.str1.4
                0x10006e45       0x17 CMakeFiles/HIDE-Controller.dir/home/pi/pico/pico-sdk/lib/tinyusb/src/device/usbd_control.c.obj
 *fill*         0x10006e45        0x3 
 .rodata.hidd_control_xfer_cb
                0x10006e48       0x30 CMakeFiles/HIDE-Controller.dir/home/pi/pico/pico-sdk/lib/tinyusb/src/class/hid/hid_device.c.obj
 .rodata.__PRETTY_FUNCTION__.7184
                0x10006e78        0xa CMakeFiles/HIDE-Controller.dir/home/pi/pico/pico-sdk/lib/tinyusb/src/class/hid/hid_device.c.obj
 *fill*         0x10006e82        0x2 
 .rodata.__func__.7177
                0x10006e84        0xa CMakeFiles/HIDE-Controller.dir/home/pi/pico/pico-sdk/lib/tinyusb/src/class/hid/hid_device.c.obj
 *fill*         0x10006e8e        0x2 
 .rodata.__func__.7198
                0x10006e90       0x15 CMakeFiles/HIDE-Controller.dir/home/pi/pico/pico-sdk/lib/tinyusb/src/class/hid/hid_device.c.obj
 *fill*         0x10006ea5        0x3 
 .rodata.__func__.7219
                0x10006ea8        0xd CMakeFiles/HIDE-Controller.dir/home/pi/pico/pico-sdk/lib/tinyusb/src/class/hid/hid_device.c.obj
 *fill*         0x10006eb5        0x3 
 .rodata.hidd_open.str1.4
                0x10006eb8       0x11 CMakeFiles/HIDE-Controller.dir/home/pi/pico/pico-sdk/lib/tinyusb/src/class/hid/hid_device.c.obj
                                 0x29 (size before relaxing)
 *fill*         0x10006ec9        0x3 
 .rodata.__func__.7104
                0x10006ecc        0xa CMakeFiles/HIDE-Controller.dir/home/pi/pico/pico-sdk/lib/tinyusb/src/tusb.c.obj
 .rodata.tusb_init.str1.4
                0x10006ed6       0x17 CMakeFiles/HIDE-Controller.dir/home/pi/pico/pico-sdk/lib/tinyusb/src/tusb.c.obj
 *fill*         0x10006ed6        0x2 
 .rodata.__bi_121.7539
                0x10006ed8        0xc CMakeFiles/HIDE-Controller.dir/home/pi/pico/pico-sdk/lib/tinyusb/hw/bsp/rp2040/family.c.obj
 .rodata.__bi_131.7542
                0x10006ee4        0x8 CMakeFiles/HIDE-Controller.dir/home/pi/pico/pico-sdk/lib/tinyusb/hw/bsp/rp2040/family.c.obj
 .rodata.str1.4
                0x10006eec        0x4 CMakeFiles/HIDE-Controller.dir/home/pi/pico/pico-sdk/lib/tinyusb/hw/bsp/rp2040/family.c.obj
                0x10006ef0                . = ALIGN (0x4)
 *(SORT_BY_ALIGNMENT(SORT_BY_NAME(.flashdata*)))
                0x10006ef0                . = ALIGN (0x4)

.rel.dyn        0x10006ef0        0x0
 .rel.iplt      0x10006ef0        0x0 /usr/lib/gcc/arm-none-eabi/7.3.1/thumb/v6-m/crtbegin.o

.ARM.extab
 *(.ARM.extab* .gnu.linkonce.armextab.*)
                0x10006ef0                __exidx_start = .

.ARM.exidx
 *(.ARM.exidx* .gnu.linkonce.armexidx.*)
                0x10006ef0                __exidx_end = .
                0x10006ef0                . = ALIGN (0x4)
                0x10006ef0                __binary_info_start = .

.binary_info    0x10006ef0       0x30
 *(.binary_info.keep.*)
 .binary_info.keep.__bi_ptr22
                0x10006ef0        0x4 CMakeFiles/HIDE-Controller.dir/home/pi/pico/pico-sdk/src/rp2_common/pico_standard_link/binary_info.c.obj
 .binary_info.keep.__bi_ptr30
                0x10006ef4        0x4 CMakeFiles/HIDE-Controller.dir/home/pi/pico/pico-sdk/src/rp2_common/pico_standard_link/binary_info.c.obj
 .binary_info.keep.__bi_ptr38
                0x10006ef8        0x4 CMakeFiles/HIDE-Controller.dir/home/pi/pico/pico-sdk/src/rp2_common/pico_standard_link/binary_info.c.obj
 .binary_info.keep.__bi_ptr44
                0x10006efc        0x4 CMakeFiles/HIDE-Controller.dir/home/pi/pico/pico-sdk/src/rp2_common/pico_standard_link/binary_info.c.obj
 .binary_info.keep.__bi_ptr50
                0x10006f00        0x4 CMakeFiles/HIDE-Controller.dir/home/pi/pico/pico-sdk/src/rp2_common/pico_standard_link/binary_info.c.obj
 .binary_info.keep.__bi_ptr56
                0x10006f04        0x4 CMakeFiles/HIDE-Controller.dir/home/pi/pico/pico-sdk/src/rp2_common/pico_standard_link/binary_info.c.obj
 .binary_info.keep.__bi_ptr75
                0x10006f08        0x4 CMakeFiles/HIDE-Controller.dir/home/pi/pico/pico-sdk/src/rp2_common/pico_standard_link/binary_info.c.obj
 .binary_info.keep.__bi_ptr81
                0x10006f0c        0x4 CMakeFiles/HIDE-Controller.dir/home/pi/pico/pico-sdk/src/rp2_common/pico_standard_link/binary_info.c.obj
 .binary_info.keep.__bi_ptr121
                0x10006f10        0x4 CMakeFiles/HIDE-Controller.dir/home/pi/pico/pico-sdk/lib/tinyusb/hw/bsp/rp2040/family.c.obj
 .binary_info.keep.__bi_ptr131
                0x10006f14        0x4 CMakeFiles/HIDE-Controller.dir/home/pi/pico/pico-sdk/lib/tinyusb/hw/bsp/rp2040/family.c.obj
 *(.binary_info.*)
 .binary_info.__bi_ptr28
                0x10006f18        0x4 CMakeFiles/HIDE-Controller.dir/home/pi/pico/pico-sdk/src/rp2_common/pico_stdio_uart/stdio_uart.c.obj
 .binary_info.__bi_ptr29
                0x10006f1c        0x4 CMakeFiles/HIDE-Controller.dir/home/pi/pico/pico-sdk/src/rp2_common/pico_stdio_uart/stdio_uart.c.obj
                0x10006f20                __binary_info_end = .
                0x10006f20                . = ALIGN (0x4)
                0x10006f20                __etext = .

.ram_vector_table
                0x20000000       0xc0
 *(.ram_vector_table)
 .ram_vector_table
                0x20000000       0xc0 CMakeFiles/HIDE-Controller.dir/home/pi/pico/pico-sdk/src/rp2_common/pico_runtime/runtime.c.obj
                0x20000000                ram_vector_table

.data           0x200000c0      0x3dc load address 0x10006f20
                0x200000c0                __data_start__ = .
 *(vtable)
 *(.time_critical*)
 .time_critical.mutex_enter_blocking
                0x200000c0       0x94 CMakeFiles/HIDE-Controller.dir/home/pi/pico/pico-sdk/src/common/pico_sync/mutex.c.obj
                0x200000c0                mutex_enter_blocking
 .time_critical.mutex_try_enter
                0x20000154       0x5a CMakeFiles/HIDE-Controller.dir/home/pi/pico/pico-sdk/src/common/pico_sync/mutex.c.obj
                0x20000154                mutex_try_enter
 *fill*         0x200001ae        0x2 
 .time_critical.mutex_enter_block_until
                0x200001b0       0x8c CMakeFiles/HIDE-Controller.dir/home/pi/pico/pico-sdk/src/common/pico_sync/mutex.c.obj
                0x200001b0                mutex_enter_block_until
 .time_critical.mutex_enter_timeout_ms
                0x2000023c       0x6c CMakeFiles/HIDE-Controller.dir/home/pi/pico/pico-sdk/src/common/pico_sync/mutex.c.obj
                0x2000023c                mutex_enter_timeout_ms
 .time_critical.mutex_exit
                0x200002a8       0x94 CMakeFiles/HIDE-Controller.dir/home/pi/pico/pico-sdk/src/common/pico_sync/mutex.c.obj
                0x200002a8                mutex_exit
 *(.text*)
 .text          0x2000033c        0x4 /usr/lib/gcc/arm-none-eabi/7.3.1/thumb/v6-m/libgcc.a(_dvmd_tls.o)
                0x2000033c                __aeabi_ldiv0
                0x2000033c                __aeabi_idiv0
 .text.__stub   0x20000340       0x40 linker stubs
                0x20000380                . = ALIGN (0x4)
 *(.rodata*)
                0x20000380                . = ALIGN (0x4)
 *(.data*)
 .data.LeftSetterPin
                0x20000380        0x4 CMakeFiles/HIDE-Controller.dir/src/HIDE-Controller.cpp.obj
                0x20000380                LeftSetterPin
 .data.RightSetterPin
                0x20000384        0x4 CMakeFiles/HIDE-Controller.dir/src/HIDE-Controller.cpp.obj
                0x20000384                RightSetterPin
 .data.SwPin    0x20000388        0x4 CMakeFiles/HIDE-Controller.dir/src/HIDE-Controller.cpp.obj
                0x20000388                SwPin
 .data.TriggerAdcPin
                0x2000038c        0x4 CMakeFiles/HIDE-Controller.dir/src/HIDE-Controller.cpp.obj
                0x2000038c                TriggerAdcPin
 .data.TriggerPin
                0x20000390        0x4 CMakeFiles/HIDE-Controller.dir/src/HIDE-Controller.cpp.obj
                0x20000390                TriggerPin
 .data.VrxAdcInput
                0x20000394        0x4 CMakeFiles/HIDE-Controller.dir/src/HIDE-Controller.cpp.obj
                0x20000394                VrxAdcInput
 .data.VrxPin   0x20000398        0x4 CMakeFiles/HIDE-Controller.dir/src/HIDE-Controller.cpp.obj
                0x20000398                VrxPin
 .data.VryPin   0x2000039c        0x4 CMakeFiles/HIDE-Controller.dir/src/HIDE-Controller.cpp.obj
                0x2000039c                VryPin
 .data.striped_spin_lock_num
                0x200003a0        0x1 CMakeFiles/HIDE-Controller.dir/home/pi/pico/pico-sdk/src/rp2_common/hardware_sync/sync.c.obj
 *fill*         0x200003a1        0x3 
 .data.default_alarm_pool
                0x200003a4       0x18 CMakeFiles/HIDE-Controller.dir/home/pi/pico/pico-sdk/src/common/pico_time/time.c.obj
 .data.default_alarm_pool_heap
                0x200003bc       0x10 CMakeFiles/HIDE-Controller.dir/home/pi/pico/pico-sdk/src/common/pico_time/time.c.obj
 .data          0x200003cc       0x48 CMakeFiles/HIDE-Controller.dir/home/pi/pico/pico-sdk/src/rp2_common/hardware_irq/irq_handler_chain.S.obj
                0x200003cc                irq_handler_chain_slots
                0x200003fc                irq_handler_chain_first_slot
                0x20000406                irq_handler_chain_remove_tail
 *fill*         0x20000414        0xc 
 .data.aeabi_bits_funcs
                0x20000420       0x10 CMakeFiles/HIDE-Controller.dir/home/pi/pico/pico-sdk/src/rp2_common/pico_bit_ops/bit_ops_aeabi.S.obj
                0x20000420                aeabi_bits_funcs
                0x20000430                aeabi_bits_funcs_end
 .data.aeabi_mem_funcs
                0x20000430       0x10 CMakeFiles/HIDE-Controller.dir/home/pi/pico/pico-sdk/src/rp2_common/pico_mem_ops/mem_ops_aeabi.S.obj
                0x20000430                aeabi_mem_funcs
                0x20000440                aeabi_mem_funcs_end
 .data.stdio_uart
                0x20000440       0x14 CMakeFiles/HIDE-Controller.dir/home/pi/pico/pico-sdk/src/rp2_common/pico_stdio_uart/stdio_uart.c.obj
                0x20000440                stdio_uart
 .data.ep_dir_string
                0x20000454        0x8 CMakeFiles/HIDE-Controller.dir/home/pi/pico/pico-sdk/lib/tinyusb/src/portable/raspberrypi/rp2040/rp2040_usb.c.obj
                0x20000454                ep_dir_string
 .data._usbd_qdef
                0x2000045c       0x24 CMakeFiles/HIDE-Controller.dir/home/pi/pico/pico-sdk/lib/tinyusb/src/device/usbd.c.obj
                0x2000045c                _usbd_qdef
                0x20000480                . = ALIGN (0x4)
 *(.after_data.*)
                0x20000480                . = ALIGN (0x4)
                0x20000480                PROVIDE (__mutex_array_start = .)
 *(SORT_BY_NAME(.mutex_array.*))
 *(.mutex_array)
 .mutex_array   0x20000480        0x8 CMakeFiles/HIDE-Controller.dir/home/pi/pico/pico-sdk/src/rp2_common/pico_stdio/stdio.c.obj
                0x20000488                PROVIDE (__mutex_array_end = .)
                0x20000488                . = ALIGN (0x4)
                0x20000488                PROVIDE (__preinit_array_start = .)
 *(SORT_BY_NAME(.preinit_array.*))
 .preinit_array.00001
                0x20000488        0x4 CMakeFiles/HIDE-Controller.dir/home/pi/pico/pico-sdk/src/rp2_common/pico_mem_ops/mem_ops_aeabi.S.obj
 .preinit_array.00010
                0x2000048c        0x4 CMakeFiles/HIDE-Controller.dir/home/pi/pico/pico-sdk/src/rp2_common/pico_bit_ops/bit_ops_aeabi.S.obj
 .preinit_array.00020
                0x20000490        0x4 CMakeFiles/HIDE-Controller.dir/home/pi/pico/pico-sdk/src/rp2_common/pico_double/double_aeabi.S.obj
 .preinit_array.00020
                0x20000494        0x4 CMakeFiles/HIDE-Controller.dir/home/pi/pico/pico-sdk/src/rp2_common/pico_float/float_aeabi.S.obj
 *(.preinit_array)
                0x20000498                PROVIDE (__preinit_array_end = .)
                0x20000498                . = ALIGN (0x4)
                0x20000498                PROVIDE (__init_array_start = .)
 *(SORT_BY_NAME(.init_array.*))
 *(.init_array)
 .init_array    0x20000498        0x4 /usr/lib/gcc/arm-none-eabi/7.3.1/thumb/v6-m/crtbegin.o
                0x2000049c                PROVIDE (__init_array_end = .)
                0x2000049c                . = ALIGN (0x4)
                0x2000049c                PROVIDE (__fini_array_start = .)
 *(SORT_BY_NAME(.fini_array.*))
 *(.fini_array)
                0x2000049c                PROVIDE (__fini_array_end = .)
 *(.jcr)
                0x2000049c                . = ALIGN (0x4)
                0x2000049c                __data_end__ = .

.tm_clone_table
                0x2000049c        0x0 load address 0x100072fc
 .tm_clone_table
                0x2000049c        0x0 /usr/lib/gcc/arm-none-eabi/7.3.1/thumb/v6-m/crtbegin.o
 .tm_clone_table
                0x2000049c        0x0 /usr/lib/gcc/arm-none-eabi/7.3.1/thumb/v6-m/crtend.o

.igot.plt       0x2000049c        0x0 load address 0x100072fc
 .igot.plt      0x2000049c        0x0 /usr/lib/gcc/arm-none-eabi/7.3.1/thumb/v6-m/crtbegin.o

.uninitialized_data
                0x2000049c        0x0 load address 0x100072fc
                0x2000049c                . = ALIGN (0x4)
 *(.uninitialized_data*)

.scratch_x      0x20040000        0x0 load address 0x100072fc
                0x20040000                __scratch_x_start__ = .
 *(.scratch_x.*)
                0x20040000                . = ALIGN (0x4)
                0x20040000                __scratch_x_end__ = .
                0x100072fc                __scratch_x_source__ = LOADADDR (.scratch_x)

.scratch_y      0x20041000        0x0 load address 0x100072fc
                0x20041000                __scratch_y_start__ = .
 *(.scratch_y.*)
                0x20041000                . = ALIGN (0x4)
                0x20041000                __scratch_y_end__ = .
                0x100072fc                __scratch_y_source__ = LOADADDR (.scratch_y)

.bss            0x200004a0      0x990
                0x200004a0                . = ALIGN (0x4)
                0x200004a0                __bss_start__ = .
 *(SORT_BY_ALIGNMENT(SORT_BY_NAME(.bss*)))
 .bss.default_alarm_pool_entries
                0x200004a0      0x100 CMakeFiles/HIDE-Controller.dir/home/pi/pico/pico-sdk/src/common/pico_time/time.c.obj
 .bss           0x200005a0       0x1c /usr/lib/gcc/arm-none-eabi/7.3.1/thumb/v6-m/crtbegin.o
 .bss.VryAdcInput
                0x200005bc        0x4 CMakeFiles/HIDE-Controller.dir/src/HIDE-Controller.cpp.obj
                0x200005bc                VryAdcInput
 .bss._app_driver
                0x200005c0        0x4 CMakeFiles/HIDE-Controller.dir/home/pi/pico/pico-sdk/lib/tinyusb/src/device/usbd.c.obj
 .bss._ctrl_xfer
                0x200005c4       0x14 CMakeFiles/HIDE-Controller.dir/home/pi/pico/pico-sdk/lib/tinyusb/src/device/usbd_control.c.obj
 .bss._hidd_itf
                0x200005d8       0x4c CMakeFiles/HIDE-Controller.dir/home/pi/pico/pico-sdk/lib/tinyusb/src/class/hid/hid_device.c.obj
 .bss._ubsd_mutexdef
                0x20000624        0x8 CMakeFiles/HIDE-Controller.dir/home/pi/pico/pico-sdk/lib/tinyusb/src/device/usbd.c.obj
 .bss._usbd_ctrl_buf
                0x2000062c       0x40 CMakeFiles/HIDE-Controller.dir/home/pi/pico/pico-sdk/lib/tinyusb/src/device/usbd_control.c.obj
 .bss._usbd_dev
                0x2000066c       0x37 CMakeFiles/HIDE-Controller.dir/home/pi/pico/pico-sdk/lib/tinyusb/src/device/usbd.c.obj
 *fill*         0x200006a3        0x1 
 .bss._usbd_mutex
                0x200006a4        0x4 CMakeFiles/HIDE-Controller.dir/home/pi/pico/pico-sdk/lib/tinyusb/src/device/usbd.c.obj
 .bss._usbd_q   0x200006a8        0x4 CMakeFiles/HIDE-Controller.dir/home/pi/pico/pico-sdk/lib/tinyusb/src/device/usbd.c.obj
 .bss.alarm_callbacks
                0x200006ac       0x10 CMakeFiles/HIDE-Controller.dir/home/pi/pico/pico-sdk/src/rp2_common/hardware_timer/timer.c.obj
 .bss.claimed   0x200006bc        0x4 CMakeFiles/HIDE-Controller.dir/home/pi/pico/pico-sdk/src/rp2_common/hardware_sync/sync.c.obj
 .bss.configured_freq
                0x200006c0       0x28 CMakeFiles/HIDE-Controller.dir/home/pi/pico/pico-sdk/src/rp2_common/hardware_clocks/clocks.c.obj
 .bss.default_alarm_pool_entry_ids_high
                0x200006e8       0x10 CMakeFiles/HIDE-Controller.dir/home/pi/pico/pico-sdk/src/common/pico_time/time.c.obj
 .bss.default_alarm_pool_heap_nodes
                0x200006f8       0x30 CMakeFiles/HIDE-Controller.dir/home/pi/pico/pico-sdk/src/common/pico_time/time.c.obj
 .bss.drivers   0x20000728        0x4 CMakeFiles/HIDE-Controller.dir/home/pi/pico/pico-sdk/src/rp2_common/pico_stdio/stdio.c.obj
 .bss.filter    0x2000072c        0x4 CMakeFiles/HIDE-Controller.dir/home/pi/pico/pico-sdk/src/rp2_common/pico_stdio/stdio.c.obj
 .bss.hw_endpoints
                0x20000730      0x400 CMakeFiles/HIDE-Controller.dir/home/pi/pico/pico-sdk/lib/tinyusb/src/portable/raspberrypi/rp2040/dcd_rp2040.c.obj
 .bss.next_buffer_ptr
                0x20000b30        0x4 CMakeFiles/HIDE-Controller.dir/home/pi/pico/pico-sdk/lib/tinyusb/src/portable/raspberrypi/rp2040/dcd_rp2040.c.obj
 .bss.pools     0x20000b34       0x10 CMakeFiles/HIDE-Controller.dir/home/pi/pico/pico-sdk/src/common/pico_time/time.c.obj
 .bss.sleep_notifier
                0x20000b44        0x4 CMakeFiles/HIDE-Controller.dir/home/pi/pico/pico-sdk/src/common/pico_time/time.c.obj
 .bss.target_hi
                0x20000b48       0x10 CMakeFiles/HIDE-Controller.dir/home/pi/pico/pico-sdk/src/rp2_common/hardware_timer/timer.c.obj
 .bss.uart_inst
                0x20000b58        0x4 CMakeFiles/HIDE-Controller.dir/home/pi/pico/pico-sdk/lib/tinyusb/hw/bsp/rp2040/family.c.obj
 .bss.uart_instance
                0x20000b5c        0x4 CMakeFiles/HIDE-Controller.dir/home/pi/pico/pico-sdk/src/rp2_common/pico_stdio_uart/stdio_uart.c.obj
 .bss._app_driver_count
                0x20000b60        0x1 CMakeFiles/HIDE-Controller.dir/home/pi/pico/pico-sdk/lib/tinyusb/src/device/usbd.c.obj
 .bss._usbd_initialized
                0x20000b61        0x1 CMakeFiles/HIDE-Controller.dir/home/pi/pico/pico-sdk/lib/tinyusb/src/device/usbd.c.obj
 .bss.claimed   0x20000b62        0x1 CMakeFiles/HIDE-Controller.dir/home/pi/pico/pico-sdk/src/rp2_common/hardware_timer/timer.c.obj
 .bss.irq_hander_chain_free_slot_head
                0x20000b63        0x1 CMakeFiles/HIDE-Controller.dir/home/pi/pico/pico-sdk/src/rp2_common/hardware_irq/irq.c.obj
 .bss.timer_callbacks_pending
                0x20000b64        0x1 CMakeFiles/HIDE-Controller.dir/home/pi/pico/pico-sdk/src/rp2_common/hardware_timer/timer.c.obj
 *(COMMON)
 *fill*         0x20000b65        0x3 
 COMMON         0x20000b68        0x4 CMakeFiles/HIDE-Controller.dir/home/pi/pico/pico-sdk/src/rp2_common/hardware_uart/uart.c.obj
                0x20000b68                uart_char_to_line_feed
 COMMON         0x20000b6c      0x100 CMakeFiles/HIDE-Controller.dir/home/pi/pico/pico-sdk/src/rp2_common/pico_double/double_init_rom.c.obj
                0x20000b6c                sd_table
 COMMON         0x20000c6c      0x104 CMakeFiles/HIDE-Controller.dir/home/pi/pico/pico-sdk/src/rp2_common/pico_float/float_init_rom.c.obj
                0x20000c6c                sf_table
                0x20000d6c                sf_clz_func
 COMMON         0x20000d70       0xc0 CMakeFiles/HIDE-Controller.dir/home/pi/pico/pico-sdk/lib/tinyusb/src/device/usbd.c.obj
                0x20000d70                _usbd_qdef_buf
                0x20000e30                . = ALIGN (0x4)
                0x20000e30                __bss_end__ = .

.heap           0x20000e30      0x800
                0x20000e30                __end__ = .
                0x20000e30                end = __end__
 *(.heap*)
 .heap          0x20000e30      0x800 CMakeFiles/HIDE-Controller.dir/home/pi/pico/pico-sdk/src/rp2_common/pico_standard_link/crt0.S.obj
                0x20001630                __HeapLimit = .

.stack1_dummy   0x20040000        0x0
 *(.stack1*)

.stack_dummy    0x20041000      0x800
 *(.stack*)
 .stack         0x20041000      0x800 CMakeFiles/HIDE-Controller.dir/home/pi/pico/pico-sdk/src/rp2_common/pico_standard_link/crt0.S.obj

.flash_end      0x100072fc        0x0
                0x100072fc                __flash_binary_end = .
                0x20040000                __StackLimit = (ORIGIN (RAM) + LENGTH (RAM))
                0x20041000                __StackOneTop = (ORIGIN (SCRATCH_X) + LENGTH (SCRATCH_X))
                0x20042000                __StackTop = (ORIGIN (SCRATCH_Y) + LENGTH (SCRATCH_Y))
                0x20041000                __StackOneBottom = (__StackOneTop - SIZEOF (.stack1_dummy))
                0x20041800                __StackBottom = (__StackTop - SIZEOF (.stack_dummy))
                0x20042000                PROVIDE (__stack = __StackTop)
                0x00000001                ASSERT ((__StackLimit >= __HeapLimit), region RAM overflowed)
                0x00000001                ASSERT (((__binary_info_header_end - __logical_binary_start) <= 0x100), Binary info must be in first 256 bytes of the binary)
LOAD CMakeFiles/HIDE-Controller.dir/src/HIDE-Controller.cpp.obj
LOAD CMakeFiles/HIDE-Controller.dir/src/usb_descriptors.c.obj
LOAD CMakeFiles/HIDE-Controller.dir/home/pi/pico/pico-sdk/src/rp2_common/pico_stdlib/stdlib.c.obj
LOAD CMakeFiles/HIDE-Controller.dir/home/pi/pico/pico-sdk/src/rp2_common/hardware_gpio/gpio.c.obj
LOAD CMakeFiles/HIDE-Controller.dir/home/pi/pico/pico-sdk/src/rp2_common/hardware_claim/claim.c.obj
LOAD CMakeFiles/HIDE-Controller.dir/home/pi/pico/pico-sdk/src/rp2_common/pico_platform/platform.c.obj
LOAD CMakeFiles/HIDE-Controller.dir/home/pi/pico/pico-sdk/src/rp2_common/hardware_sync/sync.c.obj
LOAD CMakeFiles/HIDE-Controller.dir/home/pi/pico/pico-sdk/src/rp2_common/hardware_uart/uart.c.obj
LOAD CMakeFiles/HIDE-Controller.dir/home/pi/pico/pico-sdk/src/rp2_common/hardware_divider/divider.S.obj
LOAD CMakeFiles/HIDE-Controller.dir/home/pi/pico/pico-sdk/src/common/pico_time/time.c.obj
LOAD CMakeFiles/HIDE-Controller.dir/home/pi/pico/pico-sdk/src/common/pico_time/timeout_helper.c.obj
LOAD CMakeFiles/HIDE-Controller.dir/home/pi/pico/pico-sdk/src/rp2_common/hardware_timer/timer.c.obj
LOAD CMakeFiles/HIDE-Controller.dir/home/pi/pico/pico-sdk/src/common/pico_sync/sem.c.obj
LOAD CMakeFiles/HIDE-Controller.dir/home/pi/pico/pico-sdk/src/common/pico_sync/lock_core.c.obj
LOAD CMakeFiles/HIDE-Controller.dir/home/pi/pico/pico-sdk/src/common/pico_sync/mutex.c.obj
LOAD CMakeFiles/HIDE-Controller.dir/home/pi/pico/pico-sdk/src/common/pico_sync/critical_section.c.obj
LOAD CMakeFiles/HIDE-Controller.dir/home/pi/pico/pico-sdk/src/common/pico_util/datetime.c.obj
LOAD CMakeFiles/HIDE-Controller.dir/home/pi/pico/pico-sdk/src/common/pico_util/pheap.c.obj
LOAD CMakeFiles/HIDE-Controller.dir/home/pi/pico/pico-sdk/src/common/pico_util/queue.c.obj
LOAD CMakeFiles/HIDE-Controller.dir/home/pi/pico/pico-sdk/src/rp2_common/pico_runtime/runtime.c.obj
LOAD CMakeFiles/HIDE-Controller.dir/home/pi/pico/pico-sdk/src/rp2_common/hardware_clocks/clocks.c.obj
LOAD CMakeFiles/HIDE-Controller.dir/home/pi/pico/pico-sdk/src/rp2_common/hardware_irq/irq.c.obj
LOAD CMakeFiles/HIDE-Controller.dir/home/pi/pico/pico-sdk/src/rp2_common/hardware_irq/irq_handler_chain.S.obj
LOAD CMakeFiles/HIDE-Controller.dir/home/pi/pico/pico-sdk/src/rp2_common/hardware_pll/pll.c.obj
LOAD CMakeFiles/HIDE-Controller.dir/home/pi/pico/pico-sdk/src/rp2_common/hardware_vreg/vreg.c.obj
LOAD CMakeFiles/HIDE-Controller.dir/home/pi/pico/pico-sdk/src/rp2_common/hardware_watchdog/watchdog.c.obj
LOAD CMakeFiles/HIDE-Controller.dir/home/pi/pico/pico-sdk/src/rp2_common/hardware_xosc/xosc.c.obj
LOAD CMakeFiles/HIDE-Controller.dir/home/pi/pico/pico-sdk/src/rp2_common/pico_printf/printf.c.obj
LOAD CMakeFiles/HIDE-Controller.dir/home/pi/pico/pico-sdk/src/rp2_common/pico_bit_ops/bit_ops_aeabi.S.obj
LOAD CMakeFiles/HIDE-Controller.dir/home/pi/pico/pico-sdk/src/rp2_common/pico_bootrom/bootrom.c.obj
LOAD CMakeFiles/HIDE-Controller.dir/home/pi/pico/pico-sdk/src/rp2_common/pico_divider/divider.S.obj
LOAD CMakeFiles/HIDE-Controller.dir/home/pi/pico/pico-sdk/src/rp2_common/pico_double/double_aeabi.S.obj
LOAD CMakeFiles/HIDE-Controller.dir/home/pi/pico/pico-sdk/src/rp2_common/pico_double/double_init_rom.c.obj
LOAD CMakeFiles/HIDE-Controller.dir/home/pi/pico/pico-sdk/src/rp2_common/pico_double/double_math.c.obj
LOAD CMakeFiles/HIDE-Controller.dir/home/pi/pico/pico-sdk/src/rp2_common/pico_double/double_v1_rom_shim.S.obj
LOAD CMakeFiles/HIDE-Controller.dir/home/pi/pico/pico-sdk/src/rp2_common/pico_int64_ops/pico_int64_ops_aeabi.S.obj
LOAD CMakeFiles/HIDE-Controller.dir/home/pi/pico/pico-sdk/src/rp2_common/pico_float/float_aeabi.S.obj
LOAD CMakeFiles/HIDE-Controller.dir/home/pi/pico/pico-sdk/src/rp2_common/pico_float/float_init_rom.c.obj
LOAD CMakeFiles/HIDE-Controller.dir/home/pi/pico/pico-sdk/src/rp2_common/pico_float/float_math.c.obj
LOAD CMakeFiles/HIDE-Controller.dir/home/pi/pico/pico-sdk/src/rp2_common/pico_float/float_v1_rom_shim.S.obj
LOAD CMakeFiles/HIDE-Controller.dir/home/pi/pico/pico-sdk/src/rp2_common/pico_malloc/pico_malloc.c.obj
LOAD CMakeFiles/HIDE-Controller.dir/home/pi/pico/pico-sdk/src/rp2_common/pico_mem_ops/mem_ops_aeabi.S.obj
LOAD CMakeFiles/HIDE-Controller.dir/home/pi/pico/pico-sdk/src/rp2_common/pico_standard_link/crt0.S.obj
LOAD CMakeFiles/HIDE-Controller.dir/home/pi/pico/pico-sdk/src/rp2_common/pico_standard_link/new_delete.cpp.obj
LOAD CMakeFiles/HIDE-Controller.dir/home/pi/pico/pico-sdk/src/rp2_common/pico_standard_link/binary_info.c.obj
LOAD CMakeFiles/HIDE-Controller.dir/home/pi/pico/pico-sdk/src/rp2_common/pico_stdio/stdio.c.obj
LOAD CMakeFiles/HIDE-Controller.dir/home/pi/pico/pico-sdk/src/rp2_common/pico_stdio_uart/stdio_uart.c.obj
LOAD CMakeFiles/HIDE-Controller.dir/home/pi/pico/pico-sdk/src/rp2_common/hardware_interp/interp.c.obj
LOAD CMakeFiles/HIDE-Controller.dir/home/pi/pico/pico-sdk/src/rp2_common/hardware_adc/adc.c.obj
LOAD CMakeFiles/HIDE-Controller.dir/home/pi/pico/pico-sdk/lib/tinyusb/src/portable/raspberrypi/rp2040/dcd_rp2040.c.obj
LOAD CMakeFiles/HIDE-Controller.dir/home/pi/pico/pico-sdk/lib/tinyusb/src/portable/raspberrypi/rp2040/rp2040_usb.c.obj
LOAD CMakeFiles/HIDE-Controller.dir/home/pi/pico/pico-sdk/lib/tinyusb/src/device/usbd.c.obj
LOAD CMakeFiles/HIDE-Controller.dir/home/pi/pico/pico-sdk/lib/tinyusb/src/device/usbd_control.c.obj
LOAD CMakeFiles/HIDE-Controller.dir/home/pi/pico/pico-sdk/lib/tinyusb/src/class/audio/audio_device.c.obj
LOAD CMakeFiles/HIDE-Controller.dir/home/pi/pico/pico-sdk/lib/tinyusb/src/class/cdc/cdc_device.c.obj
LOAD CMakeFiles/HIDE-Controller.dir/home/pi/pico/pico-sdk/lib/tinyusb/src/class/dfu/dfu_device.c.obj
LOAD CMakeFiles/HIDE-Controller.dir/home/pi/pico/pico-sdk/lib/tinyusb/src/class/dfu/dfu_rt_device.c.obj
LOAD CMakeFiles/HIDE-Controller.dir/home/pi/pico/pico-sdk/lib/tinyusb/src/class/hid/hid_device.c.obj
LOAD CMakeFiles/HIDE-Controller.dir/home/pi/pico/pico-sdk/lib/tinyusb/src/class/midi/midi_device.c.obj
LOAD CMakeFiles/HIDE-Controller.dir/home/pi/pico/pico-sdk/lib/tinyusb/src/class/msc/msc_device.c.obj
LOAD CMakeFiles/HIDE-Controller.dir/home/pi/pico/pico-sdk/lib/tinyusb/src/class/net/net_device.c.obj
LOAD CMakeFiles/HIDE-Controller.dir/home/pi/pico/pico-sdk/lib/tinyusb/src/class/usbtmc/usbtmc_device.c.obj
LOAD CMakeFiles/HIDE-Controller.dir/home/pi/pico/pico-sdk/lib/tinyusb/src/class/vendor/vendor_device.c.obj
LOAD CMakeFiles/HIDE-Controller.dir/home/pi/pico/pico-sdk/lib/tinyusb/src/tusb.c.obj
LOAD CMakeFiles/HIDE-Controller.dir/home/pi/pico/pico-sdk/lib/tinyusb/src/common/tusb_fifo.c.obj
LOAD CMakeFiles/HIDE-Controller.dir/home/pi/pico/pico-sdk/src/rp2_common/pico_fix/rp2040_usb_device_enumeration/rp2040_usb_device_enumeration.c.obj
LOAD CMakeFiles/HIDE-Controller.dir/home/pi/pico/pico-sdk/lib/tinyusb/hw/bsp/rp2040/family.c.obj
LOAD /tmp/cckkRWYS.o
LOAD /usr/lib/gcc/arm-none-eabi/7.3.1/../../../arm-none-eabi/lib/thumb/v6-m/libstdc++.a
LOAD /usr/lib/gcc/arm-none-eabi/7.3.1/../../../arm-none-eabi/lib/thumb/v6-m/libm.a
START GROUP
LOAD /usr/lib/gcc/arm-none-eabi/7.3.1/thumb/v6-m/libgcc.a
LOAD /usr/lib/gcc/arm-none-eabi/7.3.1/../../../arm-none-eabi/lib/thumb/v6-m/libg.a
LOAD /usr/lib/gcc/arm-none-eabi/7.3.1/../../../arm-none-eabi/lib/thumb/v6-m/libc.a
END GROUP
START GROUP
LOAD /usr/lib/gcc/arm-none-eabi/7.3.1/thumb/v6-m/libgcc.a
LOAD /usr/lib/gcc/arm-none-eabi/7.3.1/../../../arm-none-eabi/lib/thumb/v6-m/libc.a
LOAD /usr/lib/gcc/arm-none-eabi/7.3.1/../../../arm-none-eabi/lib/thumb/v6-m/libnosys.a
END GROUP
LOAD /usr/lib/gcc/arm-none-eabi/7.3.1/thumb/v6-m/crtend.o
LOAD /usr/lib/gcc/arm-none-eabi/7.3.1/thumb/v6-m/crtn.o
OUTPUT(HIDE-Controller.elf elf32-littlearm)

.ARM.attributes
                0x00000000       0x28
 .ARM.attributes
                0x00000000       0x1e /usr/lib/gcc/arm-none-eabi/7.3.1/thumb/v6-m/crti.o
 .ARM.attributes
                0x0000001e       0x2c /usr/lib/gcc/arm-none-eabi/7.3.1/thumb/v6-m/crtbegin.o
 .ARM.attributes
                0x0000004a       0x32 CMakeFiles/HIDE-Controller.dir/src/HIDE-Controller.cpp.obj
 .ARM.attributes
                0x0000007c       0x32 CMakeFiles/HIDE-Controller.dir/src/usb_descriptors.c.obj
 .ARM.attributes