Archive member included to satisfy reference by file (symbol)

/usr/lib/gcc/arm-none-eabi/7.3.1/thumb/v6-m/libgcc.a(_dvmd_tls.o)
                              CMakeFiles/HIDE-Controller.dir/home/pi/pico/pico-sdk/src/rp2_common/pico_divider/divider.S.obj (__aeabi_idiv0)
/usr/lib/gcc/arm-none-eabi/7.3.1/../../../arm-none-eabi/lib/thumb/v6-m/libg.a(lib_a-atexit.o)
                              /usr/lib/gcc/arm-none-eabi/7.3.1/../../../arm-none-eabi/lib/thumb/v6-m/crt0.o (atexit)
/usr/lib/gcc/arm-none-eabi/7.3.1/../../../arm-none-eabi/lib/thumb/v6-m/libg.a(lib_a-calloc.o)
                              CMakeFiles/HIDE-Controller.dir/home/pi/pico/pico-sdk/src/rp2_common/pico_malloc/pico_malloc.c.obj (calloc)
/usr/lib/gcc/arm-none-eabi/7.3.1/../../../arm-none-eabi/lib/thumb/v6-m/libg.a(lib_a-callocr.o)
                              /usr/lib/gcc/arm-none-eabi/7.3.1/../../../arm-none-eabi/lib/thumb/v6-m/libg.a(lib_a-calloc.o) (_calloc_r)
/usr/lib/gcc/arm-none-eabi/7.3.1/../../../arm-none-eabi/lib/thumb/v6-m/libg.a(lib_a-ctype_.o)
                              CMakeFiles/HIDE-Controller.dir/home/pi/pico/pico-sdk/lib/tinyusb/src/tusb.c.obj (_ctype_)
/usr/lib/gcc/arm-none-eabi/7.3.1/../../../arm-none-eabi/lib/thumb/v6-m/libg.a(lib_a-fini.o)
                              /usr/lib/gcc/arm-none-eabi/7.3.1/../../../arm-none-eabi/lib/thumb/v6-m/crt0.o (__libc_fini_array)
/usr/lib/gcc/arm-none-eabi/7.3.1/../../../arm-none-eabi/lib/thumb/v6-m/libg.a(lib_a-impure.o)
                              /usr/lib/gcc/arm-none-eabi/7.3.1/../../../arm-none-eabi/lib/thumb/v6-m/libg.a(lib_a-calloc.o) (_impure_ptr)
/usr/lib/gcc/arm-none-eabi/7.3.1/../../../arm-none-eabi/lib/thumb/v6-m/libg.a(lib_a-init.o)
                              /usr/lib/gcc/arm-none-eabi/7.3.1/../../../arm-none-eabi/lib/thumb/v6-m/crt0.o (__libc_init_array)
/usr/lib/gcc/arm-none-eabi/7.3.1/../../../arm-none-eabi/lib/thumb/v6-m/libg.a(lib_a-malloc.o)
                              CMakeFiles/HIDE-Controller.dir/home/pi/pico/pico-sdk/src/rp2_common/pico_malloc/pico_malloc.c.obj (malloc)
/usr/lib/gcc/arm-none-eabi/7.3.1/../../../arm-none-eabi/lib/thumb/v6-m/libg.a(lib_a-mallocr.o)
                              /usr/lib/gcc/arm-none-eabi/7.3.1/../../../arm-none-eabi/lib/thumb/v6-m/libg.a(lib_a-callocr.o) (_malloc_r)
/usr/lib/gcc/arm-none-eabi/7.3.1/../../../arm-none-eabi/lib/thumb/v6-m/libg.a(lib_a-mlock.o)
                              /usr/lib/gcc/arm-none-eabi/7.3.1/../../../arm-none-eabi/lib/thumb/v6-m/libg.a(lib_a-mallocr.o) (__malloc_lock)
/usr/lib/gcc/arm-none-eabi/7.3.1/../../../arm-none-eabi/lib/thumb/v6-m/libg.a(lib_a-sbrkr.o)
                              /usr/lib/gcc/arm-none-eabi/7.3.1/../../../arm-none-eabi/lib/thumb/v6-m/libg.a(lib_a-mallocr.o) (_sbrk_r)
/usr/lib/gcc/arm-none-eabi/7.3.1/../../../arm-none-eabi/lib/thumb/v6-m/libg.a(lib_a-strlen-stub.o)
                              CMakeFiles/HIDE-Controller.dir/src/usb_descriptors.c.obj (strlen)
/usr/lib/gcc/arm-none-eabi/7.3.1/../../../arm-none-eabi/lib/thumb/v6-m/libg.a(lib_a-__atexit.o)
                              /usr/lib/gcc/arm-none-eabi/7.3.1/../../../arm-none-eabi/lib/thumb/v6-m/libg.a(lib_a-atexit.o) (__register_exitproc)
/usr/lib/gcc/arm-none-eabi/7.3.1/../../../arm-none-eabi/lib/thumb/v6-m/libg.a(lib_a-freer.o)
                              /usr/lib/gcc/arm-none-eabi/7.3.1/../../../arm-none-eabi/lib/thumb/v6-m/libg.a(lib_a-malloc.o) (_free_r)
/usr/lib/gcc/arm-none-eabi/7.3.1/../../../arm-none-eabi/lib/thumb/v6-m/libg.a(lib_a-reent.o)
                              /usr/lib/gcc/arm-none-eabi/7.3.1/../../../arm-none-eabi/lib/thumb/v6-m/libg.a(lib_a-sbrkr.o) (errno)

Allocating common symbols
Common symbol       size              file

sf_table            0x100             CMakeFiles/HIDE-Controller.dir/home/pi/pico/pico-sdk/src/rp2_common/pico_float/float_init_rom.c.obj
errno               0x4               /usr/lib/gcc/arm-none-eabi/7.3.1/../../../arm-none-eabi/lib/thumb/v6-m/libg.a(lib_a-reent.o)
_usbd_qdef_buf      0xc0              CMakeFiles/HIDE-Controller.dir/home/pi/pico/pico-sdk/lib/tinyusb/src/device/usbd.c.obj
sf_clz_func         0x4               CMakeFiles/HIDE-Controller.dir/home/pi/pico/pico-sdk/src/rp2_common/pico_float/float_init_rom.c.obj
sd_table            0x100             CMakeFiles/HIDE-Controller.dir/home/pi/pico/pico-sdk/src/rp2_common/pico_double/double_init_rom.c.obj
uart_char_to_line_feed
                    0x4               CMakeFiles/HIDE-Controller.dir/home/pi/pico/pico-sdk/src/rp2_common/hardware_uart/uart.c.obj

Discarded input sections

 .text          0x00000000        0x0 /usr/lib/gcc/arm-none-eabi/7.3.1/thumb/v6-m/crti.o
 .data          0x00000000        0x0 /usr/lib/gcc/arm-none-eabi/7.3.1/thumb/v6-m/crti.o
 .bss           0x00000000        0x0 /usr/lib/gcc/arm-none-eabi/7.3.1/thumb/v6-m/crti.o
 .data          0x00000000        0x4 /usr/lib/gcc/arm-none-eabi/7.3.1/thumb/v6-m/crtbegin.o
[...]
Memory Configuration

Name             Origin             Length             Attributes
FLASH            0x10000000         0x00200000         xr
RAM              0x20000000         0x00040000         xrw
SCRATCH_X        0x20040000         0x00001000         xrw
SCRATCH_Y        0x20041000         0x00001000         xrw
*default*        0x00000000         0xffffffff

Linker script and memory map

LOAD /usr/lib/gcc/arm-none-eabi/7.3.1/thumb/v6-m/crti.o
LOAD /usr/lib/gcc/arm-none-eabi/7.3.1/thumb/v6-m/crtbegin.o
LOAD /usr/lib/gcc/arm-none-eabi/7.3.1/../../../arm-none-eabi/lib/thumb/v6-m/crt0.o

.flash_begin    0x10000000        0x0
                0x10000000                __flash_binary_start = .

.boot2          0x10000000      0x100
                0x10000000                __boot2_start__ = .
 *(.boot2)
 .boot2         0x10000000      0x100 /tmp/ccy0X1CN.o
                0x10000100                __boot2_end__ = .
                0x00000001                ASSERT (((__boot2_end__ - __boot2_start__) == 0x100), ERROR: Pico second stage bootloader must be 256 bytes in size)

.text           0x10000100     0x5948
                0x10000100                __logical_binary_start = .
 *(.vectors)
 .vectors       0x10000100       0xd4 CMakeFiles/HIDE-Controller.dir/home/pi/pico/pico-sdk/src/rp2_common/pico_standard_link/crt0.S.obj
                0x10000100                __vectors
                0x10000100                __VECTOR_TABLE
                0x100001c0                isr_invalid
                0x100001c0                __default_isrs_start
                0x100001c2                isr_nmi
                0x100001c4                isr_hardfault
                0x100001c6                isr_svcall
                0x100001c8                isr_pendsv
                0x100001ca                isr_systick
                0x100001cc                isr_irq30
                0x100001cc                __unhandled_user_irq
                0x100001cc                isr_irq13
                0x100001cc                isr_irq27
                0x100001cc                isr_irq31
                0x100001cc                isr_irq5
                0x100001cc                isr_irq11
                0x100001cc                isr_irq23
                0x100001cc                isr_irq18
                0x100001cc                isr_irq28
                0x100001cc                isr_irq19
                0x100001cc                isr_irq0
                0x100001cc                isr_irq6
                0x100001cc                isr_irq22
                0x100001cc                isr_irq17
                0x100001cc                isr_irq14
                0x100001cc                isr_irq2
                0x100001cc                isr_irq10
                0x100001cc                isr_irq8
                0x100001cc                isr_irq24
                0x100001cc                isr_irq1
                0x100001cc                isr_irq7
                0x100001cc                isr_irq21
                0x100001cc                isr_irq20
                0x100001cc                isr_irq15
                0x100001cc                isr_irq25
                0x100001cc                isr_irq4
                0x100001cc                isr_irq16
                0x100001cc                isr_irq29
                0x100001cc                isr_irq26
                0x100001cc                __default_isrs_end
                0x100001cc                isr_irq3
                0x100001cc                isr_irq12
                0x100001cc                isr_irq9
                0x100001d2                unhandled_user_irq_num_in_r0
 *(.binary_info_header)
 .binary_info_header
                0x100001d4       0x14 CMakeFiles/HIDE-Controller.dir/home/pi/pico/pico-sdk/src/rp2_common/pico_standard_link/crt0.S.obj
                0x100001e8                __binary_info_header_end = .
 *(.reset)
 .reset         0x100001e8       0xa8 CMakeFiles/HIDE-Controller.dir/home/pi/pico/pico-sdk/src/rp2_common/pico_standard_link/crt0.S.obj
                0x100001e8                _entry_point
                0x10000266                __get_current_exception
 .reset         0x10000290       0x30 CMakeFiles/HIDE-Controller.dir/home/pi/pico/pico-sdk/src/rp2_common/pico_standard_link/binary_info.c.obj
 *(.init)
 .init          0x100002c0        0x4 /usr/lib/gcc/arm-none-eabi/7.3.1/thumb/v6-m/crti.o
                0x100002c0                _init
 *(EXCLUDE_FILE(*libm.a: *libc.a:*lib_a-mem*.o *libgcc.a:) .text*)
 .text          0x100002c4       0x98 /usr/lib/gcc/arm-none-eabi/7.3.1/thumb/v6-m/crtbegin.o
 .text.adc_gpio_init
                0x1000035c       0x1e CMakeFiles/HIDE-Controller.dir/src/HIDE-Controller.cpp.obj
 *fill*         0x1000037a        0x2 
 .text._Z11getSideName9InputSide
                0x1000037c       0x1c CMakeFiles/HIDE-Controller.dir/src/HIDE-Controller.cpp.obj
                0x1000037c                getSideName(InputSide)
 .text._Z14getButtonStateb
                0x10000398       0x14 CMakeFiles/HIDE-Controller.dir/src/HIDE-Controller.cpp.obj
                0x10000398                getButtonState(bool)
 .text._Z8ReadSide9InputSide
                0x100003ac       0xe8 CMakeFiles/HIDE-Controller.dir/src/HIDE-Controller.cpp.obj
                0x100003ac                ReadSide(InputSide)
 .text.main     0x10000494       0xc4 CMakeFiles/HIDE-Controller.dir/src/HIDE-Controller.cpp.obj
                0x10000494                main
 .text.tud_hid_descriptor_report_cb
                0x10000558        0x8 CMakeFiles/HIDE-Controller.dir/src/usb_descriptors.c.obj
                0x10000558                tud_hid_descriptor_report_cb
 .text.gpio_set_function
                0x10000560       0x30 CMakeFiles/HIDE-Controller.dir/home/pi/pico/pico-sdk/src/rp2_common/hardware_gpio/gpio.c.obj
                0x10000560                gpio_set_function
 .text.gpio_set_pulls
                0x10000590       0x34 CMakeFiles/HIDE-Controller.dir/home/pi/pico/pico-sdk/src/rp2_common/hardware_gpio/gpio.c.obj
                0x10000590                gpio_set_pulls
 .text.gpio_set_input_enabled
                0x100005c4       0x30 CMakeFiles/HIDE-Controller.dir/home/pi/pico/pico-sdk/src/rp2_common/hardware_gpio/gpio.c.obj
                0x100005c4                gpio_set_input_enabled
 .text.gpio_init
                0x100005f4       0x16 CMakeFiles/HIDE-Controller.dir/home/pi/pico/pico-sdk/src/rp2_common/hardware_gpio/gpio.c.obj
                0x100005f4                gpio_init
 *fill*         0x1000060a        0x2 
 .text.hw_claim_lock
                0x1000060c       0x18 CMakeFiles/HIDE-Controller.dir/home/pi/pico/pico-sdk/src/rp2_common/hardware_claim/claim.c.obj
                0x1000060c                hw_claim_lock
 .text.hw_claim_unlock
                0x10000624       0x14 CMakeFiles/HIDE-Controller.dir/home/pi/pico/pico-sdk/src/rp2_common/hardware_claim/claim.c.obj
                0x10000624                hw_claim_unlock
 .text.hw_claim_or_assert
                0x10000638       0x32 CMakeFiles/HIDE-Controller.dir/home/pi/pico/pico-sdk/src/rp2_common/hardware_claim/claim.c.obj
                0x10000638                hw_claim_or_assert
 .text.hw_claim_unused_from_range
                0x1000066a       0x50 CMakeFiles/HIDE-Controller.dir/home/pi/pico/pico-sdk/src/rp2_common/hardware_claim/claim.c.obj
                0x1000066a                hw_claim_unused_from_range
 *fill*         0x100006ba        0x2 
 .text.running_on_fpga
                0x100006bc       0x14 CMakeFiles/HIDE-Controller.dir/home/pi/pico/pico-sdk/src/rp2_common/pico_platform/platform.c.obj
                0x100006bc                running_on_fpga
 .text.spin_locks_reset
                0x100006d0       0x20 CMakeFiles/HIDE-Controller.dir/home/pi/pico/pico-sdk/src/rp2_common/hardware_sync/sync.c.obj
                0x100006d0                spin_locks_reset
 .text.next_striped_spin_lock_num
                0x100006f0       0x1c CMakeFiles/HIDE-Controller.dir/home/pi/pico/pico-sdk/src/rp2_common/hardware_sync/sync.c.obj
                0x100006f0                next_striped_spin_lock_num
 .text.spin_lock_claim_unused
                0x1000070c       0x20 CMakeFiles/HIDE-Controller.dir/home/pi/pico/pico-sdk/src/rp2_common/hardware_sync/sync.c.obj
                0x1000070c                spin_lock_claim_unused
 .text.uart_set_baudrate
                0x1000072c       0x5c CMakeFiles/HIDE-Controller.dir/home/pi/pico/pico-sdk/src/rp2_common/hardware_uart/uart.c.obj
                0x1000072c                uart_set_baudrate
 .text.uart_set_translate_crlf
                0x10000788       0x28 CMakeFiles/HIDE-Controller.dir/home/pi/pico/pico-sdk/src/rp2_common/hardware_uart/uart.c.obj
                0x10000788                uart_set_translate_crlf
 .text.uart_init
                0x100007b0       0x84 CMakeFiles/HIDE-Controller.dir/home/pi/pico/pico-sdk/src/rp2_common/hardware_uart/uart.c.obj
                0x100007b0                uart_init
 .text.alarm_pool_post_alloc_init
                0x10000834       0x40 CMakeFiles/HIDE-Controller.dir/home/pi/pico/pico-sdk/src/common/pico_time/time.c.obj
 .text.sleep_until_callback
                0x10000874       0x30 CMakeFiles/HIDE-Controller.dir/home/pi/pico/pico-sdk/src/common/pico_time/time.c.obj
 .text.timer_pool_entry_comparator
                0x100008a4       0x7c CMakeFiles/HIDE-Controller.dir/home/pi/pico/pico-sdk/src/common/pico_time/time.c.obj
                0x100008a4                timer_pool_entry_comparator
 .text.ph_add_child_node
                0x10000920       0xa4 CMakeFiles/HIDE-Controller.dir/home/pi/pico/pico-sdk/src/common/pico_time/time.c.obj
 .text.ph_merge_nodes
                0x100009c4       0x3a CMakeFiles/HIDE-Controller.dir/home/pi/pico/pico-sdk/src/common/pico_time/time.c.obj
 *fill*         0x100009fe        0x2 
 .text.add_alarm_under_lock
                0x10000a00      0x180 CMakeFiles/HIDE-Controller.dir/home/pi/pico/pico-sdk/src/common/pico_time/time.c.obj
 .text.alarm_pool_alarm_callback
                0x10000b80      0x344 CMakeFiles/HIDE-Controller.dir/home/pi/pico/pico-sdk/src/common/pico_time/time.c.obj
 .text.alarm_pool_init_default
                0x10000ec4       0x38 CMakeFiles/HIDE-Controller.dir/home/pi/pico/pico-sdk/src/common/pico_time/time.c.obj
                0x10000ec4                alarm_pool_init_default
 .text.alarm_pool_get_default
                0x10000efc       0x2c CMakeFiles/HIDE-Controller.dir/home/pi/pico/pico-sdk/src/common/pico_time/time.c.obj
                0x10000efc                alarm_pool_get_default
 .text.alarm_pool_add_alarm_at
                0x10000f28      0x168 CMakeFiles/HIDE-Controller.dir/home/pi/pico/pico-sdk/src/common/pico_time/time.c.obj
                0x10000f28                alarm_pool_add_alarm_at
 .text.alarm_pool_cancel_alarm
                0x10001090       0xec CMakeFiles/HIDE-Controller.dir/home/pi/pico/pico-sdk/src/common/pico_time/time.c.obj
                0x10001090                alarm_pool_cancel_alarm
 .text.sleep_until
                0x1000117c       0xfc CMakeFiles/HIDE-Controller.dir/home/pi/pico/pico-sdk/src/common/pico_time/time.c.obj
                0x1000117c                sleep_until
 .text.sleep_us
                0x10001278       0x54 CMakeFiles/HIDE-Controller.dir/home/pi/pico/pico-sdk/src/common/pico_time/time.c.obj
                0x10001278                sleep_us
 .text.sleep_ms
                0x100012cc       0x14 CMakeFiles/HIDE-Controller.dir/home/pi/pico/pico-sdk/src/common/pico_time/time.c.obj
                0x100012cc                sleep_ms
 .text.best_effort_wfe_or_timeout
                0x100012e0       0x80 CMakeFiles/HIDE-Controller.dir/home/pi/pico/pico-sdk/src/common/pico_time/time.c.obj
                0x100012e0                best_effort_wfe_or_timeout
 .text.hardware_alarm_irq_handler
                0x10001360       0x8c CMakeFiles/HIDE-Controller.dir/home/pi/pico/pico-sdk/src/rp2_common/hardware_timer/timer.c.obj
 .text.hardware_alarm_claim
                0x100013ec       0x18 CMakeFiles/HIDE-Controller.dir/home/pi/pico/pico-sdk/src/rp2_common/hardware_timer/timer.c.obj
                0x100013ec                hardware_alarm_claim
 .text.time_us_64
                0x10001404       0x18 CMakeFiles/HIDE-Controller.dir/home/pi/pico/pico-sdk/src/rp2_common/hardware_timer/timer.c.obj
                0x10001404                time_us_64
 .text.busy_wait_until
                0x1000141c       0x28 CMakeFiles/HIDE-Controller.dir/home/pi/pico/pico-sdk/src/rp2_common/hardware_timer/timer.c.obj
                0x1000141c                busy_wait_until
 .text.hardware_alarm_set_callback
                0x10001444       0x90 CMakeFiles/HIDE-Controller.dir/home/pi/pico/pico-sdk/src/rp2_common/hardware_timer/timer.c.obj
                0x10001444                hardware_alarm_set_callback
 .text.hardware_alarm_set_target
                0x100014d4       0xe8 CMakeFiles/HIDE-Controller.dir/home/pi/pico/pico-sdk/src/rp2_common/hardware_timer/timer.c.obj
                0x100014d4                hardware_alarm_set_target
 .text.hardware_alarm_cancel
                0x100015bc       0x40 CMakeFiles/HIDE-Controller.dir/home/pi/pico/pico-sdk/src/rp2_common/hardware_timer/timer.c.obj
                0x100015bc                hardware_alarm_cancel
 .text.lock_init
                0x100015fc       0x10 CMakeFiles/HIDE-Controller.dir/home/pi/pico/pico-sdk/src/common/pico_sync/lock_core.c.obj
                0x100015fc                lock_init
 .text.mutex_init_internal
                0x1000160c       0x1e CMakeFiles/HIDE-Controller.dir/home/pi/pico/pico-sdk/src/common/pico_sync/mutex.c.obj
 .text.mutex_init
                0x1000162a        0xa CMakeFiles/HIDE-Controller.dir/home/pi/pico/pico-sdk/src/common/pico_sync/mutex.c.obj
                0x1000162a                mutex_init
 .text.recursive_mutex_init
                0x10001634        0xa CMakeFiles/HIDE-Controller.dir/home/pi/pico/pico-sdk/src/common/pico_sync/mutex.c.obj
                0x10001634                recursive_mutex_init
 *fill*         0x1000163e        0x2 
 .text.critical_section_init_with_lock_num
                0x10001640       0x14 CMakeFiles/HIDE-Controller.dir/home/pi/pico/pico-sdk/src/common/pico_sync/critical_section.c.obj
                0x10001640                critical_section_init_with_lock_num
 .text.critical_section_init
                0x10001654       0x14 CMakeFiles/HIDE-Controller.dir/home/pi/pico/pico-sdk/src/common/pico_sync/critical_section.c.obj
                0x10001654                critical_section_init
 .text.ph_add_child_node
                0x10001668       0xa4 CMakeFiles/HIDE-Controller.dir/home/pi/pico/pico-sdk/src/common/pico_util/pheap.c.obj
 .text.ph_merge_nodes
                0x1000170c       0x3a CMakeFiles/HIDE-Controller.dir/home/pi/pico/pico-sdk/src/common/pico_util/pheap.c.obj
 *fill*         0x10001746        0x2 
 .text.ph_clear
                0x10001748       0x70 CMakeFiles/HIDE-Controller.dir/home/pi/pico/pico-sdk/src/common/pico_util/pheap.c.obj
                0x10001748                ph_clear
 .text.ph_post_alloc_init
                0x100017b8        0xe CMakeFiles/HIDE-Controller.dir/home/pi/pico/pico-sdk/src/common/pico_util/pheap.c.obj
                0x100017b8                ph_post_alloc_init
 *fill*         0x100017c6        0x2 
 .text.ph_merge_two_pass
                0x100017c8       0xac CMakeFiles/HIDE-Controller.dir/home/pi/pico/pico-sdk/src/common/pico_util/pheap.c.obj
                0x100017c8                ph_merge_two_pass
 .text.ph_remove_any_head
                0x10001874      0x108 CMakeFiles/HIDE-Controller.dir/home/pi/pico/pico-sdk/src/common/pico_util/pheap.c.obj
 .text.ph_remove_head
                0x1000197c       0x14 CMakeFiles/HIDE-Controller.dir/home/pi/pico/pico-sdk/src/common/pico_util/pheap.c.obj
                0x1000197c                ph_remove_head
 .text.ph_remove_and_free_node
                0x10001990       0xf8 CMakeFiles/HIDE-Controller.dir/home/pi/pico/pico-sdk/src/common/pico_util/pheap.c.obj
                0x10001990                ph_remove_and_free_node
 .text.runtime_init
                0x10001a88       0xd8 CMakeFiles/HIDE-Controller.dir/home/pi/pico/pico-sdk/src/rp2_common/pico_runtime/runtime.c.obj
                0x10001a88                runtime_init
 .text._exit    0x10001b60        0x4 CMakeFiles/HIDE-Controller.dir/home/pi/pico/pico-sdk/src/rp2_common/pico_runtime/runtime.c.obj
                0x10001b60                _exit
 .text.exit     0x10001b64        0x6 CMakeFiles/HIDE-Controller.dir/home/pi/pico/pico-sdk/src/rp2_common/pico_runtime/runtime.c.obj
                0x10001b64                exit
 *fill*         0x10001b6a        0x2 
 .text.__assert_func
                0x10001b6c       0x3c CMakeFiles/HIDE-Controller.dir/home/pi/pico/pico-sdk/src/rp2_common/pico_runtime/runtime.c.obj
                0x10001b6c                __assert_func
 .text.panic    0x10001ba8       0x30 CMakeFiles/HIDE-Controller.dir/home/pi/pico/pico-sdk/src/rp2_common/pico_runtime/runtime.c.obj
                0x10001ba8                panic
 .text.clock_configure
                0x10001bd8       0xfc CMakeFiles/HIDE-Controller.dir/home/pi/pico/pico-sdk/src/rp2_common/hardware_clocks/clocks.c.obj
                0x10001bd8                clock_configure
 .text.clocks_init
                0x10001cd4      0x100 CMakeFiles/HIDE-Controller.dir/home/pi/pico/pico-sdk/src/rp2_common/hardware_clocks/clocks.c.obj
                0x10001cd4                clocks_init
 .text.clock_get_hz
                0x10001dd4        0xc CMakeFiles/HIDE-Controller.dir/home/pi/pico/pico-sdk/src/rp2_common/hardware_clocks/clocks.c.obj
                0x10001dd4                clock_get_hz
 .text.set_raw_irq_handler_and_unlock
                0x10001de0       0x28 CMakeFiles/HIDE-Controller.dir/home/pi/pico/pico-sdk/src/rp2_common/hardware_irq/irq.c.obj
 .text.make_branch
                0x10001e08       0x34 CMakeFiles/HIDE-Controller.dir/home/pi/pico/pico-sdk/src/rp2_common/hardware_irq/irq.c.obj
 .text.insert_branch_and_link
                0x10001e3c       0x40 CMakeFiles/HIDE-Controller.dir/home/pi/pico/pico-sdk/src/rp2_common/hardware_irq/irq.c.obj
 .text.irq_is_enabled
                0x10001e7c       0x18 CMakeFiles/HIDE-Controller.dir/home/pi/pico/pico-sdk/src/rp2_common/hardware_irq/irq.c.obj
                0x10001e7c                irq_is_enabled
 .text.irq_set_mask_enabled
                0x10001e94       0x20 CMakeFiles/HIDE-Controller.dir/home/pi/pico/pico-sdk/src/rp2_common/hardware_irq/irq.c.obj
                0x10001e94                irq_set_mask_enabled
 .text.irq_set_enabled
                0x10001eb4        0xe CMakeFiles/HIDE-Controller.dir/home/pi/pico/pico-sdk/src/rp2_common/hardware_irq/irq.c.obj
                0x10001eb4                irq_set_enabled
 *fill*         0x10001ec2        0x2 
 .text.irq_get_vtable_handler
                0x10001ec4       0x10 CMakeFiles/HIDE-Controller.dir/home/pi/pico/pico-sdk/src/rp2_common/hardware_irq/irq.c.obj
                0x10001ec4                irq_get_vtable_handler
 .text.irq_set_exclusive_handler
                0x10001ed4       0x54 CMakeFiles/HIDE-Controller.dir/home/pi/pico/pico-sdk/src/rp2_common/hardware_irq/irq.c.obj
                0x10001ed4                irq_set_exclusive_handler
 .text.irq_remove_handler
                0x10001f28      0x1b4 CMakeFiles/HIDE-Controller.dir/home/pi/pico/pico-sdk/src/rp2_common/hardware_irq/irq.c.obj
                0x10001f28                irq_remove_handler
 .text.irq_set_priority
                0x100020dc       0x28 CMakeFiles/HIDE-Controller.dir/home/pi/pico/pico-sdk/src/rp2_common/hardware_irq/irq.c.obj
                0x100020dc                irq_set_priority
 .text.irq_add_tail_to_free_list
                0x10002104       0xf0 CMakeFiles/HIDE-Controller.dir/home/pi/pico/pico-sdk/src/rp2_common/hardware_irq/irq.c.obj
                0x10002104                irq_add_tail_to_free_list
 .text.irq_init_priorities
                0x100021f4       0x16 CMakeFiles/HIDE-Controller.dir/home/pi/pico/pico-sdk/src/rp2_common/hardware_irq/irq.c.obj
                0x100021f4                irq_init_priorities
 *fill*         0x1000220a        0x2 
 .text.pll_init
                0x1000220c      0x118 CMakeFiles/HIDE-Controller.dir/home/pi/pico/pico-sdk/src/rp2_common/hardware_pll/pll.c.obj
                0x1000220c                pll_init
 .text.watchdog_start_tick
                0x10002324       0x10 CMakeFiles/HIDE-Controller.dir/home/pi/pico/pico-sdk/src/rp2_common/hardware_watchdog/watchdog.c.obj
                0x10002324                watchdog_start_tick
 .text.xosc_init
                0x10002334       0x28 CMakeFiles/HIDE-Controller.dir/home/pi/pico/pico-sdk/src/rp2_common/hardware_xosc/xosc.c.obj
                0x10002334                xosc_init
 .text._out_null
                0x1000235c        0x2 CMakeFiles/HIDE-Controller.dir/home/pi/pico/pico-sdk/src/rp2_common/pico_printf/printf.c.obj
 .text._out_fct
                0x1000235e        0xe CMakeFiles/HIDE-Controller.dir/home/pi/pico/pico-sdk/src/rp2_common/pico_printf/printf.c.obj
 .text._atoi    0x1000236c       0x24 CMakeFiles/HIDE-Controller.dir/home/pi/pico/pico-sdk/src/rp2_common/pico_printf/printf.c.obj
 .text._out_rev
                0x10002390       0x8c CMakeFiles/HIDE-Controller.dir/home/pi/pico/pico-sdk/src/rp2_common/pico_printf/printf.c.obj
 .text._ntoa_format
                0x1000241c      0x112 CMakeFiles/HIDE-Controller.dir/home/pi/pico/pico-sdk/src/rp2_common/pico_printf/printf.c.obj
 .text._ntoa_long
                0x1000252e       0x9e CMakeFiles/HIDE-Controller.dir/home/pi/pico/pico-sdk/src/rp2_common/pico_printf/printf.c.obj
 .text._ntoa_long_long
                0x100025cc       0xe2 CMakeFiles/HIDE-Controller.dir/home/pi/pico/pico-sdk/src/rp2_common/pico_printf/printf.c.obj
 *fill*         0x100026ae        0x2 
 .text._etoa    0x100026b0      0x424 CMakeFiles/HIDE-Controller.dir/home/pi/pico/pico-sdk/src/rp2_common/pico_printf/printf.c.obj
 .text._ftoa    0x10002ad4      0x340 CMakeFiles/HIDE-Controller.dir/home/pi/pico/pico-sdk/src/rp2_common/pico_printf/printf.c.obj
 .text._vsnprintf
                0x10002e14      0x640 CMakeFiles/HIDE-Controller.dir/home/pi/pico/pico-sdk/src/rp2_common/pico_printf/printf.c.obj
 .text.vfctprintf
                0x10003454       0x20 CMakeFiles/HIDE-Controller.dir/home/pi/pico/pico-sdk/src/rp2_common/pico_printf/printf.c.obj
                0x10003454                vfctprintf
 .text          0x10003474       0x10 CMakeFiles/HIDE-Controller.dir/home/pi/pico/pico-sdk/src/rp2_common/pico_bit_ops/bit_ops_aeabi.S.obj
 .text.rom_func_lookup
                0x10003484       0x10 CMakeFiles/HIDE-Controller.dir/home/pi/pico/pico-sdk/src/rp2_common/pico_bootrom/bootrom.c.obj
                0x10003484                rom_func_lookup
 .text.rom_data_lookup
                0x10003494       0x10 CMakeFiles/HIDE-Controller.dir/home/pi/pico/pico-sdk/src/rp2_common/pico_bootrom/bootrom.c.obj
                0x10003494                rom_data_lookup
 .text.rom_funcs_lookup
                0x100034a4       0x36 CMakeFiles/HIDE-Controller.dir/home/pi/pico/pico-sdk/src/rp2_common/pico_bootrom/bootrom.c.obj
                0x100034a4                rom_funcs_lookup
 *fill*         0x100034da        0x2 
 .text.__wrap___aeabi_idiv
                0x100034dc       0x50 CMakeFiles/HIDE-Controller.dir/home/pi/pico/pico-sdk/src/rp2_common/pico_divider/divider.S.obj
                0x100034dc                __wrap___aeabi_idivmod
                0x100034dc                divmod_s32s32
                0x100034dc                div_s32s32
                0x100034dc                __wrap___aeabi_idiv
                0x100034e4                divmod_s32s32_unsafe
                0x10003510                divmod_s32s32_savestate
 .text.__wrap___aeabi_uidiv
                0x1000352c       0x4c CMakeFiles/HIDE-Controller.dir/home/pi/pico/pico-sdk/src/rp2_common/pico_divider/divider.S.obj
                0x1000352c                __wrap___aeabi_uidiv
                0x1000352c                __wrap___aeabi_uidivmod
                0x1000352c                div_u32u32
                0x1000352c                divmod_u32u32
                0x10003534                divmod_u32u32_unsafe
                0x1000355c                divmod_u32u32_savestate
 .text.__wrap___aeabi_ldiv
                0x10003578      0x430 CMakeFiles/HIDE-Controller.dir/home/pi/pico/pico-sdk/src/rp2_common/pico_divider/divider.S.obj
                0x10003578                div_s64s64
                0x10003578                divmod_s64s64
                0x10003578                __wrap___aeabi_ldivmod
                0x100035b0                div_u64u64
                0x100035b0                divmod_u64u64
                0x100035b0                __wrap___aeabi_uldivmod
                0x100035c0                divmod_u64u64_savestate
                0x100035e8                divmod_s64s64_unsafe
                0x10003670                divmod_u64u64_unsafe
 .text.__wrap___aeabi_darithmetic
                0x100039a8       0x80 CMakeFiles/HIDE-Controller.dir/home/pi/pico/pico-sdk/src/rp2_common/pico_double/double_aeabi.S.obj
                0x100039a8                __wrap___aeabi_drsub
                0x100039ae                __wrap___aeabi_dsub
                0x100039c0                __wrap___aeabi_dadd
                0x100039d2                __wrap___aeabi_ddiv
                0x10003a0e                __wrap___aeabi_dmul
 .text.__wrap___aeabi_cdcmple
                0x10003a28       0x6c CMakeFiles/HIDE-Controller.dir/home/pi/pico/pico-sdk/src/rp2_common/pico_double/double_aeabi.S.obj
                0x10003a28                __wrap___aeabi_cdrcmple
                0x10003a38                __wrap___aeabi_cdcmple
                0x10003a38                __wrap___aeabi_cdcmpeq
 .text.__wrap___aeabi_dcmplt
                0x10003a94        0xc CMakeFiles/HIDE-Controller.dir/home/pi/pico/pico-sdk/src/rp2_common/pico_double/double_aeabi.S.obj
                0x10003a94                __wrap___aeabi_dcmplt
 .text.__wrap___aeabi_dcmple
                0x10003aa0       0x10 CMakeFiles/HIDE-Controller.dir/home/pi/pico/pico-sdk/src/rp2_common/pico_double/double_aeabi.S.obj
                0x10003aa0                __wrap___aeabi_dcmple
 .text.__wrap___aeabi_dcmpge
                0x10003ab0       0x10 CMakeFiles/HIDE-Controller.dir/home/pi/pico/pico-sdk/src/rp2_common/pico_double/double_aeabi.S.obj
                0x10003ab0                __wrap___aeabi_dcmpge
 .text.__wrap___aeabi_dcmpgt
                0x10003ac0        0xa CMakeFiles/HIDE-Controller.dir/home/pi/pico/pico-sdk/src/rp2_common/pico_double/double_aeabi.S.obj
                0x10003ac0                __wrap___aeabi_dcmpgt
 .text.__wrap___aeabi_dcmpun
                0x10003aca       0x1c CMakeFiles/HIDE-Controller.dir/home/pi/pico/pico-sdk/src/rp2_common/pico_double/double_aeabi.S.obj
                0x10003aca                __wrap___aeabi_dcmpun
 *fill*         0x10003ae6        0x2 
 .text.__wrap___aeabi_i2d
                0x10003ae8       0x38 CMakeFiles/HIDE-Controller.dir/home/pi/pico/pico-sdk/src/rp2_common/pico_double/double_aeabi.S.obj
                0x10003ae8                __wrap___aeabi_ui2d
                0x10003af0                __wrap___aeabi_i2d
 .text.__wrap___aeabi_d2iz
                0x10003b20       0x48 CMakeFiles/HIDE-Controller.dir/home/pi/pico/pico-sdk/src/rp2_common/pico_double/double_aeabi.S.obj
                0x10003b20                __wrap___aeabi_d2iz
                0x10003b20                double2int_z
 .text.__wrap___aeabi_d2uiz
                0x10003b68       0x18 CMakeFiles/HIDE-Controller.dir/home/pi/pico/pico-sdk/src/rp2_common/pico_double/double_aeabi.S.obj
                0x10003b68                double2uint
                0x10003b68                __wrap___aeabi_d2uiz
 .text.__aeabi_double_init
                0x10003b80       0xb8 CMakeFiles/HIDE-Controller.dir/home/pi/pico/pico-sdk/src/rp2_common/pico_double/double_init_rom.c.obj
                0x10003b80                __aeabi_double_init
 .text.double_table_shim_on_use_helper
                0x10003c38       0x34 CMakeFiles/HIDE-Controller.dir/home/pi/pico/pico-sdk/src/rp2_common/pico_double/double_v1_rom_shim.S.obj
                0x10003c38                double_table_shim_on_use_helper
 .text.__wrap___aeabi_dsub
                0x10003c6c       0x10 CMakeFiles/HIDE-Controller.dir/home/pi/pico/pico-sdk/src/rp2_common/pico_double/double_v1_rom_shim.S.obj
                0x10003c6c                drsub_shim
                0x10003c72                dsub_shim
 .text.dadd_shim
                0x10003c7c      0x15c CMakeFiles/HIDE-Controller.dir/home/pi/pico/pico-sdk/src/rp2_common/pico_double/double_v1_rom_shim.S.obj
                0x10003c7c                dadd_shim
 .text.dmul_shim
                0x10003dd8      0x15c CMakeFiles/HIDE-Controller.dir/home/pi/pico/pico-sdk/src/rp2_common/pico_double/double_v1_rom_shim.S.obj
                0x10003dd8                dmul_shim
 .text.ddiv_shim
                0x10003f34      0x1b0 CMakeFiles/HIDE-Controller.dir/home/pi/pico/pico-sdk/src/rp2_common/pico_double/double_v1_rom_shim.S.obj
                0x10003f34                ddiv_shim
 .text.dcordic_rot_step
                0x100040e4       0x7c CMakeFiles/HIDE-Controller.dir/home/pi/pico/pico-sdk/src/rp2_common/pico_double/double_v1_rom_shim.S.obj
                0x100040e4                dcordic_rot_step
 .text.double2uint_shim
                0x10004160        0xe CMakeFiles/HIDE-Controller.dir/home/pi/pico/pico-sdk/src/rp2_common/pico_double/double_v1_rom_shim.S.obj
                0x10004160                double2uint_shim
                0x10004162                double2ufix_shim
 *fill*         0x1000416e        0x2 
 .text.double2uint64_shim
                0x10004170       0x6c CMakeFiles/HIDE-Controller.dir/home/pi/pico/pico-sdk/src/rp2_common/pico_double/double_v1_rom_shim.S.obj
                0x10004170                double2uint64_shim
                0x10004172                double2ufix64_shim
                0x1000418c                d2fix_a
 .text.dunpacks
                0x100041dc       0x3c CMakeFiles/HIDE-Controller.dir/home/pi/pico/pico-sdk/src/rp2_common/pico_double/double_v1_rom_shim.S.obj
                0x100041dc                dunpacks
 .text.__aeabi_lmul
                0x10004218       0x32 CMakeFiles/HIDE-Controller.dir/home/pi/pico/pico-sdk/src/rp2_common/pico_int64_ops/pico_int64_ops_aeabi.S.obj
                0x10004218                __wrap___aeabi_lmul
 *fill*         0x1000424a        0x2 
 .text.__aeabi_float_init
                0x1000424c       0xfc CMakeFiles/HIDE-Controller.dir/home/pi/pico/pico-sdk/src/rp2_common/pico_float/float_init_rom.c.obj
                0x1000424c                __aeabi_float_init
 .text.float_table_shim_on_use_helper
                0x10004348       0x34 CMakeFiles/HIDE-Controller.dir/home/pi/pico/pico-sdk/src/rp2_common/pico_float/float_v1_rom_shim.S.obj
                0x10004348                float_table_shim_on_use_helper
 .text          0x1000437c       0x10 CMakeFiles/HIDE-Controller.dir/home/pi/pico/pico-sdk/src/rp2_common/pico_mem_ops/mem_ops_aeabi.S.obj
                0x1000437c                __aeabi_mem_init
 .text.memset   0x1000438c        0xc CMakeFiles/HIDE-Controller.dir/home/pi/pico/pico-sdk/src/rp2_common/pico_mem_ops/mem_ops_aeabi.S.obj
                0x1000438c                __wrap_memset
 .text.memcpy   0x10004398        0xc CMakeFiles/HIDE-Controller.dir/home/pi/pico/pico-sdk/src/rp2_common/pico_mem_ops/mem_ops_aeabi.S.obj
                0x10004398                __wrap___aeabi_memcpy
                0x10004398                __wrap_memcpy
 .text.stdio_out_chars_crlf
                0x100043a4       0x80 CMakeFiles/HIDE-Controller.dir/home/pi/pico/pico-sdk/src/rp2_common/pico_stdio/stdio.c.obj
 .text.stdio_stack_buffer_flush
                0x10004424       0x44 CMakeFiles/HIDE-Controller.dir/home/pi/pico/pico-sdk/src/rp2_common/pico_stdio/stdio.c.obj
 .text.stdio_buffered_printer
                0x10004468       0x20 CMakeFiles/HIDE-Controller.dir/home/pi/pico/pico-sdk/src/rp2_common/pico_stdio/stdio.c.obj
 .text.stdout_serialize_begin
                0x10004488       0x30 CMakeFiles/HIDE-Controller.dir/home/pi/pico/pico-sdk/src/rp2_common/pico_stdio/stdio.c.obj
                0x10004488                stdout_serialize_begin
 .text.stdout_serialize_end
                0x100044b8       0x10 CMakeFiles/HIDE-Controller.dir/home/pi/pico/pico-sdk/src/rp2_common/pico_stdio/stdio.c.obj
                0x100044b8                stdout_serialize_end
 .text.stdio_put_string
                0x100044c8       0x78 CMakeFiles/HIDE-Controller.dir/home/pi/pico/pico-sdk/src/rp2_common/pico_stdio/stdio.c.obj
 .text.stdio_set_driver_enabled
                0x10004540       0x38 CMakeFiles/HIDE-Controller.dir/home/pi/pico/pico-sdk/src/rp2_common/pico_stdio/stdio.c.obj
                0x10004540                stdio_set_driver_enabled
 .text.stdio_flush
                0x10004578       0x20 CMakeFiles/HIDE-Controller.dir/home/pi/pico/pico-sdk/src/rp2_common/pico_stdio/stdio.c.obj
                0x10004578                stdio_flush
 .text.__wrap_puts
                0x10004598       0x1c CMakeFiles/HIDE-Controller.dir/home/pi/pico/pico-sdk/src/rp2_common/pico_stdio/stdio.c.obj
                0x10004598                __wrap_puts
 .text.__wrap_vprintf
                0x100045b4       0x44 CMakeFiles/HIDE-Controller.dir/home/pi/pico/pico-sdk/src/rp2_common/pico_stdio/stdio.c.obj
                0x100045b4                __wrap_vprintf
 .text.__wrap_printf
                0x100045f8       0x18 CMakeFiles/HIDE-Controller.dir/home/pi/pico/pico-sdk/src/rp2_common/pico_stdio/stdio.c.obj
                0x100045f8                __wrap_printf
 .text.stdio_init_all
                0x10004610        0x8 CMakeFiles/HIDE-Controller.dir/home/pi/pico/pico-sdk/src/rp2_common/pico_stdio/stdio.c.obj
                0x10004610                stdio_init_all
 .text.stdio_uart_out_chars
                0x10004618       0x70 CMakeFiles/HIDE-Controller.dir/home/pi/pico/pico-sdk/src/rp2_common/pico_stdio_uart/stdio_uart.c.obj
 .text.stdio_uart_in_chars
                0x10004688       0x50 CMakeFiles/HIDE-Controller.dir/home/pi/pico/pico-sdk/src/rp2_common/pico_stdio_uart/stdio_uart.c.obj
                0x10004688                stdio_uart_in_chars
 .text.stdio_uart_init_full
                0x100046d8       0x3c CMakeFiles/HIDE-Controller.dir/home/pi/pico/pico-sdk/src/rp2_common/pico_stdio_uart/stdio_uart.c.obj
                0x100046d8                stdio_uart_init_full
 .text.stdio_uart_init
                0x10004714       0x28 CMakeFiles/HIDE-Controller.dir/home/pi/pico/pico-sdk/src/rp2_common/pico_stdio_uart/stdio_uart.c.obj
                0x10004714                stdio_uart_init
 .text.adc_init
                0x1000473c       0x34 CMakeFiles/HIDE-Controller.dir/home/pi/pico/pico-sdk/src/rp2_common/hardware_adc/adc.c.obj
                0x1000473c                adc_init
 .text.hw_endpoint_get_by_addr
                0x10004770       0x18 CMakeFiles/HIDE-Controller.dir/home/pi/pico/pico-sdk/lib/tinyusb/src/portable/raspberrypi/rp2040/dcd_rp2040.c.obj
 .text.reset_ep0
                0x10004788       0x2c CMakeFiles/HIDE-Controller.dir/home/pi/pico/pico-sdk/lib/tinyusb/src/portable/raspberrypi/rp2040/dcd_rp2040.c.obj
 .text._hw_endpoint_alloc
                0x100047b4       0x80 CMakeFiles/HIDE-Controller.dir/home/pi/pico/pico-sdk/lib/tinyusb/src/portable/raspberrypi/rp2040/dcd_rp2040.c.obj
 .text._hw_endpoint_init
                0x10004834       0xbc CMakeFiles/HIDE-Controller.dir/home/pi/pico/pico-sdk/lib/tinyusb/src/portable/raspberrypi/rp2040/dcd_rp2040.c.obj
 .text.hw_endpoint_init
                0x100048f0       0x18 CMakeFiles/HIDE-Controller.dir/home/pi/pico/pico-sdk/lib/tinyusb/src/portable/raspberrypi/rp2040/dcd_rp2040.c.obj
 .text.hw_handle_buff_status
                0x10004908       0xb4 CMakeFiles/HIDE-Controller.dir/home/pi/pico/pico-sdk/lib/tinyusb/src/portable/raspberrypi/rp2040/dcd_rp2040.c.obj
 .text.dcd_rp2040_irq
                0x100049bc       0xa4 CMakeFiles/HIDE-Controller.dir/home/pi/pico/pico-sdk/lib/tinyusb/src/portable/raspberrypi/rp2040/dcd_rp2040.c.obj
 .text.hw_endpoint_xfer
                0x10004a60       0x18 CMakeFiles/HIDE-Controller.dir/home/pi/pico/pico-sdk/lib/tinyusb/src/portable/raspberrypi/rp2040/dcd_rp2040.c.obj
 .text.dcd_int_enable
                0x10004a78       0x2c CMakeFiles/HIDE-Controller.dir/home/pi/pico/pico-sdk/lib/tinyusb/src/portable/raspberrypi/rp2040/dcd_rp2040.c.obj
                0x10004a78                dcd_int_enable
 .text.dcd_connect
                0x10004aa4       0x30 CMakeFiles/HIDE-Controller.dir/home/pi/pico/pico-sdk/lib/tinyusb/src/portable/raspberrypi/rp2040/dcd_rp2040.c.obj
                0x10004aa4                dcd_connect
 .text.dcd_init
                0x10004ad4       0x84 CMakeFiles/HIDE-Controller.dir/home/pi/pico/pico-sdk/lib/tinyusb/src/portable/raspberrypi/rp2040/dcd_rp2040.c.obj
                0x10004ad4                dcd_init
 .text.dcd_edpt_open
                0x10004b58       0x40 CMakeFiles/HIDE-Controller.dir/home/pi/pico/pico-sdk/lib/tinyusb/src/portable/raspberrypi/rp2040/dcd_rp2040.c.obj
                0x10004b58                dcd_edpt_open
 .text.dcd_edpt_xfer
                0x10004b98       0x34 CMakeFiles/HIDE-Controller.dir/home/pi/pico/pico-sdk/lib/tinyusb/src/portable/raspberrypi/rp2040/dcd_rp2040.c.obj
                0x10004b98                dcd_edpt_xfer
 .text.rp2040_usb_init
                0x10004bcc       0x50 CMakeFiles/HIDE-Controller.dir/home/pi/pico/pico-sdk/lib/tinyusb/src/portable/raspberrypi/rp2040/rp2040_usb.c.obj
                0x10004bcc                rp2040_usb_init
 .text.hw_endpoint_reset_transfer
                0x10004c1c       0x10 CMakeFiles/HIDE-Controller.dir/home/pi/pico/pico-sdk/lib/tinyusb/src/portable/raspberrypi/rp2040/rp2040_usb.c.obj
                0x10004c1c                hw_endpoint_reset_transfer
 .text._hw_endpoint_buffer_control_update32
                0x10004c2c       0x58 CMakeFiles/HIDE-Controller.dir/home/pi/pico/pico-sdk/lib/tinyusb/src/portable/raspberrypi/rp2040/rp2040_usb.c.obj
                0x10004c2c                _hw_endpoint_buffer_control_update32
 .text._hw_endpoint_start_next_buffer
                0x10004c84       0x50 CMakeFiles/HIDE-Controller.dir/home/pi/pico/pico-sdk/lib/tinyusb/src/portable/raspberrypi/rp2040/rp2040_usb.c.obj
                0x10004c84                _hw_endpoint_start_next_buffer
 .text._hw_endpoint_xfer_start
                0x10004cd4       0x3e CMakeFiles/HIDE-Controller.dir/home/pi/pico/pico-sdk/lib/tinyusb/src/portable/raspberrypi/rp2040/rp2040_usb.c.obj
                0x10004cd4                _hw_endpoint_xfer_start
 *fill*         0x10004d12        0x2 
 .text._hw_endpoint_xfer_sync
                0x10004d14       0x74 CMakeFiles/HIDE-Controller.dir/home/pi/pico/pico-sdk/lib/tinyusb/src/portable/raspberrypi/rp2040/rp2040_usb.c.obj
                0x10004d14                _hw_endpoint_xfer_sync
 .text._hw_endpoint_xfer_continue
                0x10004d88       0x60 CMakeFiles/HIDE-Controller.dir/home/pi/pico/pico-sdk/lib/tinyusb/src/portable/raspberrypi/rp2040/rp2040_usb.c.obj
                0x10004d88                _hw_endpoint_xfer_continue
 .text._hw_endpoint_xfer
                0x10004de8       0x34 CMakeFiles/HIDE-Controller.dir/home/pi/pico/pico-sdk/lib/tinyusb/src/portable/raspberrypi/rp2040/rp2040_usb.c.obj
                0x10004de8                _hw_endpoint_xfer
 .text.tud_init
                0x10004e1c       0xd0 CMakeFiles/HIDE-Controller.dir/home/pi/pico/pico-sdk/lib/tinyusb/src/device/usbd.c.obj
                0x10004e1c                tud_init
 .text.dcd_event_handler
                0x10004eec      0x178 CMakeFiles/HIDE-Controller.dir/home/pi/pico/pico-sdk/lib/tinyusb/src/device/usbd.c.obj
                0x10004eec                dcd_event_handler
 .text.dcd_event_bus_signal
                0x10005064       0x28 CMakeFiles/HIDE-Controller.dir/home/pi/pico/pico-sdk/lib/tinyusb/src/device/usbd.c.obj
                0x10005064                dcd_event_bus_signal
 .text.dcd_event_bus_reset
                0x1000508c       0x2c CMakeFiles/HIDE-Controller.dir/home/pi/pico/pico-sdk/lib/tinyusb/src/device/usbd.c.obj
                0x1000508c                dcd_event_bus_reset
 .text.dcd_event_setup_received
                0x100050b8       0x34 CMakeFiles/HIDE-Controller.dir/home/pi/pico/pico-sdk/lib/tinyusb/src/device/usbd.c.obj
                0x100050b8                dcd_event_setup_received
 .text.dcd_event_xfer_complete
                0x100050ec       0x46 CMakeFiles/HIDE-Controller.dir/home/pi/pico/pico-sdk/lib/tinyusb/src/device/usbd.c.obj
                0x100050ec                dcd_event_xfer_complete
 *fill*         0x10005132        0x2 
 .text.usbd_edpt_open
                0x10005134       0xe0 CMakeFiles/HIDE-Controller.dir/home/pi/pico/pico-sdk/lib/tinyusb/src/device/usbd.c.obj
                0x10005134                usbd_edpt_open
 .text.usbd_open_edpt_pair
                0x10005214       0x84 CMakeFiles/HIDE-Controller.dir/home/pi/pico/pico-sdk/lib/tinyusb/src/device/usbd.c.obj
                0x10005214                usbd_open_edpt_pair
 .text.usbd_edpt_xfer
                0x10005298       0x80 CMakeFiles/HIDE-Controller.dir/home/pi/pico/pico-sdk/lib/tinyusb/src/device/usbd.c.obj
                0x10005298                usbd_edpt_xfer
 .text._data_stage_xact
                0x10005318       0x58 CMakeFiles/HIDE-Controller.dir/home/pi/pico/pico-sdk/lib/tinyusb/src/device/usbd_control.c.obj
 .text.tud_control_status
                0x10005370       0x38 CMakeFiles/HIDE-Controller.dir/home/pi/pico/pico-sdk/lib/tinyusb/src/device/usbd_control.c.obj
                0x10005370                tud_control_status
 .text.tud_control_xfer
                0x100053a8       0xa4 CMakeFiles/HIDE-Controller.dir/home/pi/pico/pico-sdk/lib/tinyusb/src/device/usbd_control.c.obj
                0x100053a8                tud_control_xfer
 .text.hidd_reset
                0x1000544c       0x14 CMakeFiles/HIDE-Controller.dir/home/pi/pico/pico-sdk/lib/tinyusb/src/class/hid/hid_device.c.obj
                0x1000544c                hidd_reset
 .text.hidd_init
                0x10005460        0xa CMakeFiles/HIDE-Controller.dir/home/pi/pico/pico-sdk/lib/tinyusb/src/class/hid/hid_device.c.obj
                0x10005460                hidd_init
 *fill*         0x1000546a        0x2 
 .text.hidd_open
                0x1000546c      0x100 CMakeFiles/HIDE-Controller.dir/home/pi/pico/pico-sdk/lib/tinyusb/src/class/hid/hid_device.c.obj
                0x1000546c                hidd_open
 .text.hidd_control_xfer_cb
                0x1000556c      0x230 CMakeFiles/HIDE-Controller.dir/home/pi/pico/pico-sdk/lib/tinyusb/src/class/hid/hid_device.c.obj
                0x1000556c                hidd_control_xfer_cb
 .text.hidd_xfer_cb
                0x1000579c       0xa8 CMakeFiles/HIDE-Controller.dir/home/pi/pico/pico-sdk/lib/tinyusb/src/class/hid/hid_device.c.obj
                0x1000579c                hidd_xfer_cb
 .text.tusb_init
                0x10005844       0x24 CMakeFiles/HIDE-Controller.dir/home/pi/pico/pico-sdk/lib/tinyusb/src/tusb.c.obj
                0x10005844                tusb_init
 .text.advance_pointer
                0x10005868       0x20 CMakeFiles/HIDE-Controller.dir/home/pi/pico/pico-sdk/lib/tinyusb/src/common/tusb_fifo.c.obj
 .text.get_relative_pointer
                0x10005888       0x10 CMakeFiles/HIDE-Controller.dir/home/pi/pico/pico-sdk/lib/tinyusb/src/common/tusb_fifo.c.obj
 .text.tu_fifo_write
                0x10005898       0x6c CMakeFiles/HIDE-Controller.dir/home/pi/pico/pico-sdk/lib/tinyusb/src/common/tusb_fifo.c.obj
                0x10005898                tu_fifo_write
 .text.tu_fifo_clear
                0x10005904       0x4c CMakeFiles/HIDE-Controller.dir/home/pi/pico/pico-sdk/lib/tinyusb/src/common/tusb_fifo.c.obj
                0x10005904                tu_fifo_clear
 .text.board_init
                0x10005950       0x30 CMakeFiles/HIDE-Controller.dir/home/pi/pico/pico-sdk/lib/tinyusb/hw/bsp/rp2040/family.c.obj
                0x10005950                board_init
 .text          0x10005980       0x64 /usr/lib/gcc/arm-none-eabi/7.3.1/../../../arm-none-eabi/lib/thumb/v6-m/libg.a(lib_a-strlen-stub.o)
                0x10005980                strlen
 *(.fini)
 .fini          0x100059e4        0x4 /usr/lib/gcc/arm-none-eabi/7.3.1/thumb/v6-m/crti.o
                0x100059e4                _fini
 .fini.__stub   0x100059e8       0x60 linker stubs
 *crtbegin.o(.ctors)
 *crtbegin?.o(.ctors)
 *(EXCLUDE_FILE(*crtend.o *crtend?.o) .ctors)
 *(SORT_BY_NAME(.ctors.*))
 *(.ctors)
 *crtbegin.o(.dtors)
 *crtbegin?.o(.dtors)
 *(EXCLUDE_FILE(*crtend.o *crtend?.o) .dtors)
 *(SORT_BY_NAME(.dtors.*))
 *(.dtors)
 *(.eh_frame*)
 .eh_frame      0x10005a48        0x0 /usr/lib/gcc/arm-none-eabi/7.3.1/thumb/v6-m/crtbegin.o
                0x10005a48                . = ALIGN (0x4)

.glue_7         0x10005a48        0x0
 .glue_7        0x10005a48        0x0 linker stubs

.glue_7t        0x10005a48        0x0
 .glue_7t       0x10005a48        0x0 linker stubs

.vfp11_veneer   0x10005a48        0x0
 .vfp11_veneer  0x10005a48        0x0 linker stubs

.v4_bx          0x10005a48        0x0
 .v4_bx         0x10005a48        0x0 linker stubs

.iplt           0x10005a48        0x0
 .iplt          0x10005a48        0x0 /usr/lib/gcc/arm-none-eabi/7.3.1/thumb/v6-m/crtbegin.o

.rodata         0x10005a48     0x1308
 *(EXCLUDE_FILE(*libm.a: *libc.a:*lib_a-mem*.o *libgcc.a:) .rodata*)
 .rodata._Z11getSideName9InputSide.str1.4
                0x10005a48        0xe CMakeFiles/HIDE-Controller.dir/src/HIDE-Controller.cpp.obj
 *fill*         0x10005a56        0x2 
 .rodata._Z14getButtonStateb.str1.4
                0x10005a58       0x11 CMakeFiles/HIDE-Controller.dir/src/HIDE-Controller.cpp.obj
 *fill*         0x10005a69        0x3 
 .rodata.main.str1.4
                0x10005a6c       0x42 CMakeFiles/HIDE-Controller.dir/src/HIDE-Controller.cpp.obj
 *fill*         0x10005aae        0x2 
 .rodata.desc_hid_report
                0x10005ab0       0x44 CMakeFiles/HIDE-Controller.dir/src/usb_descriptors.c.obj
                0x10005ab0                desc_hid_report
 .rodata.spin_lock_claim_unused.str1.4
                0x10005af4       0x1b CMakeFiles/HIDE-Controller.dir/home/pi/pico/pico-sdk/src/rp2_common/hardware_sync/sync.c.obj
 *fill*         0x10005b0f        0x1 
 .rodata.__func__.5648
                0x10005b10       0x15 CMakeFiles/HIDE-Controller.dir/home/pi/pico/pico-sdk/src/common/pico_time/time.c.obj
 *fill*         0x10005b25        0x3 
 .rodata.__func__.5949
                0x10005b28        0xc CMakeFiles/HIDE-Controller.dir/home/pi/pico/pico-sdk/src/common/pico_time/time.c.obj
 .rodata.__func__.5956
                0x10005b34       0x12 CMakeFiles/HIDE-Controller.dir/home/pi/pico/pico-sdk/src/common/pico_time/time.c.obj
 *fill*         0x10005b46        0x2 
 .rodata.__func__.5972
                0x10005b48        0xf CMakeFiles/HIDE-Controller.dir/home/pi/pico/pico-sdk/src/common/pico_time/time.c.obj
 *fill*         0x10005b57        0x1 
 .rodata.__func__.5994
                0x10005b58        0xd CMakeFiles/HIDE-Controller.dir/home/pi/pico/pico-sdk/src/common/pico_time/time.c.obj
 *fill*         0x10005b65        0x3 
 .rodata.__func__.6195
                0x10005b68        0xa CMakeFiles/HIDE-Controller.dir/home/pi/pico/pico-sdk/src/common/pico_time/time.c.obj
 *fill*         0x10005b72        0x2 
 .rodata.__func__.6200
                0x10005b74       0x12 CMakeFiles/HIDE-Controller.dir/home/pi/pico/pico-sdk/src/common/pico_time/time.c.obj
 *fill*         0x10005b86        0x2 
 .rodata.__func__.6215
                0x10005b88       0x17 CMakeFiles/HIDE-Controller.dir/home/pi/pico/pico-sdk/src/common/pico_time/time.c.obj
 *fill*         0x10005b9f        0x1 
 .rodata.__func__.6226
                0x10005ba0       0x15 CMakeFiles/HIDE-Controller.dir/home/pi/pico/pico-sdk/src/common/pico_time/time.c.obj
 *fill*         0x10005bb5        0x3 
 .rodata.__func__.6243
                0x10005bb8       0x1a CMakeFiles/HIDE-Controller.dir/home/pi/pico/pico-sdk/src/common/pico_time/time.c.obj
 *fill*         0x10005bd2        0x2 
 .rodata.__func__.6282
                0x10005bd4       0x18 CMakeFiles/HIDE-Controller.dir/home/pi/pico/pico-sdk/src/common/pico_time/time.c.obj
 .rodata.add_alarm_under_lock.str1.4
                0x10005bec       0x28 CMakeFiles/HIDE-Controller.dir/home/pi/pico/pico-sdk/src/common/pico_time/time.c.obj
                                 0x2b (size before relaxing)
 .rodata.alarm_pool_alarm_callback.str1.4
                0x10005c14       0xe2 CMakeFiles/HIDE-Controller.dir/home/pi/pico/pico-sdk/src/common/pico_time/time.c.obj
 *fill*         0x10005cf6        0x2 
 .rodata.alarm_pool_cancel_alarm.str1.4
                0x10005cf8       0x27 CMakeFiles/HIDE-Controller.dir/home/pi/pico/pico-sdk/src/common/pico_time/time.c.obj
 *fill*         0x10005d1f        0x1 
 .rodata.alarm_pool_dump_key.str1.4
                0x10005d20       0x33 CMakeFiles/HIDE-Controller.dir/home/pi/pico/pico-sdk/src/common/pico_time/time.c.obj
 *fill*         0x10005d53        0x1 
 .rodata.alarm_pool_get_default.str1.4
                0x10005d54       0x21 CMakeFiles/HIDE-Controller.dir/home/pi/pico/pico-sdk/src/common/pico_time/time.c.obj
 *fill*         0x10005d75        0x3 
 .rodata.ph_add_child_node.str1.4
                0x10005d78       0x92 CMakeFiles/HIDE-Controller.dir/home/pi/pico/pico-sdk/src/common/pico_time/time.c.obj
 *fill*         0x10005e0a        0x2 
 .rodata.repeating_timer_callback.str1.4
                0x10005e0c       0x47 CMakeFiles/HIDE-Controller.dir/home/pi/pico/pico-sdk/src/common/pico_time/time.c.obj
 *fill*         0x10005e53        0x1 
 .rodata.sleep_until.str1.4
                0x10005e54       0x4d CMakeFiles/HIDE-Controller.dir/home/pi/pico/pico-sdk/src/common/pico_time/time.c.obj
 *fill*         0x10005ea1        0x3 
 .rodata.__func__.4508
                0x10005ea4       0x1a CMakeFiles/HIDE-Controller.dir/home/pi/pico/pico-sdk/src/rp2_common/hardware_timer/timer.c.obj
 *fill*         0x10005ebe        0x2 
 .rodata.hardware_alarm_claim.str1.4
                0x10005ec0       0x22 CMakeFiles/HIDE-Controller.dir/home/pi/pico/pico-sdk/src/rp2_common/hardware_timer/timer.c.obj
 *fill*         0x10005ee2        0x2 
 .rodata.hardware_alarm_set_target.str1.4
                0x10005ee4       0x61 CMakeFiles/HIDE-Controller.dir/home/pi/pico/pico-sdk/src/rp2_common/hardware_timer/timer.c.obj
 *fill*         0x10005f45        0x3 
 .rodata.__func__.4173
                0x10005f48       0x15 CMakeFiles/HIDE-Controller.dir/home/pi/pico/pico-sdk/src/common/pico_sync/mutex.c.obj
 *fill*         0x10005f5d        0x3 
 .rodata.__func__.4570
                0x10005f60       0x15 CMakeFiles/HIDE-Controller.dir/home/pi/pico/pico-sdk/src/common/pico_sync/mutex.c.obj
 *fill*         0x10005f75        0x3 
 .rodata.__func__.4595
                0x10005f78       0x18 CMakeFiles/HIDE-Controller.dir/home/pi/pico/pico-sdk/src/common/pico_sync/mutex.c.obj
 .rodata.__func__.4605
                0x10005f90        0xb CMakeFiles/HIDE-Controller.dir/home/pi/pico/pico-sdk/src/common/pico_sync/mutex.c.obj
 *fill*         0x10005f9b        0x1 
 .rodata.str1.4
                0x10005f9c       0xad CMakeFiles/HIDE-Controller.dir/home/pi/pico/pico-sdk/src/common/pico_sync/mutex.c.obj
                                0x10d (size before relaxing)
 *fill*         0x10006049        0x3 
 .rodata.__func__.5655
                0x1000604c        0xc CMakeFiles/HIDE-Controller.dir/home/pi/pico/pico-sdk/src/common/pico_util/pheap.c.obj
 .rodata.__func__.5662
                0x10006058       0x12 CMakeFiles/HIDE-Controller.dir/home/pi/pico/pico-sdk/src/common/pico_util/pheap.c.obj
 *fill*         0x1000606a        0x2 
 .rodata.__func__.5748
                0x1000606c       0x13 CMakeFiles/HIDE-Controller.dir/home/pi/pico/pico-sdk/src/common/pico_util/pheap.c.obj
 *fill*         0x1000607f        0x1 
 .rodata.__func__.5766
                0x10006080       0x18 CMakeFiles/HIDE-Controller.dir/home/pi/pico/pico-sdk/src/common/pico_util/pheap.c.obj
 .rodata.ph_add_child_node.str1.4
                0x10006098       0x92 CMakeFiles/HIDE-Controller.dir/home/pi/pico/pico-sdk/src/common/pico_util/pheap.c.obj
 .rodata.ph_remove_and_free_node.str1.4
                0x10006098       0x26 CMakeFiles/HIDE-Controller.dir/home/pi/pico/pico-sdk/src/common/pico_util/pheap.c.obj
 *fill*         0x100060be        0x2 
 .rodata.ph_remove_any_head.str1.4
                0x100060c0       0x88 CMakeFiles/HIDE-Controller.dir/home/pi/pico/pico-sdk/src/common/pico_util/pheap.c.obj
 .rodata.__assert_func.str1.4
                0x10006148       0x3f CMakeFiles/HIDE-Controller.dir/home/pi/pico/pico-sdk/src/rp2_common/pico_runtime/runtime.c.obj
                                 0x43 (size before relaxing)
 *fill*         0x10006187        0x1 
 .rodata.panic.str1.4
                0x10006188       0x10 CMakeFiles/HIDE-Controller.dir/home/pi/pico/pico-sdk/src/rp2_common/pico_runtime/runtime.c.obj
                                 0x12 (size before relaxing)
 .rodata.__func__.4627
                0x10006198       0x10 CMakeFiles/HIDE-Controller.dir/home/pi/pico/pico-sdk/src/rp2_common/hardware_clocks/clocks.c.obj
 .rodata.clock_configure.str1.4
                0x100061a8       0x53 CMakeFiles/HIDE-Controller.dir/home/pi/pico/pico-sdk/src/rp2_common/hardware_clocks/clocks.c.obj
 *fill*         0x100061fb        0x1 
 .rodata.__func__.4663
                0x100061fc       0x1a CMakeFiles/HIDE-Controller.dir/home/pi/pico/pico-sdk/src/rp2_common/hardware_irq/irq.c.obj
 *fill*         0x10006216        0x2 
 .rodata.__func__.4677
                0x10006218        0xc CMakeFiles/HIDE-Controller.dir/home/pi/pico/pico-sdk/src/rp2_common/hardware_irq/irq.c.obj
 .rodata.__func__.4685
                0x10006224       0x17 CMakeFiles/HIDE-Controller.dir/home/pi/pico/pico-sdk/src/rp2_common/hardware_irq/irq.c.obj
 *fill*         0x1000623b        0x1 
 .rodata.__func__.4689
                0x1000623c        0xf CMakeFiles/HIDE-Controller.dir/home/pi/pico/pico-sdk/src/rp2_common/hardware_irq/irq.c.obj
 *fill*         0x1000624b        0x1 
 .rodata.__func__.4728
                0x1000624c       0x13 CMakeFiles/HIDE-Controller.dir/home/pi/pico/pico-sdk/src/rp2_common/hardware_irq/irq.c.obj
 *fill*         0x1000625f        0x1 
 .rodata.__func__.4747
                0x10006260       0x1a CMakeFiles/HIDE-Controller.dir/home/pi/pico/pico-sdk/src/rp2_common/hardware_irq/irq.c.obj
 *fill*         0x1000627a        0x2 
 .rodata.irq_add_shared_handler.str1.4
                0x1000627c       0xd9 CMakeFiles/HIDE-Controller.dir/home/pi/pico/pico-sdk/src/rp2_common/hardware_irq/irq.c.obj
 *fill*         0x10006355        0x3 
 .rodata.irq_add_tail_to_free_list.str1.4
                0x10006358       0x32 CMakeFiles/HIDE-Controller.dir/home/pi/pico/pico-sdk/src/rp2_common/hardware_irq/irq.c.obj
                                 0x3a (size before relaxing)
 *fill*         0x1000638a        0x2 
 .rodata.irq_remove_handler.str1.4
                0x1000638c       0x2a CMakeFiles/HIDE-Controller.dir/home/pi/pico/pico-sdk/src/rp2_common/hardware_irq/irq.c.obj
 *fill*         0x100063b6        0x2 
 .rodata.irq_set_exclusive_handler.str1.4
                0x100063b8       0x36 CMakeFiles/HIDE-Controller.dir/home/pi/pico/pico-sdk/src/rp2_common/hardware_irq/irq.c.obj
 *fill*         0x100063ee        0x2 
 .rodata.make_branch.str1.4
                0x100063f0       0x49 CMakeFiles/HIDE-Controller.dir/home/pi/pico/pico-sdk/src/rp2_common/hardware_irq/irq.c.obj
 *fill*         0x10006439        0x3 
 .rodata.__func__.4362
                0x1000643c        0x9 CMakeFiles/HIDE-Controller.dir/home/pi/pico/pico-sdk/src/rp2_common/hardware_pll/pll.c.obj
 *fill*         0x10006445        0x3 
 .rodata.pll_init.str1.4
                0x10006448       0xd7 CMakeFiles/HIDE-Controller.dir/home/pi/pico/pico-sdk/src/rp2_common/hardware_pll/pll.c.obj
 *fill*         0x1000651f        0x1 
 .rodata._vsnprintf
                0x10006520      0x1e0 CMakeFiles/HIDE-Controller.dir/home/pi/pico/pico-sdk/src/rp2_common/pico_printf/printf.c.obj
 .rodata._ftoa.str1.4
                0x10006700       0x15 CMakeFiles/HIDE-Controller.dir/home/pi/pico/pico-sdk/src/rp2_common/pico_printf/printf.c.obj
 *fill*         0x10006715        0x3 
 .rodata.pow10.5369
                0x10006718       0x50 CMakeFiles/HIDE-Controller.dir/home/pi/pico/pico-sdk/src/rp2_common/pico_printf/printf.c.obj
 .rodata.__aeabi_double_init.str1.4
                0x10006768       0xa4 CMakeFiles/HIDE-Controller.dir/home/pi/pico/pico-sdk/src/rp2_common/pico_double/double_init_rom.c.obj
 .rodata.__func__.4628
                0x1000680c       0x14 CMakeFiles/HIDE-Controller.dir/home/pi/pico/pico-sdk/src/rp2_common/pico_double/double_init_rom.c.obj
 .rodata.__aeabi_float_init.str1.4
                0x10006820       0x76 CMakeFiles/HIDE-Controller.dir/home/pi/pico/pico-sdk/src/rp2_common/pico_float/float_init_rom.c.obj
                                 0x7a (size before relaxing)
 *fill*         0x10006896        0x2 
 .rodata.__func__.4630
                0x10006898       0x13 CMakeFiles/HIDE-Controller.dir/home/pi/pico/pico-sdk/src/rp2_common/pico_float/float_init_rom.c.obj
 *fill*         0x100068ab        0x1 
 .rodata.__bi_44
                0x100068ac        0xc CMakeFiles/HIDE-Controller.dir/home/pi/pico/pico-sdk/src/rp2_common/pico_standard_link/binary_info.c.obj
 .rodata.__bi_56
                0x100068b8        0xc CMakeFiles/HIDE-Controller.dir/home/pi/pico/pico-sdk/src/rp2_common/pico_standard_link/binary_info.c.obj
 .rodata.__bi_75
                0x100068c4        0xc CMakeFiles/HIDE-Controller.dir/home/pi/pico/pico-sdk/src/rp2_common/pico_standard_link/binary_info.c.obj
 .rodata.__bi_81
                0x100068d0        0xc CMakeFiles/HIDE-Controller.dir/home/pi/pico/pico-sdk/src/rp2_common/pico_standard_link/binary_info.c.obj
 .rodata.str1.4
                0x100068dc       0x48 CMakeFiles/HIDE-Controller.dir/home/pi/pico/pico-sdk/src/rp2_common/pico_standard_link/binary_info.c.obj
 .rodata.crlf_str.5957
                0x10006924        0x2 CMakeFiles/HIDE-Controller.dir/home/pi/pico/pico-sdk/src/rp2_common/pico_stdio/stdio.c.obj
 *fill*         0x10006926        0x2 
 .rodata.__bi_28.4699
                0x10006928        0xc CMakeFiles/HIDE-Controller.dir/home/pi/pico/pico-sdk/src/rp2_common/pico_stdio_uart/stdio_uart.c.obj
 .rodata.__bi_29.4703
                0x10006934        0x8 CMakeFiles/HIDE-Controller.dir/home/pi/pico/pico-sdk/src/rp2_common/pico_stdio_uart/stdio_uart.c.obj
 .rodata.str1.4
                0x1000693c       0x2c CMakeFiles/HIDE-Controller.dir/home/pi/pico/pico-sdk/src/rp2_common/pico_stdio_uart/stdio_uart.c.obj
 .rodata.__func__.6787
                0x10006968       0x13 CMakeFiles/HIDE-Controller.dir/home/pi/pico/pico-sdk/lib/tinyusb/src/portable/raspberrypi/rp2040/dcd_rp2040.c.obj
 *fill*         0x1000697b        0x1 
 .rodata.__func__.6818
                0x1000697c       0x16 CMakeFiles/HIDE-Controller.dir/home/pi/pico/pico-sdk/lib/tinyusb/src/portable/raspberrypi/rp2040/dcd_rp2040.c.obj
 *fill*         0x10006992        0x2 
 .rodata.__func__.6860
                0x10006994        0x9 CMakeFiles/HIDE-Controller.dir/home/pi/pico/pico-sdk/lib/tinyusb/src/portable/raspberrypi/rp2040/dcd_rp2040.c.obj
 *fill*         0x1000699d        0x3 
 .rodata.__func__.6864
                0x100069a0        0xf CMakeFiles/HIDE-Controller.dir/home/pi/pico/pico-sdk/lib/tinyusb/src/portable/raspberrypi/rp2040/dcd_rp2040.c.obj
 *fill*         0x100069af        0x1 
 .rodata.__func__.6885
                0x100069b0        0xc CMakeFiles/HIDE-Controller.dir/home/pi/pico/pico-sdk/lib/tinyusb/src/portable/raspberrypi/rp2040/dcd_rp2040.c.obj
 .rodata.__func__.6895
                0x100069bc        0xe CMakeFiles/HIDE-Controller.dir/home/pi/pico/pico-sdk/lib/tinyusb/src/portable/raspberrypi/rp2040/dcd_rp2040.c.obj
 *fill*         0x100069ca        0x2 
 .rodata.__func__.6902
                0x100069cc        0xe CMakeFiles/HIDE-Controller.dir/home/pi/pico/pico-sdk/lib/tinyusb/src/portable/raspberrypi/rp2040/dcd_rp2040.c.obj
 *fill*         0x100069da        0x2 
 .rodata._hw_endpoint_alloc.str1.4
                0x100069dc       0xb1 CMakeFiles/HIDE-Controller.dir/home/pi/pico/pico-sdk/lib/tinyusb/src/portable/raspberrypi/rp2040/dcd_rp2040.c.obj
 *fill*         0x10006a8d        0x3 
 .rodata._hw_endpoint_init.str1.4
                0x10006a90       0x28 CMakeFiles/HIDE-Controller.dir/home/pi/pico/pico-sdk/lib/tinyusb/src/portable/raspberrypi/rp2040/dcd_rp2040.c.obj
 .rodata.dcd_int_enable.str1.4
                0x10006ab8        0xc CMakeFiles/HIDE-Controller.dir/home/pi/pico/pico-sdk/lib/tinyusb/src/portable/raspberrypi/rp2040/dcd_rp2040.c.obj
 .rodata.dcd_rp2040_irq.str1.4
                0x10006ac4       0x14 CMakeFiles/HIDE-Controller.dir/home/pi/pico/pico-sdk/lib/tinyusb/src/portable/raspberrypi/rp2040/dcd_rp2040.c.obj
 .rodata.hw_handle_buff_status.str1.4
                0x10006ad8        0xb CMakeFiles/HIDE-Controller.dir/home/pi/pico/pico-sdk/lib/tinyusb/src/portable/raspberrypi/rp2040/dcd_rp2040.c.obj
 *fill*         0x10006ae3        0x1 
 .rodata.__func__.6566
                0x10006ae4       0x17 CMakeFiles/HIDE-Controller.dir/home/pi/pico/pico-sdk/lib/tinyusb/src/portable/raspberrypi/rp2040/rp2040_usb.c.obj
 *fill*         0x10006afb        0x1 
 .rodata.__func__.6577
                0x10006afc       0x12 CMakeFiles/HIDE-Controller.dir/home/pi/pico/pico-sdk/lib/tinyusb/src/portable/raspberrypi/rp2040/rp2040_usb.c.obj
 *fill*         0x10006b0e        0x2 
 .rodata._hw_endpoint_buffer_control_update32.str1.4
                0x10006b10       0x1f CMakeFiles/HIDE-Controller.dir/home/pi/pico/pico-sdk/lib/tinyusb/src/portable/raspberrypi/rp2040/rp2040_usb.c.obj
 *fill*         0x10006b2f        0x1 
 .rodata._hw_endpoint_xfer.str1.4
                0x10006b30        0xf CMakeFiles/HIDE-Controller.dir/home/pi/pico/pico-sdk/lib/tinyusb/src/portable/raspberrypi/rp2040/rp2040_usb.c.obj
 *fill*         0x10006b3f        0x1 
 .rodata._hw_endpoint_xfer_continue.str1.4
                0x10006b40       0x50 CMakeFiles/HIDE-Controller.dir/home/pi/pico/pico-sdk/lib/tinyusb/src/portable/raspberrypi/rp2040/rp2040_usb.c.obj
 .rodata._hw_endpoint_xfer_sync.str1.4
                0x10006b90       0x8d CMakeFiles/HIDE-Controller.dir/home/pi/pico/pico-sdk/lib/tinyusb/src/portable/raspberrypi/rp2040/rp2040_usb.c.obj
 .rodata.str1.4
                0x10006c1d       0x8d CMakeFiles/HIDE-Controller.dir/home/pi/pico/pico-sdk/lib/tinyusb/src/portable/raspberrypi/rp2040/rp2040_usb.c.obj
                                  0x7 (size before relaxing)
 *fill*         0x10006c1d        0x3 
 .rodata.__func__.6440
                0x10006c20       0x10 CMakeFiles/HIDE-Controller.dir/home/pi/pico/pico-sdk/lib/tinyusb/src/device/usbd.c.obj
 .rodata.__func__.7471
                0x10006c30       0x14 CMakeFiles/HIDE-Controller.dir/home/pi/pico/pico-sdk/lib/tinyusb/src/device/usbd.c.obj
 .rodata.__func__.7487
                0x10006c44        0xf CMakeFiles/HIDE-Controller.dir/home/pi/pico/pico-sdk/lib/tinyusb/src/device/usbd.c.obj
 *fill*         0x10006c53        0x1 
 .rodata.__func__.7515
                0x10006c54        0xf CMakeFiles/HIDE-Controller.dir/home/pi/pico/pico-sdk/lib/tinyusb/src/device/usbd.c.obj
 *fill*         0x10006c63        0x1 
 .rodata._usbd_driver
                0x10006c64       0x18 CMakeFiles/HIDE-Controller.dir/home/pi/pico/pico-sdk/lib/tinyusb/src/device/usbd.c.obj
 .rodata.process_set_config.str1.4
                0x10006c7c       0x17 CMakeFiles/HIDE-Controller.dir/home/pi/pico/pico-sdk/lib/tinyusb/src/device/usbd.c.obj
 *fill*         0x10006c93        0x1 
 .rodata.__func__.7228
                0x10006c94       0x11 CMakeFiles/HIDE-Controller.dir/home/pi/pico/pico-sdk/lib/tinyusb/src/device/usbd_control.c.obj
 .rodata.tud_control_xfer.str1.4
                0x10006ca5       0x17 CMakeFiles/HIDE-Controller.dir/home/pi/pico/pico-sdk/lib/tinyusb/src/device/usbd_control.c.obj
 *fill*         0x10006ca5        0x3 
 .rodata.hidd_control_xfer_cb
                0x10006ca8       0x30 CMakeFiles/HIDE-Controller.dir/home/pi/pico/pico-sdk/lib/tinyusb/src/class/hid/hid_device.c.obj
 .rodata.__PRETTY_FUNCTION__.7184
                0x10006cd8        0xa CMakeFiles/HIDE-Controller.dir/home/pi/pico/pico-sdk/lib/tinyusb/src/class/hid/hid_device.c.obj
 *fill*         0x10006ce2        0x2 
 .rodata.__func__.7177
                0x10006ce4        0xa CMakeFiles/HIDE-Controller.dir/home/pi/pico/pico-sdk/lib/tinyusb/src/class/hid/hid_device.c.obj
 *fill*         0x10006cee        0x2 
 .rodata.__func__.7198
                0x10006cf0       0x15 CMakeFiles/HIDE-Controller.dir/home/pi/pico/pico-sdk/lib/tinyusb/src/class/hid/hid_device.c.obj
 *fill*         0x10006d05        0x3 
 .rodata.__func__.7219
                0x10006d08        0xd CMakeFiles/HIDE-Controller.dir/home/pi/pico/pico-sdk/lib/tinyusb/src/class/hid/hid_device.c.obj
 *fill*         0x10006d15        0x3 
 .rodata.hidd_open.str1.4
                0x10006d18       0x11 CMakeFiles/HIDE-Controller.dir/home/pi/pico/pico-sdk/lib/tinyusb/src/class/hid/hid_device.c.obj
                                 0x29 (size before relaxing)
 *fill*         0x10006d29        0x3 
 .rodata.__func__.7104
                0x10006d2c        0xa CMakeFiles/HIDE-Controller.dir/home/pi/pico/pico-sdk/lib/tinyusb/src/tusb.c.obj
 .rodata.tusb_init.str1.4
                0x10006d36       0x17 CMakeFiles/HIDE-Controller.dir/home/pi/pico/pico-sdk/lib/tinyusb/src/tusb.c.obj
 *fill*         0x10006d36        0x2 
 .rodata.__bi_121.7539
                0x10006d38        0xc CMakeFiles/HIDE-Controller.dir/home/pi/pico/pico-sdk/lib/tinyusb/hw/bsp/rp2040/family.c.obj
 .rodata.__bi_131.7542
                0x10006d44        0x8 CMakeFiles/HIDE-Controller.dir/home/pi/pico/pico-sdk/lib/tinyusb/hw/bsp/rp2040/family.c.obj
 .rodata.str1.4
                0x10006d4c        0x4 CMakeFiles/HIDE-Controller.dir/home/pi/pico/pico-sdk/lib/tinyusb/hw/bsp/rp2040/family.c.obj
                0x10006d50                . = ALIGN (0x4)
 *(SORT_BY_ALIGNMENT(SORT_BY_NAME(.flashdata*)))
                0x10006d50                . = ALIGN (0x4)

.rel.dyn        0x10006d50        0x0
 .rel.iplt      0x10006d50        0x0 /usr/lib/gcc/arm-none-eabi/7.3.1/thumb/v6-m/crtbegin.o

.ARM.extab
 *(.ARM.extab* .gnu.linkonce.armextab.*)
                0x10006d50                __exidx_start = .

.ARM.exidx
 *(.ARM.exidx* .gnu.linkonce.armexidx.*)
                0x10006d50                __exidx_end = .
                0x10006d50                . = ALIGN (0x4)
                0x10006d50                __binary_info_start = .

.binary_info    0x10006d50       0x30
 *(.binary_info.keep.*)
 .binary_info.keep.__bi_ptr22
                0x10006d50        0x4 CMakeFiles/HIDE-Controller.dir/home/pi/pico/pico-sdk/src/rp2_common/pico_standard_link/binary_info.c.obj
 .binary_info.keep.__bi_ptr30
                0x10006d54        0x4 CMakeFiles/HIDE-Controller.dir/home/pi/pico/pico-sdk/src/rp2_common/pico_standard_link/binary_info.c.obj
 .binary_info.keep.__bi_ptr38
                0x10006d58        0x4 CMakeFiles/HIDE-Controller.dir/home/pi/pico/pico-sdk/src/rp2_common/pico_standard_link/binary_info.c.obj
 .binary_info.keep.__bi_ptr44
                0x10006d5c        0x4 CMakeFiles/HIDE-Controller.dir/home/pi/pico/pico-sdk/src/rp2_common/pico_standard_link/binary_info.c.obj
 .binary_info.keep.__bi_ptr50
                0x10006d60        0x4 CMakeFiles/HIDE-Controller.dir/home/pi/pico/pico-sdk/src/rp2_common/pico_standard_link/binary_info.c.obj
 .binary_info.keep.__bi_ptr56
                0x10006d64        0x4 CMakeFiles/HIDE-Controller.dir/home/pi/pico/pico-sdk/src/rp2_common/pico_standard_link/binary_info.c.obj
 .binary_info.keep.__bi_ptr75
                0x10006d68        0x4 CMakeFiles/HIDE-Controller.dir/home/pi/pico/pico-sdk/src/rp2_common/pico_standard_link/binary_info.c.obj
 .binary_info.keep.__bi_ptr81
                0x10006d6c        0x4 CMakeFiles/HIDE-Controller.dir/home/pi/pico/pico-sdk/src/rp2_common/pico_standard_link/binary_info.c.obj
 .binary_info.keep.__bi_ptr121
                0x10006d70        0x4 CMakeFiles/HIDE-Controller.dir/home/pi/pico/pico-sdk/lib/tinyusb/hw/bsp/rp2040/family.c.obj
 .binary_info.keep.__bi_ptr131
                0x10006d74        0x4 CMakeFiles/HIDE-Controller.dir/home/pi/pico/pico-sdk/lib/tinyusb/hw/bsp/rp2040/family.c.obj
 *(.binary_info.*)
 .binary_info.__bi_ptr28
                0x10006d78        0x4 CMakeFiles/HIDE-Controller.dir/home/pi/pico/pico-sdk/src/rp2_common/pico_stdio_uart/stdio_uart.c.obj
 .binary_info.__bi_ptr29
                0x10006d7c        0x4 CMakeFiles/HIDE-Controller.dir/home/pi/pico/pico-sdk/src/rp2_common/pico_stdio_uart/stdio_uart.c.obj
                0x10006d80                __binary_info_end = .
                0x10006d80                . = ALIGN (0x4)
                0x10006d80                __etext = .

.ram_vector_table
                0x20000000       0xc0
 *(.ram_vector_table)
 .ram_vector_table
                0x20000000       0xc0 CMakeFiles/HIDE-Controller.dir/home/pi/pico/pico-sdk/src/rp2_common/pico_runtime/runtime.c.obj
                0x20000000                ram_vector_table

.data           0x200000c0      0x3cc load address 0x10006d80
                0x200000c0                __data_start__ = .
 *(vtable)
 *(.time_critical*)
 .time_critical.mutex_enter_blocking
                0x200000c0       0x94 CMakeFiles/HIDE-Controller.dir/home/pi/pico/pico-sdk/src/common/pico_sync/mutex.c.obj
                0x200000c0                mutex_enter_blocking
 .time_critical.mutex_try_enter
                0x20000154       0x5a CMakeFiles/HIDE-Controller.dir/home/pi/pico/pico-sdk/src/common/pico_sync/mutex.c.obj
                0x20000154                mutex_try_enter
 *fill*         0x200001ae        0x2 
 .time_critical.mutex_enter_block_until
                0x200001b0       0x8c CMakeFiles/HIDE-Controller.dir/home/pi/pico/pico-sdk/src/common/pico_sync/mutex.c.obj
                0x200001b0                mutex_enter_block_until
 .time_critical.mutex_enter_timeout_ms
                0x2000023c       0x6c CMakeFiles/HIDE-Controller.dir/home/pi/pico/pico-sdk/src/common/pico_sync/mutex.c.obj
                0x2000023c                mutex_enter_timeout_ms
 .time_critical.mutex_exit
                0x200002a8       0x94 CMakeFiles/HIDE-Controller.dir/home/pi/pico/pico-sdk/src/common/pico_sync/mutex.c.obj
                0x200002a8                mutex_exit
 *(.text*)
 .text          0x2000033c        0x4 /usr/lib/gcc/arm-none-eabi/7.3.1/thumb/v6-m/libgcc.a(_dvmd_tls.o)
                0x2000033c                __aeabi_ldiv0
                0x2000033c                __aeabi_idiv0
 .text.__stub   0x20000340       0x40 linker stubs
                0x20000380                . = ALIGN (0x4)
 *(.rodata*)
                0x20000380                . = ALIGN (0x4)
 *(.data*)
 .data.LeftSetterPin
                0x20000380        0x4 CMakeFiles/HIDE-Controller.dir/src/HIDE-Controller.cpp.obj
                0x20000380                LeftSetterPin
 .data.RightSetterPin
                0x20000384        0x4 CMakeFiles/HIDE-Controller.dir/src/HIDE-Controller.cpp.obj
                0x20000384                RightSetterPin
 .data.SwPin    0x20000388        0x4 CMakeFiles/HIDE-Controller.dir/src/HIDE-Controller.cpp.obj
                0x20000388                SwPin
 .data.TriggerAdcPin
                0x2000038c        0x4 CMakeFiles/HIDE-Controller.dir/src/HIDE-Controller.cpp.obj
                0x2000038c                TriggerAdcPin
 .data.VrxAdcInput
                0x20000390        0x4 CMakeFiles/HIDE-Controller.dir/src/HIDE-Controller.cpp.obj
                0x20000390                VrxAdcInput
 .data.VrxPin   0x20000394        0x4 CMakeFiles/HIDE-Controller.dir/src/HIDE-Controller.cpp.obj
                0x20000394                VrxPin
 .data.VryPin   0x20000398        0x4 CMakeFiles/HIDE-Controller.dir/src/HIDE-Controller.cpp.obj
                0x20000398                VryPin
 .data.striped_spin_lock_num
                0x2000039c        0x1 CMakeFiles/HIDE-Controller.dir/home/pi/pico/pico-sdk/src/rp2_common/hardware_sync/sync.c.obj
 *fill*         0x2000039d        0x3 
 .data.default_alarm_pool
                0x200003a0       0x18 CMakeFiles/HIDE-Controller.dir/home/pi/pico/pico-sdk/src/common/pico_time/time.c.obj
 .data.default_alarm_pool_heap
                0x200003b8       0x10 CMakeFiles/HIDE-Controller.dir/home/pi/pico/pico-sdk/src/common/pico_time/time.c.obj
 .data          0x200003c8       0x48 CMakeFiles/HIDE-Controller.dir/home/pi/pico/pico-sdk/src/rp2_common/hardware_irq/irq_handler_chain.S.obj
                0x200003c8                irq_handler_chain_slots
                0x200003f8                irq_handler_chain_first_slot
                0x20000402                irq_handler_chain_remove_tail
 .data.aeabi_bits_funcs
                0x20000410       0x10 CMakeFiles/HIDE-Controller.dir/home/pi/pico/pico-sdk/src/rp2_common/pico_bit_ops/bit_ops_aeabi.S.obj
                0x20000410                aeabi_bits_funcs
                0x20000420                aeabi_bits_funcs_end
 .data.aeabi_mem_funcs
                0x20000420       0x10 CMakeFiles/HIDE-Controller.dir/home/pi/pico/pico-sdk/src/rp2_common/pico_mem_ops/mem_ops_aeabi.S.obj
                0x20000420                aeabi_mem_funcs
                0x20000430                aeabi_mem_funcs_end
 .data.stdio_uart
                0x20000430       0x14 CMakeFiles/HIDE-Controller.dir/home/pi/pico/pico-sdk/src/rp2_common/pico_stdio_uart/stdio_uart.c.obj
                0x20000430                stdio_uart
 .data.ep_dir_string
                0x20000444        0x8 CMakeFiles/HIDE-Controller.dir/home/pi/pico/pico-sdk/lib/tinyusb/src/portable/raspberrypi/rp2040/rp2040_usb.c.obj
                0x20000444                ep_dir_string
 .data._usbd_qdef
                0x2000044c       0x24 CMakeFiles/HIDE-Controller.dir/home/pi/pico/pico-sdk/lib/tinyusb/src/device/usbd.c.obj
                0x2000044c                _usbd_qdef
                0x20000470                . = ALIGN (0x4)
 *(.after_data.*)
                0x20000470                . = ALIGN (0x4)
                0x20000470                PROVIDE (__mutex_array_start = .)
 *(SORT_BY_NAME(.mutex_array.*))
 *(.mutex_array)
 .mutex_array   0x20000470        0x8 CMakeFiles/HIDE-Controller.dir/home/pi/pico/pico-sdk/src/rp2_common/pico_stdio/stdio.c.obj
                0x20000478                PROVIDE (__mutex_array_end = .)
                0x20000478                . = ALIGN (0x4)
                0x20000478                PROVIDE (__preinit_array_start = .)
 *(SORT_BY_NAME(.preinit_array.*))
 .preinit_array.00001
                0x20000478        0x4 CMakeFiles/HIDE-Controller.dir/home/pi/pico/pico-sdk/src/rp2_common/pico_mem_ops/mem_ops_aeabi.S.obj
 .preinit_array.00010
                0x2000047c        0x4 CMakeFiles/HIDE-Controller.dir/home/pi/pico/pico-sdk/src/rp2_common/pico_bit_ops/bit_ops_aeabi.S.obj
 .preinit_array.00020
                0x20000480        0x4 CMakeFiles/HIDE-Controller.dir/home/pi/pico/pico-sdk/src/rp2_common/pico_double/double_aeabi.S.obj
 .preinit_array.00020
                0x20000484        0x4 CMakeFiles/HIDE-Controller.dir/home/pi/pico/pico-sdk/src/rp2_common/pico_float/float_aeabi.S.obj
 *(.preinit_array)
                0x20000488                PROVIDE (__preinit_array_end = .)
                0x20000488                . = ALIGN (0x4)
                0x20000488                PROVIDE (__init_array_start = .)
 *(SORT_BY_NAME(.init_array.*))
 *(.init_array)
 .init_array    0x20000488        0x4 /usr/lib/gcc/arm-none-eabi/7.3.1/thumb/v6-m/crtbegin.o
                0x2000048c                PROVIDE (__init_array_end = .)
                0x2000048c                . = ALIGN (0x4)
                0x2000048c                PROVIDE (__fini_array_start = .)
 *(SORT_BY_NAME(.fini_array.*))
 *(.fini_array)
                0x2000048c                PROVIDE (__fini_array_end = .)
 *(.jcr)
                0x2000048c                . = ALIGN (0x4)
                0x2000048c                __data_end__ = .

.tm_clone_table
                0x2000048c        0x0 load address 0x1000714c
 .tm_clone_table
                0x2000048c        0x0 /usr/lib/gcc/arm-none-eabi/7.3.1/thumb/v6-m/crtbegin.o
 .tm_clone_table
                0x2000048c        0x0 /usr/lib/gcc/arm-none-eabi/7.3.1/thumb/v6-m/crtend.o

.igot.plt       0x2000048c        0x0 load address 0x1000714c
 .igot.plt      0x2000048c        0x0 /usr/lib/gcc/arm-none-eabi/7.3.1/thumb/v6-m/crtbegin.o

.uninitialized_data
                0x2000048c        0x0 load address 0x1000714c
                0x2000048c                . = ALIGN (0x4)
 *(.uninitialized_data*)

.scratch_x      0x20040000        0x0 load address 0x1000714c
                0x20040000                __scratch_x_start__ = .
 *(.scratch_x.*)
                0x20040000                . = ALIGN (0x4)
                0x20040000                __scratch_x_end__ = .
                0x1000714c                __scratch_x_source__ = LOADADDR (.scratch_x)

.scratch_y      0x20041000        0x0 load address 0x1000714c
                0x20041000                __scratch_y_start__ = .
 *(.scratch_y.*)
                0x20041000                . = ALIGN (0x4)
                0x20041000                __scratch_y_end__ = .
                0x1000714c                __scratch_y_source__ = LOADADDR (.scratch_y)

.bss            0x20000490      0x990
                0x20000490                . = ALIGN (0x4)
                0x20000490                __bss_start__ = .
 *(SORT_BY_ALIGNMENT(SORT_BY_NAME(.bss*)))
 .bss.default_alarm_pool_entries
                0x20000490      0x100 CMakeFiles/HIDE-Controller.dir/home/pi/pico/pico-sdk/src/common/pico_time/time.c.obj
 .bss           0x20000590       0x1c /usr/lib/gcc/arm-none-eabi/7.3.1/thumb/v6-m/crtbegin.o
 .bss.VryAdcInput
                0x200005ac        0x4 CMakeFiles/HIDE-Controller.dir/src/HIDE-Controller.cpp.obj
                0x200005ac                VryAdcInput
 .bss._app_driver
                0x200005b0        0x4 CMakeFiles/HIDE-Controller.dir/home/pi/pico/pico-sdk/lib/tinyusb/src/device/usbd.c.obj
 .bss._ctrl_xfer
                0x200005b4       0x14 CMakeFiles/HIDE-Controller.dir/home/pi/pico/pico-sdk/lib/tinyusb/src/device/usbd_control.c.obj
 .bss._hidd_itf
                0x200005c8       0x4c CMakeFiles/HIDE-Controller.dir/home/pi/pico/pico-sdk/lib/tinyusb/src/class/hid/hid_device.c.obj
 .bss._ubsd_mutexdef
                0x20000614        0x8 CMakeFiles/HIDE-Controller.dir/home/pi/pico/pico-sdk/lib/tinyusb/src/device/usbd.c.obj
 .bss._usbd_ctrl_buf
                0x2000061c       0x40 CMakeFiles/HIDE-Controller.dir/home/pi/pico/pico-sdk/lib/tinyusb/src/device/usbd_control.c.obj
 .bss._usbd_dev
                0x2000065c       0x37 CMakeFiles/HIDE-Controller.dir/home/pi/pico/pico-sdk/lib/tinyusb/src/device/usbd.c.obj
 *fill*         0x20000693        0x1 
 .bss._usbd_mutex
                0x20000694        0x4 CMakeFiles/HIDE-Controller.dir/home/pi/pico/pico-sdk/lib/tinyusb/src/device/usbd.c.obj
 .bss._usbd_q   0x20000698        0x4 CMakeFiles/HIDE-Controller.dir/home/pi/pico/pico-sdk/lib/tinyusb/src/device/usbd.c.obj
 .bss.alarm_callbacks
                0x2000069c       0x10 CMakeFiles/HIDE-Controller.dir/home/pi/pico/pico-sdk/src/rp2_common/hardware_timer/timer.c.obj
 .bss.claimed   0x200006ac        0x4 CMakeFiles/HIDE-Controller.dir/home/pi/pico/pico-sdk/src/rp2_common/hardware_sync/sync.c.obj
 .bss.configured_freq
                0x200006b0       0x28 CMakeFiles/HIDE-Controller.dir/home/pi/pico/pico-sdk/src/rp2_common/hardware_clocks/clocks.c.obj
 .bss.default_alarm_pool_entry_ids_high
                0x200006d8       0x10 CMakeFiles/HIDE-Controller.dir/home/pi/pico/pico-sdk/src/common/pico_time/time.c.obj
 .bss.default_alarm_pool_heap_nodes
                0x200006e8       0x30 CMakeFiles/HIDE-Controller.dir/home/pi/pico/pico-sdk/src/common/pico_time/time.c.obj
 .bss.drivers   0x20000718        0x4 CMakeFiles/HIDE-Controller.dir/home/pi/pico/pico-sdk/src/rp2_common/pico_stdio/stdio.c.obj
 .bss.filter    0x2000071c        0x4 CMakeFiles/HIDE-Controller.dir/home/pi/pico/pico-sdk/src/rp2_common/pico_stdio/stdio.c.obj
 .bss.hw_endpoints
                0x20000720      0x400 CMakeFiles/HIDE-Controller.dir/home/pi/pico/pico-sdk/lib/tinyusb/src/portable/raspberrypi/rp2040/dcd_rp2040.c.obj
 .bss.next_buffer_ptr
                0x20000b20        0x4 CMakeFiles/HIDE-Controller.dir/home/pi/pico/pico-sdk/lib/tinyusb/src/portable/raspberrypi/rp2040/dcd_rp2040.c.obj
 .bss.pools     0x20000b24       0x10 CMakeFiles/HIDE-Controller.dir/home/pi/pico/pico-sdk/src/common/pico_time/time.c.obj
 .bss.sleep_notifier
                0x20000b34        0x4 CMakeFiles/HIDE-Controller.dir/home/pi/pico/pico-sdk/src/common/pico_time/time.c.obj
 .bss.target_hi
                0x20000b38       0x10 CMakeFiles/HIDE-Controller.dir/home/pi/pico/pico-sdk/src/rp2_common/hardware_timer/timer.c.obj
 .bss.uart_inst
                0x20000b48        0x4 CMakeFiles/HIDE-Controller.dir/home/pi/pico/pico-sdk/lib/tinyusb/hw/bsp/rp2040/family.c.obj
 .bss.uart_instance
                0x20000b4c        0x4 CMakeFiles/HIDE-Controller.dir/home/pi/pico/pico-sdk/src/rp2_common/pico_stdio_uart/stdio_uart.c.obj
 .bss._app_driver_count
                0x20000b50        0x1 CMakeFiles/HIDE-Controller.dir/home/pi/pico/pico-sdk/lib/tinyusb/src/device/usbd.c.obj
 .bss._usbd_initialized
                0x20000b51        0x1 CMakeFiles/HIDE-Controller.dir/home/pi/pico/pico-sdk/lib/tinyusb/src/device/usbd.c.obj
 .bss.claimed   0x20000b52        0x1 CMakeFiles/HIDE-Controller.dir/home/pi/pico/pico-sdk/src/rp2_common/hardware_timer/timer.c.obj
 .bss.irq_hander_chain_free_slot_head
                0x20000b53        0x1 CMakeFiles/HIDE-Controller.dir/home/pi/pico/pico-sdk/src/rp2_common/hardware_irq/irq.c.obj
 .bss.timer_callbacks_pending
                0x20000b54        0x1 CMakeFiles/HIDE-Controller.dir/home/pi/pico/pico-sdk/src/rp2_common/hardware_timer/timer.c.obj
 *(COMMON)
 *fill*         0x20000b55        0x3 
 COMMON         0x20000b58        0x4 CMakeFiles/HIDE-Controller.dir/home/pi/pico/pico-sdk/src/rp2_common/hardware_uart/uart.c.obj
                0x20000b58                uart_char_to_line_feed
 COMMON         0x20000b5c      0x100 CMakeFiles/HIDE-Controller.dir/home/pi/pico/pico-sdk/src/rp2_common/pico_double/double_init_rom.c.obj
                0x20000b5c                sd_table
 COMMON         0x20000c5c      0x104 CMakeFiles/HIDE-Controller.dir/home/pi/pico/pico-sdk/src/rp2_common/pico_float/float_init_rom.c.obj
                0x20000c5c                sf_table
                0x20000d5c                sf_clz_func
 COMMON         0x20000d60       0xc0 CMakeFiles/HIDE-Controller.dir/home/pi/pico/pico-sdk/lib/tinyusb/src/device/usbd.c.obj
                0x20000d60                _usbd_qdef_buf
                0x20000e20                . = ALIGN (0x4)
                0x20000e20                __bss_end__ = .

.heap           0x20000e20      0x800
                0x20000e20                __end__ = .
                0x20000e20                end = __end__
 *(.heap*)
 .heap          0x20000e20      0x800 CMakeFiles/HIDE-Controller.dir/home/pi/pico/pico-sdk/src/rp2_common/pico_standard_link/crt0.S.obj
                0x20001620                __HeapLimit = .

.stack1_dummy   0x20040000        0x0
 *(.stack1*)

.stack_dummy    0x20041000      0x800
 *(.stack*)
 .stack         0x20041000      0x800 CMakeFiles/HIDE-Controller.dir/home/pi/pico/pico-sdk/src/rp2_common/pico_standard_link/crt0.S.obj

.flash_end      0x1000714c        0x0
                0x1000714c                __flash_binary_end = .
                0x20040000                __StackLimit = (ORIGIN (RAM) + LENGTH (RAM))
                0x20041000                __StackOneTop = (ORIGIN (SCRATCH_X) + LENGTH (SCRATCH_X))
                0x20042000                __StackTop = (ORIGIN (SCRATCH_Y) + LENGTH (SCRATCH_Y))
                0x20041000                __StackOneBottom = (__StackOneTop - SIZEOF (.stack1_dummy))
                0x20041800                __StackBottom = (__StackTop - SIZEOF (.stack_dummy))
                0x20042000                PROVIDE (__stack = __StackTop)
                0x00000001                ASSERT ((__StackLimit >= __HeapLimit), region RAM overflowed)
                0x00000001                ASSERT (((__binary_info_header_end - __logical_binary_start) <= 0x100), Binary info must be in first 256 bytes of the binary)
LOAD CMakeFiles/HIDE-Controller.dir/src/HIDE-Controller.cpp.obj
LOAD CMakeFiles/HIDE-Controller.dir/src/usb_descriptors.c.obj
LOAD CMakeFiles/HIDE-Controller.dir/home/pi/pico/pico-sdk/src/rp2_common/pico_stdlib/stdlib.c.obj
LOAD CMakeFiles/HIDE-Controller.dir/home/pi/pico/pico-sdk/src/rp2_common/hardware_gpio/gpio.c.obj
LOAD CMakeFiles/HIDE-Controller.dir/home/pi/pico/pico-sdk/src/rp2_common/hardware_claim/claim.c.obj
LOAD CMakeFiles/HIDE-Controller.dir/home/pi/pico/pico-sdk/src/rp2_common/pico_platform/platform.c.obj
LOAD CMakeFiles/HIDE-Controller.dir/home/pi/pico/pico-sdk/src/rp2_common/hardware_sync/sync.c.obj
LOAD CMakeFiles/HIDE-Controller.dir/home/pi/pico/pico-sdk/src/rp2_common/hardware_uart/uart.c.obj
LOAD CMakeFiles/HIDE-Controller.dir/home/pi/pico/pico-sdk/src/rp2_common/hardware_divider/divider.S.obj
LOAD CMakeFiles/HIDE-Controller.dir/home/pi/pico/pico-sdk/src/common/pico_time/time.c.obj
LOAD CMakeFiles/HIDE-Controller.dir/home/pi/pico/pico-sdk/src/common/pico_time/timeout_helper.c.obj
LOAD CMakeFiles/HIDE-Controller.dir/home/pi/pico/pico-sdk/src/rp2_common/hardware_timer/timer.c.obj
LOAD CMakeFiles/HIDE-Controller.dir/home/pi/pico/pico-sdk/src/common/pico_sync/sem.c.obj
LOAD CMakeFiles/HIDE-Controller.dir/home/pi/pico/pico-sdk/src/common/pico_sync/lock_core.c.obj
LOAD CMakeFiles/HIDE-Controller.dir/home/pi/pico/pico-sdk/src/common/pico_sync/mutex.c.obj
LOAD CMakeFiles/HIDE-Controller.dir/home/pi/pico/pico-sdk/src/common/pico_sync/critical_section.c.obj
LOAD CMakeFiles/HIDE-Controller.dir/home/pi/pico/pico-sdk/src/common/pico_util/datetime.c.obj
LOAD CMakeFiles/HIDE-Controller.dir/home/pi/pico/pico-sdk/src/common/pico_util/pheap.c.obj
LOAD CMakeFiles/HIDE-Controller.dir/home/pi/pico/pico-sdk/src/common/pico_util/queue.c.obj
LOAD CMakeFiles/HIDE-Controller.dir/home/pi/pico/pico-sdk/src/rp2_common/pico_runtime/runtime.c.obj
LOAD CMakeFiles/HIDE-Controller.dir/home/pi/pico/pico-sdk/src/rp2_common/hardware_clocks/clocks.c.obj
LOAD CMakeFiles/HIDE-Controller.dir/home/pi/pico/pico-sdk/src/rp2_common/hardware_irq/irq.c.obj
LOAD CMakeFiles/HIDE-Controller.dir/home/pi/pico/pico-sdk/src/rp2_common/hardware_irq/irq_handler_chain.S.obj
LOAD CMakeFiles/HIDE-Controller.dir/home/pi/pico/pico-sdk/src/rp2_common/hardware_pll/pll.c.obj
LOAD CMakeFiles/HIDE-Controller.dir/home/pi/pico/pico-sdk/src/rp2_common/hardware_vreg/vreg.c.obj
LOAD CMakeFiles/HIDE-Controller.dir/home/pi/pico/pico-sdk/src/rp2_common/hardware_watchdog/watchdog.c.obj
LOAD CMakeFiles/HIDE-Controller.dir/home/pi/pico/pico-sdk/src/rp2_common/hardware_xosc/xosc.c.obj
LOAD CMakeFiles/HIDE-Controller.dir/home/pi/pico/pico-sdk/src/rp2_common/pico_printf/printf.c.obj
LOAD CMakeFiles/HIDE-Controller.dir/home/pi/pico/pico-sdk/src/rp2_common/pico_bit_ops/bit_ops_aeabi.S.obj
LOAD CMakeFiles/HIDE-Controller.dir/home/pi/pico/pico-sdk/src/rp2_common/pico_bootrom/bootrom.c.obj
LOAD CMakeFiles/HIDE-Controller.dir/home/pi/pico/pico-sdk/src/rp2_common/pico_divider/divider.S.obj
LOAD CMakeFiles/HIDE-Controller.dir/home/pi/pico/pico-sdk/src/rp2_common/pico_double/double_aeabi.S.obj
LOAD CMakeFiles/HIDE-Controller.dir/home/pi/pico/pico-sdk/src/rp2_common/pico_double/double_init_rom.c.obj
LOAD CMakeFiles/HIDE-Controller.dir/home/pi/pico/pico-sdk/src/rp2_common/pico_double/double_math.c.obj
LOAD CMakeFiles/HIDE-Controller.dir/home/pi/pico/pico-sdk/src/rp2_common/pico_double/double_v1_rom_shim.S.obj
LOAD CMakeFiles/HIDE-Controller.dir/home/pi/pico/pico-sdk/src/rp2_common/pico_int64_ops/pico_int64_ops_aeabi.S.obj
LOAD CMakeFiles/HIDE-Controller.dir/home/pi/pico/pico-sdk/src/rp2_common/pico_float/float_aeabi.S.obj
LOAD CMakeFiles/HIDE-Controller.dir/home/pi/pico/pico-sdk/src/rp2_common/pico_float/float_init_rom.c.obj
LOAD CMakeFiles/HIDE-Controller.dir/home/pi/pico/pico-sdk/src/rp2_common/pico_float/float_math.c.obj
LOAD CMakeFiles/HIDE-Controller.dir/home/pi/pico/pico-sdk/src/rp2_common/pico_float/float_v1_rom_shim.S.obj
LOAD CMakeFiles/HIDE-Controller.dir/home/pi/pico/pico-sdk/src/rp2_common/pico_malloc/pico_malloc.c.obj
LOAD CMakeFiles/HIDE-Controller.dir/home/pi/pico/pico-sdk/src/rp2_common/pico_mem_ops/mem_ops_aeabi.S.obj
LOAD CMakeFiles/HIDE-Controller.dir/home/pi/pico/pico-sdk/src/rp2_common/pico_standard_link/crt0.S.obj
LOAD CMakeFiles/HIDE-Controller.dir/home/pi/pico/pico-sdk/src/rp2_common/pico_standard_link/new_delete.cpp.obj
LOAD CMakeFiles/HIDE-Controller.dir/home/pi/pico/pico-sdk/src/rp2_common/pico_standard_link/binary_info.c.obj
LOAD CMakeFiles/HIDE-Controller.dir/home/pi/pico/pico-sdk/src/rp2_common/pico_stdio/stdio.c.obj
LOAD CMakeFiles/HIDE-Controller.dir/home/pi/pico/pico-sdk/src/rp2_common/pico_stdio_uart/stdio_uart.c.obj
LOAD CMakeFiles/HIDE-Controller.dir/home/pi/pico/pico-sdk/src/rp2_common/hardware_interp/interp.c.obj
LOAD CMakeFiles/HIDE-Controller.dir/home/pi/pico/pico-sdk/src/rp2_common/hardware_adc/adc.c.obj
LOAD CMakeFiles/HIDE-Controller.dir/home/pi/pico/pico-sdk/lib/tinyusb/src/portable/raspberrypi/rp2040/dcd_rp2040.c.obj
LOAD CMakeFiles/HIDE-Controller.dir/home/pi/pico/pico-sdk/lib/tinyusb/src/portable/raspberrypi/rp2040/rp2040_usb.c.obj
LOAD CMakeFiles/HIDE-Controller.dir/home/pi/pico/pico-sdk/lib/tinyusb/src/device/usbd.c.obj
LOAD CMakeFiles/HIDE-Controller.dir/home/pi/pico/pico-sdk/lib/tinyusb/src/device/usbd_control.c.obj
LOAD CMakeFiles/HIDE-Controller.dir/home/pi/pico/pico-sdk/lib/tinyusb/src/class/audio/audio_device.c.obj
LOAD CMakeFiles/HIDE-Controller.dir/home/pi/pico/pico-sdk/lib/tinyusb/src/class/cdc/cdc_device.c.obj
LOAD CMakeFiles/HIDE-Controller.dir/home/pi/pico/pico-sdk/lib/tinyusb/src/class/dfu/dfu_device.c.obj
LOAD CMakeFiles/HIDE-Controller.dir/home/pi/pico/pico-sdk/lib/tinyusb/src/class/dfu/dfu_rt_device.c.obj
LOAD CMakeFiles/HIDE-Controller.dir/home/pi/pico/pico-sdk/lib/tinyusb/src/class/hid/hid_device.c.obj
LOAD CMakeFiles/HIDE-Controller.dir/home/pi/pico/pico-sdk/lib/tinyusb/src/class/midi/midi_device.c.obj
LOAD CMakeFiles/HIDE-Controller.dir/home/pi/pico/pico-sdk/lib/tinyusb/src/class/msc/msc_device.c.obj
LOAD CMakeFiles/HIDE-Controller.dir/home/pi/pico/pico-sdk/lib/tinyusb/src/class/net/net_device.c.obj
LOAD CMakeFiles/HIDE-Controller.dir/home/pi/pico/pico-sdk/lib/tinyusb/src/class/usbtmc/usbtmc_device.c.obj
LOAD CMakeFiles/HIDE-Controller.dir/home/pi/pico/pico-sdk/lib/tinyusb/src/class/vendor/vendor_device.c.obj
LOAD CMakeFiles/HIDE-Controller.dir/home/pi/pico/pico-sdk/lib/tinyusb/src/tusb.c.obj
LOAD CMakeFiles/HIDE-Controller.dir/home/pi/pico/pico-sdk/lib/tinyusb/src/common/tusb_fifo.c.obj
LOAD CMakeFiles/HIDE-Controller.dir/home/pi/pico/pico-sdk/src/rp2_common/pico_fix/rp2040_usb_device_enumeration/rp2040_usb_device_enumeration.c.obj
LOAD CMakeFiles/HIDE-Controller.dir/home/pi/pico/pico-sdk/lib/tinyusb/hw/bsp/rp2040/family.c.obj
LOAD /tmp/ccy0X1CN.o
LOAD /usr/lib/gcc/arm-none-eabi/7.3.1/../../../arm-none-eabi/lib/thumb/v6-m/libstdc++.a
LOAD /usr/lib/gcc/arm-none-eabi/7.3.1/../../../arm-none-eabi/lib/thumb/v6-m/libm.a
START GROUP
LOAD /usr/lib/gcc/arm-none-eabi/7.3.1/thumb/v6-m/libgcc.a
LOAD /usr/lib/gcc/arm-none-eabi/7.3.1/../../../arm-none-eabi/lib/thumb/v6-m/libg.a
LOAD /usr/lib/gcc/arm-none-eabi/7.3.1/../../../arm-none-eabi/lib/thumb/v6-m/libc.a
END GROUP
START GROUP
LOAD /usr/lib/gcc/arm-none-eabi/7.3.1/thumb/v6-m/libgcc.a
LOAD /usr/lib/gcc/arm-none-eabi/7.3.1/../../../arm-none-eabi/lib/thumb/v6-m/libc.a
LOAD /usr/lib/gcc/arm-none-eabi/7.3.1/../../../arm-none-eabi/lib/thumb/v6-m/libnosys.a
END GROUP
LOAD /usr/lib/gcc/arm-none-eabi/7.3.1/thumb/v6-m/crtend.o
LOAD /usr/lib/gcc/arm-none-eabi/7.3.1/thumb/v6-m/crtn.o
OUTPUT(HIDE-Controller.elf elf32-littlearm)

.ARM.attributes
                0x00000000       0x28
 .ARM.attributes
                0x00000000       0x1e /usr/lib/gcc/arm-none-eabi/7.3.1/thumb/v6-m/crti.o
 .ARM.attributes
                0x0000001e       0x2c /usr/lib/gcc/arm-none-eabi/7.3.1/thumb/v6-m/crtbegin.o
 .ARM.attributes
                0x0000004a       0x32 CMakeFiles/HIDE-Controller.dir/src/HIDE-Controller.cpp.obj
 .ARM.attributes
                0x0000007c       0x32 CMakeFiles/HIDE-Controller.dir/src/usb_descriptors.c.obj
 .ARM.attributes
                0x000000ae       0x32 CMakeFiles/HIDE-Controller.dir/home/pi/pico/pico-sdk/src/rp2_common/hardware_gpio/gpio.c.obj
 .ARM.attributes
                0x000000e0       0x32 CMakeFiles/HIDE-Controller.dir/home/pi/pico/pico-sdk/src/rp2_common/hardware_claim/claim.c.obj
 .ARM.attributes
                0x00000112       0x32 CMakeFiles/HIDE-Controller.dir/home/pi/pico/pico-sdk/src/rp2_common/pico_platform/platform.c.obj
 .ARM.attributes
                0x00000144       0x32 CMakeFiles/HIDE-Controller.dir/home/pi/pico/pico-sdk/src/rp2_common/hardware_sync/sync.c.obj
 .ARM.attributes
                0x00000176       0x32 CMakeFiles/HIDE-Controller.dir/home/pi/pico/pico-sdk/src/rp2_common/hardware_uart/uart.c.obj
 .ARM.attributes
                0x000001a8       0x32 CMakeFiles/HIDE-Controller.dir/home/pi/pico/pico-sdk/src/common/pico_time/time.c.obj
 .ARM.attributes
                0x000001da       0x32 CMakeFiles/HIDE-Controller.dir/home/pi/pico/pico-sdk/src/rp2_common/hardware_timer/timer.c.obj
 .ARM.attributes
                0x0000020c       0x32 CMakeFiles/HIDE-Controller.dir/home/pi/pico/pico-sdk/src/common/pico_sync/lock_core.c.obj
 .ARM.attributes