Archive member included to satisfy reference by file (symbol)

/usr/lib/gcc/arm-none-eabi/7.3.1/thumb/v6-m/libgcc.a(_dvmd_tls.o)
                              CMakeFiles/HIDE-Controller.dir/home/pi/pico/pico-sdk/src/rp2_common/pico_divider/divider.S.obj (__aeabi_idiv0)
/usr/lib/gcc/arm-none-eabi/7.3.1/../../../arm-none-eabi/lib/thumb/v6-m/libg.a(lib_a-atexit.o)
                              /usr/lib/gcc/arm-none-eabi/7.3.1/../../../arm-none-eabi/lib/thumb/v6-m/crt0.o (atexit)
/usr/lib/gcc/arm-none-eabi/7.3.1/../../../arm-none-eabi/lib/thumb/v6-m/libg.a(lib_a-calloc.o)
                              CMakeFiles/HIDE-Controller.dir/home/pi/pico/pico-sdk/src/rp2_common/pico_malloc/pico_malloc.c.obj (calloc)
/usr/lib/gcc/arm-none-eabi/7.3.1/../../../arm-none-eabi/lib/thumb/v6-m/libg.a(lib_a-callocr.o)
                              /usr/lib/gcc/arm-none-eabi/7.3.1/../../../arm-none-eabi/lib/thumb/v6-m/libg.a(lib_a-calloc.o) (_calloc_r)
/usr/lib/gcc/arm-none-eabi/7.3.1/../../../arm-none-eabi/lib/thumb/v6-m/libg.a(lib_a-ctype_.o)
                              CMakeFiles/HIDE-Controller.dir/home/pi/pico/pico-sdk/lib/tinyusb/src/tusb.c.obj (_ctype_)
/usr/lib/gcc/arm-none-eabi/7.3.1/../../../arm-none-eabi/lib/thumb/v6-m/libg.a(lib_a-fini.o)
                              /usr/lib/gcc/arm-none-eabi/7.3.1/../../../arm-none-eabi/lib/thumb/v6-m/crt0.o (__libc_fini_array)
/usr/lib/gcc/arm-none-eabi/7.3.1/../../../arm-none-eabi/lib/thumb/v6-m/libg.a(lib_a-impure.o)
                              /usr/lib/gcc/arm-none-eabi/7.3.1/../../../arm-none-eabi/lib/thumb/v6-m/libg.a(lib_a-calloc.o) (_impure_ptr)
/usr/lib/gcc/arm-none-eabi/7.3.1/../../../arm-none-eabi/lib/thumb/v6-m/libg.a(lib_a-init.o)
                              /usr/lib/gcc/arm-none-eabi/7.3.1/../../../arm-none-eabi/lib/thumb/v6-m/crt0.o (__libc_init_array)
/usr/lib/gcc/arm-none-eabi/7.3.1/../../../arm-none-eabi/lib/thumb/v6-m/libg.a(lib_a-malloc.o)
                              CMakeFiles/HIDE-Controller.dir/home/pi/pico/pico-sdk/src/rp2_common/pico_malloc/pico_malloc.c.obj (malloc)
/usr/lib/gcc/arm-none-eabi/7.3.1/../../../arm-none-eabi/lib/thumb/v6-m/libg.a(lib_a-mallocr.o)
                              /usr/lib/gcc/arm-none-eabi/7.3.1/../../../arm-none-eabi/lib/thumb/v6-m/libg.a(lib_a-callocr.o) (_malloc_r)
/usr/lib/gcc/arm-none-eabi/7.3.1/../../../arm-none-eabi/lib/thumb/v6-m/libg.a(lib_a-mlock.o)
                              /usr/lib/gcc/arm-none-eabi/7.3.1/../../../arm-none-eabi/lib/thumb/v6-m/libg.a(lib_a-mallocr.o) (__malloc_lock)
/usr/lib/gcc/arm-none-eabi/7.3.1/../../../arm-none-eabi/lib/thumb/v6-m/libg.a(lib_a-sbrkr.o)
                              /usr/lib/gcc/arm-none-eabi/7.3.1/../../../arm-none-eabi/lib/thumb/v6-m/libg.a(lib_a-mallocr.o) (_sbrk_r)
/usr/lib/gcc/arm-none-eabi/7.3.1/../../../arm-none-eabi/lib/thumb/v6-m/libg.a(lib_a-strlen-stub.o)
                              CMakeFiles/HIDE-Controller.dir/src/usb_descriptors.c.obj (strlen)
/usr/lib/gcc/arm-none-eabi/7.3.1/../../../arm-none-eabi/lib/thumb/v6-m/libg.a(lib_a-__atexit.o)
                              /usr/lib/gcc/arm-none-eabi/7.3.1/../../../arm-none-eabi/lib/thumb/v6-m/libg.a(lib_a-atexit.o) (__register_exitproc)
/usr/lib/gcc/arm-none-eabi/7.3.1/../../../arm-none-eabi/lib/thumb/v6-m/libg.a(lib_a-freer.o)
                              /usr/lib/gcc/arm-none-eabi/7.3.1/../../../arm-none-eabi/lib/thumb/v6-m/libg.a(lib_a-malloc.o) (_free_r)
/usr/lib/gcc/arm-none-eabi/7.3.1/../../../arm-none-eabi/lib/thumb/v6-m/libg.a(lib_a-reent.o)
                              /usr/lib/gcc/arm-none-eabi/7.3.1/../../../arm-none-eabi/lib/thumb/v6-m/libg.a(lib_a-sbrkr.o) (errno)

Allocating common symbols
Common symbol       size              file

sf_table            0x100             CMakeFiles/HIDE-Controller.dir/home/pi/pico/pico-sdk/src/rp2_common/pico_float/float_init_rom.c.obj
errno               0x4               /usr/lib/gcc/arm-none-eabi/7.3.1/../../../arm-none-eabi/lib/thumb/v6-m/libg.a(lib_a-reent.o)
_usbd_qdef_buf      0xc0              CMakeFiles/HIDE-Controller.dir/home/pi/pico/pico-sdk/lib/tinyusb/src/device/usbd.c.obj
sf_clz_func         0x4               CMakeFiles/HIDE-Controller.dir/home/pi/pico/pico-sdk/src/rp2_common/pico_float/float_init_rom.c.obj
sd_table            0x100             CMakeFiles/HIDE-Controller.dir/home/pi/pico/pico-sdk/src/rp2_common/pico_double/double_init_rom.c.obj
uart_char_to_line_feed
                    0x4               CMakeFiles/HIDE-Controller.dir/home/pi/pico/pico-sdk/src/rp2_common/hardware_uart/uart.c.obj

Discarded input sections

 .text          0x00000000        0x0 /usr/lib/gcc/arm-none-eabi/7.3.1/thumb/v6-m/crti.o
 .data          0x00000000        0x0 /usr/lib/gcc/arm-none-eabi/7.3.1/thumb/v6-m/crti.o
 .bss           0x00000000        0x0 /usr/lib/gcc/arm-none-eabi/7.3.1/thumb/v6-m/crti.o
 .data          0x00000000        0x4 /usr/lib/gcc/arm-none-eabi/7.3.1/thumb/v6-m/crtbegin.o
[...]
Memory Configuration

Name             Origin             Length             Attributes
FLASH            0x10000000         0x00200000         xr
RAM              0x20000000         0x00040000         xrw
SCRATCH_X        0x20040000         0x00001000         xrw
SCRATCH_Y        0x20041000         0x00001000         xrw
*default*        0x00000000         0xffffffff

Linker script and memory map

LOAD /usr/lib/gcc/arm-none-eabi/7.3.1/thumb/v6-m/crti.o
LOAD /usr/lib/gcc/arm-none-eabi/7.3.1/thumb/v6-m/crtbegin.o
LOAD /usr/lib/gcc/arm-none-eabi/7.3.1/../../../arm-none-eabi/lib/thumb/v6-m/crt0.o

.flash_begin    0x10000000        0x0
                0x10000000                __flash_binary_start = .

.boot2          0x10000000      0x100
                0x10000000                __boot2_start__ = .
 *(.boot2)
 .boot2         0x10000000      0x100 /tmp/ccUS32qn.o
                0x10000100                __boot2_end__ = .
                0x00000001                ASSERT (((__boot2_end__ - __boot2_start__) == 0x100), ERROR: Pico second stage bootloader must be 256 bytes in size)

.text           0x10000100     0x6970
                0x10000100                __logical_binary_start = .
 *(.vectors)
 .vectors       0x10000100       0xd4 CMakeFiles/HIDE-Controller.dir/home/pi/pico/pico-sdk/src/rp2_common/pico_standard_link/crt0.S.obj
                0x10000100                __vectors
                0x10000100                __VECTOR_TABLE
                0x100001c0                isr_invalid
                0x100001c0                __default_isrs_start
                0x100001c2                isr_nmi
                0x100001c4                isr_hardfault
                0x100001c6                isr_svcall
                0x100001c8                isr_pendsv
                0x100001ca                isr_systick
                0x100001cc                isr_irq30
                0x100001cc                __unhandled_user_irq
                0x100001cc                isr_irq13
                0x100001cc                isr_irq27
                0x100001cc                isr_irq31
                0x100001cc                isr_irq5
                0x100001cc                isr_irq11
                0x100001cc                isr_irq23
                0x100001cc                isr_irq18
                0x100001cc                isr_irq28
                0x100001cc                isr_irq19
                0x100001cc                isr_irq0
                0x100001cc                isr_irq6
                0x100001cc                isr_irq22
                0x100001cc                isr_irq17
                0x100001cc                isr_irq14
                0x100001cc                isr_irq2
                0x100001cc                isr_irq10
                0x100001cc                isr_irq8
                0x100001cc                isr_irq24
                0x100001cc                isr_irq1
                0x100001cc                isr_irq7
                0x100001cc                isr_irq21
                0x100001cc                isr_irq20
                0x100001cc                isr_irq15
                0x100001cc                isr_irq25
                0x100001cc                isr_irq4
                0x100001cc                isr_irq16
                0x100001cc                isr_irq29
                0x100001cc                isr_irq26
                0x100001cc                __default_isrs_end
                0x100001cc                isr_irq3
                0x100001cc                isr_irq12
                0x100001cc                isr_irq9
                0x100001d2                unhandled_user_irq_num_in_r0
 *(.binary_info_header)
 .binary_info_header
                0x100001d4       0x14 CMakeFiles/HIDE-Controller.dir/home/pi/pico/pico-sdk/src/rp2_common/pico_standard_link/crt0.S.obj
                0x100001e8                __binary_info_header_end = .
 *(.reset)
 .reset         0x100001e8       0xa8 CMakeFiles/HIDE-Controller.dir/home/pi/pico/pico-sdk/src/rp2_common/pico_standard_link/crt0.S.obj
                0x100001e8                _entry_point
                0x10000266                __get_current_exception
 .reset         0x10000290       0x30 CMakeFiles/HIDE-Controller.dir/home/pi/pico/pico-sdk/src/rp2_common/pico_standard_link/binary_info.c.obj
 *(.init)
 .init          0x100002c0        0x4 /usr/lib/gcc/arm-none-eabi/7.3.1/thumb/v6-m/crti.o
                0x100002c0                _init
 *(EXCLUDE_FILE(*libm.a: *libc.a:*lib_a-mem*.o *libgcc.a:) .text*)
 .text          0x100002c4       0x98 /usr/lib/gcc/arm-none-eabi/7.3.1/thumb/v6-m/crtbegin.o
 .text.adc_gpio_init
                0x1000035c       0x1e CMakeFiles/HIDE-Controller.dir/src/HIDE-Controller.cpp.obj
 *fill*         0x1000037a        0x2 
 .text._Z11getSideName9InputSide
                0x1000037c       0x1c CMakeFiles/HIDE-Controller.dir/src/HIDE-Controller.cpp.obj
                0x1000037c                getSideName(InputSide)
 .text._Z14getButtonStateb
                0x10000398       0x14 CMakeFiles/HIDE-Controller.dir/src/HIDE-Controller.cpp.obj
                0x10000398                getButtonState(bool)
 .text._Z8ReadSide9InputSide
                0x100003ac       0xe8 CMakeFiles/HIDE-Controller.dir/src/HIDE-Controller.cpp.obj
                0x100003ac                ReadSide(InputSide)
 .text._Z8hid_taskv
                0x10000494       0x8c CMakeFiles/HIDE-Controller.dir/src/HIDE-Controller.cpp.obj
                0x10000494                hid_task()
 .text._Z12switch_setupi
                0x10000520       0x1e CMakeFiles/HIDE-Controller.dir/src/HIDE-Controller.cpp.obj
                0x10000520                switch_setup(int)
 *fill*         0x1000053e        0x2 
 .text.main     0x10000540      0x168 CMakeFiles/HIDE-Controller.dir/src/HIDE-Controller.cpp.obj
                0x10000540                main
 .text.tud_mount_cb
                0x100006a8       0x10 CMakeFiles/HIDE-Controller.dir/src/HIDE-Controller.cpp.obj
                0x100006a8                tud_mount_cb
 .text.tud_umount_cb
                0x100006b8       0x10 CMakeFiles/HIDE-Controller.dir/src/HIDE-Controller.cpp.obj
                0x100006b8                tud_umount_cb
 .text.tud_suspend_cb
                0x100006c8       0x10 CMakeFiles/HIDE-Controller.dir/src/HIDE-Controller.cpp.obj
                0x100006c8                tud_suspend_cb
 .text.tud_resume_cb
                0x100006d8       0x10 CMakeFiles/HIDE-Controller.dir/src/HIDE-Controller.cpp.obj
                0x100006d8                tud_resume_cb
 .text.tud_hid_report_complete_cb
                0x100006e8       0x10 CMakeFiles/HIDE-Controller.dir/src/HIDE-Controller.cpp.obj
                0x100006e8                tud_hid_report_complete_cb
 .text.tud_hid_get_report_cb
                0x100006f8        0x4 CMakeFiles/HIDE-Controller.dir/src/HIDE-Controller.cpp.obj
                0x100006f8                tud_hid_get_report_cb
 .text.tud_hid_set_report_cb
                0x100006fc       0x68 CMakeFiles/HIDE-Controller.dir/src/HIDE-Controller.cpp.obj
                0x100006fc                tud_hid_set_report_cb
 .text.tud_descriptor_device_cb
                0x10000764        0x8 CMakeFiles/HIDE-Controller.dir/src/usb_descriptors.c.obj
                0x10000764                tud_descriptor_device_cb
 .text.tud_hid_descriptor_report_cb
                0x1000076c        0x8 CMakeFiles/HIDE-Controller.dir/src/usb_descriptors.c.obj
                0x1000076c                tud_hid_descriptor_report_cb
 .text.tud_descriptor_configuration_cb
                0x10000774        0x8 CMakeFiles/HIDE-Controller.dir/src/usb_descriptors.c.obj
                0x10000774                tud_descriptor_configuration_cb
 .text.tud_descriptor_string_cb
                0x1000077c       0x64 CMakeFiles/HIDE-Controller.dir/src/usb_descriptors.c.obj
                0x1000077c                tud_descriptor_string_cb
 .text.gpio_set_function
                0x100007e0       0x30 CMakeFiles/HIDE-Controller.dir/home/pi/pico/pico-sdk/src/rp2_common/hardware_gpio/gpio.c.obj
                0x100007e0                gpio_set_function
 .text.gpio_set_pulls
                0x10000810       0x34 CMakeFiles/HIDE-Controller.dir/home/pi/pico/pico-sdk/src/rp2_common/hardware_gpio/gpio.c.obj
                0x10000810                gpio_set_pulls
 .text.gpio_set_input_enabled
                0x10000844       0x30 CMakeFiles/HIDE-Controller.dir/home/pi/pico/pico-sdk/src/rp2_common/hardware_gpio/gpio.c.obj
                0x10000844                gpio_set_input_enabled
 .text.gpio_init
                0x10000874       0x16 CMakeFiles/HIDE-Controller.dir/home/pi/pico/pico-sdk/src/rp2_common/hardware_gpio/gpio.c.obj
                0x10000874                gpio_init
 *fill*         0x1000088a        0x2 
 .text.hw_claim_lock
                0x1000088c       0x18 CMakeFiles/HIDE-Controller.dir/home/pi/pico/pico-sdk/src/rp2_common/hardware_claim/claim.c.obj
                0x1000088c                hw_claim_lock
 .text.hw_claim_unlock
                0x100008a4       0x14 CMakeFiles/HIDE-Controller.dir/home/pi/pico/pico-sdk/src/rp2_common/hardware_claim/claim.c.obj
                0x100008a4                hw_claim_unlock
 .text.hw_claim_or_assert
                0x100008b8       0x32 CMakeFiles/HIDE-Controller.dir/home/pi/pico/pico-sdk/src/rp2_common/hardware_claim/claim.c.obj
                0x100008b8                hw_claim_or_assert
 .text.hw_claim_unused_from_range
                0x100008ea       0x50 CMakeFiles/HIDE-Controller.dir/home/pi/pico/pico-sdk/src/rp2_common/hardware_claim/claim.c.obj
                0x100008ea                hw_claim_unused_from_range
 *fill*         0x1000093a        0x2 
 .text.running_on_fpga
                0x1000093c       0x14 CMakeFiles/HIDE-Controller.dir/home/pi/pico/pico-sdk/src/rp2_common/pico_platform/platform.c.obj
                0x1000093c                running_on_fpga
 .text.spin_locks_reset
                0x10000950       0x20 CMakeFiles/HIDE-Controller.dir/home/pi/pico/pico-sdk/src/rp2_common/hardware_sync/sync.c.obj
                0x10000950                spin_locks_reset
 .text.next_striped_spin_lock_num
                0x10000970       0x1c CMakeFiles/HIDE-Controller.dir/home/pi/pico/pico-sdk/src/rp2_common/hardware_sync/sync.c.obj
                0x10000970                next_striped_spin_lock_num
 .text.spin_lock_claim_unused
                0x1000098c       0x20 CMakeFiles/HIDE-Controller.dir/home/pi/pico/pico-sdk/src/rp2_common/hardware_sync/sync.c.obj
                0x1000098c                spin_lock_claim_unused
 .text.uart_set_baudrate
                0x100009ac       0x5c CMakeFiles/HIDE-Controller.dir/home/pi/pico/pico-sdk/src/rp2_common/hardware_uart/uart.c.obj
                0x100009ac                uart_set_baudrate
 .text.uart_set_translate_crlf
                0x10000a08       0x28 CMakeFiles/HIDE-Controller.dir/home/pi/pico/pico-sdk/src/rp2_common/hardware_uart/uart.c.obj
                0x10000a08                uart_set_translate_crlf
 .text.uart_init
                0x10000a30       0x84 CMakeFiles/HIDE-Controller.dir/home/pi/pico/pico-sdk/src/rp2_common/hardware_uart/uart.c.obj
                0x10000a30                uart_init
 .text.alarm_pool_post_alloc_init
                0x10000ab4       0x40 CMakeFiles/HIDE-Controller.dir/home/pi/pico/pico-sdk/src/common/pico_time/time.c.obj
 .text.sleep_until_callback
                0x10000af4       0x30 CMakeFiles/HIDE-Controller.dir/home/pi/pico/pico-sdk/src/common/pico_time/time.c.obj
 .text.timer_pool_entry_comparator
                0x10000b24       0x7c CMakeFiles/HIDE-Controller.dir/home/pi/pico/pico-sdk/src/common/pico_time/time.c.obj
                0x10000b24                timer_pool_entry_comparator
 .text.ph_add_child_node
                0x10000ba0       0xa4 CMakeFiles/HIDE-Controller.dir/home/pi/pico/pico-sdk/src/common/pico_time/time.c.obj
 .text.ph_merge_nodes
                0x10000c44       0x3a CMakeFiles/HIDE-Controller.dir/home/pi/pico/pico-sdk/src/common/pico_time/time.c.obj
 *fill*         0x10000c7e        0x2 
 .text.add_alarm_under_lock
                0x10000c80      0x180 CMakeFiles/HIDE-Controller.dir/home/pi/pico/pico-sdk/src/common/pico_time/time.c.obj
 .text.alarm_pool_alarm_callback
                0x10000e00      0x344 CMakeFiles/HIDE-Controller.dir/home/pi/pico/pico-sdk/src/common/pico_time/time.c.obj
 .text.alarm_pool_init_default
                0x10001144       0x38 CMakeFiles/HIDE-Controller.dir/home/pi/pico/pico-sdk/src/common/pico_time/time.c.obj
                0x10001144                alarm_pool_init_default
 .text.alarm_pool_get_default
                0x1000117c       0x2c CMakeFiles/HIDE-Controller.dir/home/pi/pico/pico-sdk/src/common/pico_time/time.c.obj
                0x1000117c                alarm_pool_get_default
 .text.alarm_pool_add_alarm_at
                0x100011a8      0x168 CMakeFiles/HIDE-Controller.dir/home/pi/pico/pico-sdk/src/common/pico_time/time.c.obj
                0x100011a8                alarm_pool_add_alarm_at
 .text.alarm_pool_cancel_alarm
                0x10001310       0xec CMakeFiles/HIDE-Controller.dir/home/pi/pico/pico-sdk/src/common/pico_time/time.c.obj
                0x10001310                alarm_pool_cancel_alarm
 .text.best_effort_wfe_or_timeout
                0x100013fc       0x80 CMakeFiles/HIDE-Controller.dir/home/pi/pico/pico-sdk/src/common/pico_time/time.c.obj
                0x100013fc                best_effort_wfe_or_timeout
 .text.hardware_alarm_irq_handler
                0x1000147c       0x8c CMakeFiles/HIDE-Controller.dir/home/pi/pico/pico-sdk/src/rp2_common/hardware_timer/timer.c.obj
 .text.hardware_alarm_claim
                0x10001508       0x18 CMakeFiles/HIDE-Controller.dir/home/pi/pico/pico-sdk/src/rp2_common/hardware_timer/timer.c.obj
                0x10001508                hardware_alarm_claim
 .text.time_us_64
                0x10001520       0x18 CMakeFiles/HIDE-Controller.dir/home/pi/pico/pico-sdk/src/rp2_common/hardware_timer/timer.c.obj
                0x10001520                time_us_64
 .text.hardware_alarm_set_callback
                0x10001538       0x90 CMakeFiles/HIDE-Controller.dir/home/pi/pico/pico-sdk/src/rp2_common/hardware_timer/timer.c.obj
                0x10001538                hardware_alarm_set_callback
 .text.hardware_alarm_set_target
                0x100015c8       0xe8 CMakeFiles/HIDE-Controller.dir/home/pi/pico/pico-sdk/src/rp2_common/hardware_timer/timer.c.obj
                0x100015c8                hardware_alarm_set_target
 .text.hardware_alarm_cancel
                0x100016b0       0x40 CMakeFiles/HIDE-Controller.dir/home/pi/pico/pico-sdk/src/rp2_common/hardware_timer/timer.c.obj
                0x100016b0                hardware_alarm_cancel
 .text.lock_init
                0x100016f0       0x10 CMakeFiles/HIDE-Controller.dir/home/pi/pico/pico-sdk/src/common/pico_sync/lock_core.c.obj
                0x100016f0                lock_init
 .text.mutex_init_internal
                0x10001700       0x1e CMakeFiles/HIDE-Controller.dir/home/pi/pico/pico-sdk/src/common/pico_sync/mutex.c.obj
 .text.mutex_init
                0x1000171e        0xa CMakeFiles/HIDE-Controller.dir/home/pi/pico/pico-sdk/src/common/pico_sync/mutex.c.obj
                0x1000171e                mutex_init
 .text.recursive_mutex_init
                0x10001728        0xa CMakeFiles/HIDE-Controller.dir/home/pi/pico/pico-sdk/src/common/pico_sync/mutex.c.obj
                0x10001728                recursive_mutex_init
 *fill*         0x10001732        0x2 
 .text.critical_section_init_with_lock_num
                0x10001734       0x14 CMakeFiles/HIDE-Controller.dir/home/pi/pico/pico-sdk/src/common/pico_sync/critical_section.c.obj
                0x10001734                critical_section_init_with_lock_num
 .text.critical_section_init
                0x10001748       0x14 CMakeFiles/HIDE-Controller.dir/home/pi/pico/pico-sdk/src/common/pico_sync/critical_section.c.obj
                0x10001748                critical_section_init
 .text.ph_add_child_node
                0x1000175c       0xa4 CMakeFiles/HIDE-Controller.dir/home/pi/pico/pico-sdk/src/common/pico_util/pheap.c.obj
 .text.ph_merge_nodes
                0x10001800       0x3a CMakeFiles/HIDE-Controller.dir/home/pi/pico/pico-sdk/src/common/pico_util/pheap.c.obj
 *fill*         0x1000183a        0x2 
 .text.ph_clear
                0x1000183c       0x70 CMakeFiles/HIDE-Controller.dir/home/pi/pico/pico-sdk/src/common/pico_util/pheap.c.obj
                0x1000183c                ph_clear
 .text.ph_post_alloc_init
                0x100018ac        0xe CMakeFiles/HIDE-Controller.dir/home/pi/pico/pico-sdk/src/common/pico_util/pheap.c.obj
                0x100018ac                ph_post_alloc_init
 *fill*         0x100018ba        0x2 
 .text.ph_merge_two_pass
                0x100018bc       0xac CMakeFiles/HIDE-Controller.dir/home/pi/pico/pico-sdk/src/common/pico_util/pheap.c.obj
                0x100018bc                ph_merge_two_pass
 .text.ph_remove_any_head
                0x10001968      0x108 CMakeFiles/HIDE-Controller.dir/home/pi/pico/pico-sdk/src/common/pico_util/pheap.c.obj
 .text.ph_remove_head
                0x10001a70       0x14 CMakeFiles/HIDE-Controller.dir/home/pi/pico/pico-sdk/src/common/pico_util/pheap.c.obj
                0x10001a70                ph_remove_head
 .text.ph_remove_and_free_node
                0x10001a84       0xf8 CMakeFiles/HIDE-Controller.dir/home/pi/pico/pico-sdk/src/common/pico_util/pheap.c.obj
                0x10001a84                ph_remove_and_free_node
 .text.runtime_init
                0x10001b7c       0xd8 CMakeFiles/HIDE-Controller.dir/home/pi/pico/pico-sdk/src/rp2_common/pico_runtime/runtime.c.obj
                0x10001b7c                runtime_init
 .text._exit    0x10001c54        0x4 CMakeFiles/HIDE-Controller.dir/home/pi/pico/pico-sdk/src/rp2_common/pico_runtime/runtime.c.obj
                0x10001c54                _exit
 .text.exit     0x10001c58        0x6 CMakeFiles/HIDE-Controller.dir/home/pi/pico/pico-sdk/src/rp2_common/pico_runtime/runtime.c.obj
                0x10001c58                exit
 *fill*         0x10001c5e        0x2 
 .text.__assert_func
                0x10001c60       0x3c CMakeFiles/HIDE-Controller.dir/home/pi/pico/pico-sdk/src/rp2_common/pico_runtime/runtime.c.obj
                0x10001c60                __assert_func
 .text.panic    0x10001c9c       0x30 CMakeFiles/HIDE-Controller.dir/home/pi/pico/pico-sdk/src/rp2_common/pico_runtime/runtime.c.obj
                0x10001c9c                panic
 .text.clock_configure
                0x10001ccc       0xfc CMakeFiles/HIDE-Controller.dir/home/pi/pico/pico-sdk/src/rp2_common/hardware_clocks/clocks.c.obj
                0x10001ccc                clock_configure
 .text.clocks_init
                0x10001dc8      0x100 CMakeFiles/HIDE-Controller.dir/home/pi/pico/pico-sdk/src/rp2_common/hardware_clocks/clocks.c.obj
                0x10001dc8                clocks_init
 .text.clock_get_hz
                0x10001ec8        0xc CMakeFiles/HIDE-Controller.dir/home/pi/pico/pico-sdk/src/rp2_common/hardware_clocks/clocks.c.obj
                0x10001ec8                clock_get_hz
 .text.set_raw_irq_handler_and_unlock
                0x10001ed4       0x28 CMakeFiles/HIDE-Controller.dir/home/pi/pico/pico-sdk/src/rp2_common/hardware_irq/irq.c.obj
 .text.make_branch
                0x10001efc       0x34 CMakeFiles/HIDE-Controller.dir/home/pi/pico/pico-sdk/src/rp2_common/hardware_irq/irq.c.obj
 .text.insert_branch_and_link
                0x10001f30       0x40 CMakeFiles/HIDE-Controller.dir/home/pi/pico/pico-sdk/src/rp2_common/hardware_irq/irq.c.obj
 .text.irq_is_enabled
                0x10001f70       0x18 CMakeFiles/HIDE-Controller.dir/home/pi/pico/pico-sdk/src/rp2_common/hardware_irq/irq.c.obj
                0x10001f70                irq_is_enabled
 .text.irq_set_mask_enabled
                0x10001f88       0x20 CMakeFiles/HIDE-Controller.dir/home/pi/pico/pico-sdk/src/rp2_common/hardware_irq/irq.c.obj
                0x10001f88                irq_set_mask_enabled
 .text.irq_set_enabled
                0x10001fa8        0xe CMakeFiles/HIDE-Controller.dir/home/pi/pico/pico-sdk/src/rp2_common/hardware_irq/irq.c.obj
                0x10001fa8                irq_set_enabled
 *fill*         0x10001fb6        0x2 
 .text.irq_get_vtable_handler
                0x10001fb8       0x10 CMakeFiles/HIDE-Controller.dir/home/pi/pico/pico-sdk/src/rp2_common/hardware_irq/irq.c.obj
                0x10001fb8                irq_get_vtable_handler
 .text.irq_set_exclusive_handler
                0x10001fc8       0x54 CMakeFiles/HIDE-Controller.dir/home/pi/pico/pico-sdk/src/rp2_common/hardware_irq/irq.c.obj
                0x10001fc8                irq_set_exclusive_handler
 .text.irq_remove_handler
                0x1000201c      0x1b4 CMakeFiles/HIDE-Controller.dir/home/pi/pico/pico-sdk/src/rp2_common/hardware_irq/irq.c.obj
                0x1000201c                irq_remove_handler
 .text.irq_set_priority
                0x100021d0       0x28 CMakeFiles/HIDE-Controller.dir/home/pi/pico/pico-sdk/src/rp2_common/hardware_irq/irq.c.obj
                0x100021d0                irq_set_priority
 .text.irq_add_tail_to_free_list
                0x100021f8       0xf0 CMakeFiles/HIDE-Controller.dir/home/pi/pico/pico-sdk/src/rp2_common/hardware_irq/irq.c.obj
                0x100021f8                irq_add_tail_to_free_list
 .text.irq_init_priorities
                0x100022e8       0x16 CMakeFiles/HIDE-Controller.dir/home/pi/pico/pico-sdk/src/rp2_common/hardware_irq/irq.c.obj
                0x100022e8                irq_init_priorities
 *fill*         0x100022fe        0x2 
 .text.pll_init
                0x10002300      0x118 CMakeFiles/HIDE-Controller.dir/home/pi/pico/pico-sdk/src/rp2_common/hardware_pll/pll.c.obj
                0x10002300                pll_init
 .text.watchdog_start_tick
                0x10002418       0x10 CMakeFiles/HIDE-Controller.dir/home/pi/pico/pico-sdk/src/rp2_common/hardware_watchdog/watchdog.c.obj
                0x10002418                watchdog_start_tick
 .text.xosc_init
                0x10002428       0x28 CMakeFiles/HIDE-Controller.dir/home/pi/pico/pico-sdk/src/rp2_common/hardware_xosc/xosc.c.obj
                0x10002428                xosc_init
 .text._out_null
                0x10002450        0x2 CMakeFiles/HIDE-Controller.dir/home/pi/pico/pico-sdk/src/rp2_common/pico_printf/printf.c.obj
 .text._out_fct
                0x10002452        0xe CMakeFiles/HIDE-Controller.dir/home/pi/pico/pico-sdk/src/rp2_common/pico_printf/printf.c.obj
 .text._atoi    0x10002460       0x24 CMakeFiles/HIDE-Controller.dir/home/pi/pico/pico-sdk/src/rp2_common/pico_printf/printf.c.obj
 .text._out_rev
                0x10002484       0x8c CMakeFiles/HIDE-Controller.dir/home/pi/pico/pico-sdk/src/rp2_common/pico_printf/printf.c.obj
 .text._ntoa_format
                0x10002510      0x112 CMakeFiles/HIDE-Controller.dir/home/pi/pico/pico-sdk/src/rp2_common/pico_printf/printf.c.obj
 .text._ntoa_long
                0x10002622       0x9e CMakeFiles/HIDE-Controller.dir/home/pi/pico/pico-sdk/src/rp2_common/pico_printf/printf.c.obj
 .text._ntoa_long_long
                0x100026c0       0xe2 CMakeFiles/HIDE-Controller.dir/home/pi/pico/pico-sdk/src/rp2_common/pico_printf/printf.c.obj
 *fill*         0x100027a2        0x2 
 .text._etoa    0x100027a4      0x424 CMakeFiles/HIDE-Controller.dir/home/pi/pico/pico-sdk/src/rp2_common/pico_printf/printf.c.obj
 .text._ftoa    0x10002bc8      0x340 CMakeFiles/HIDE-Controller.dir/home/pi/pico/pico-sdk/src/rp2_common/pico_printf/printf.c.obj
 .text._vsnprintf
                0x10002f08      0x640 CMakeFiles/HIDE-Controller.dir/home/pi/pico/pico-sdk/src/rp2_common/pico_printf/printf.c.obj
 .text.vfctprintf
                0x10003548       0x20 CMakeFiles/HIDE-Controller.dir/home/pi/pico/pico-sdk/src/rp2_common/pico_printf/printf.c.obj
                0x10003548                vfctprintf
 .text          0x10003568       0x10 CMakeFiles/HIDE-Controller.dir/home/pi/pico/pico-sdk/src/rp2_common/pico_bit_ops/bit_ops_aeabi.S.obj
 .text.rom_func_lookup
                0x10003578       0x10 CMakeFiles/HIDE-Controller.dir/home/pi/pico/pico-sdk/src/rp2_common/pico_bootrom/bootrom.c.obj
                0x10003578                rom_func_lookup
 .text.rom_data_lookup
                0x10003588       0x10 CMakeFiles/HIDE-Controller.dir/home/pi/pico/pico-sdk/src/rp2_common/pico_bootrom/bootrom.c.obj
                0x10003588                rom_data_lookup
 .text.rom_funcs_lookup
                0x10003598       0x36 CMakeFiles/HIDE-Controller.dir/home/pi/pico/pico-sdk/src/rp2_common/pico_bootrom/bootrom.c.obj
                0x10003598                rom_funcs_lookup
 *fill*         0x100035ce        0x2 
 .text.__wrap___aeabi_idiv
                0x100035d0       0x50 CMakeFiles/HIDE-Controller.dir/home/pi/pico/pico-sdk/src/rp2_common/pico_divider/divider.S.obj
                0x100035d0                __wrap___aeabi_idivmod
                0x100035d0                divmod_s32s32
                0x100035d0                div_s32s32
                0x100035d0                __wrap___aeabi_idiv
                0x100035d8                divmod_s32s32_unsafe
                0x10003604                divmod_s32s32_savestate
 .text.__wrap___aeabi_uidiv
                0x10003620       0x4c CMakeFiles/HIDE-Controller.dir/home/pi/pico/pico-sdk/src/rp2_common/pico_divider/divider.S.obj
                0x10003620                __wrap___aeabi_uidiv
                0x10003620                __wrap___aeabi_uidivmod
                0x10003620                div_u32u32
                0x10003620                divmod_u32u32
                0x10003628                divmod_u32u32_unsafe
                0x10003650                divmod_u32u32_savestate
 .text.__wrap___aeabi_ldiv
                0x1000366c      0x430 CMakeFiles/HIDE-Controller.dir/home/pi/pico/pico-sdk/src/rp2_common/pico_divider/divider.S.obj
                0x1000366c                div_s64s64
                0x1000366c                divmod_s64s64
                0x1000366c                __wrap___aeabi_ldivmod
                0x100036a4                div_u64u64
                0x100036a4                divmod_u64u64
                0x100036a4                __wrap___aeabi_uldivmod
                0x100036b4                divmod_u64u64_savestate
                0x100036dc                divmod_s64s64_unsafe
                0x10003764                divmod_u64u64_unsafe
 .text.__wrap___aeabi_darithmetic
                0x10003a9c       0x80 CMakeFiles/HIDE-Controller.dir/home/pi/pico/pico-sdk/src/rp2_common/pico_double/double_aeabi.S.obj
                0x10003a9c                __wrap___aeabi_drsub
                0x10003aa2                __wrap___aeabi_dsub
                0x10003ab4                __wrap___aeabi_dadd
                0x10003ac6                __wrap___aeabi_ddiv
                0x10003b02                __wrap___aeabi_dmul
 .text.__wrap___aeabi_cdcmple
                0x10003b1c       0x6c CMakeFiles/HIDE-Controller.dir/home/pi/pico/pico-sdk/src/rp2_common/pico_double/double_aeabi.S.obj
                0x10003b1c                __wrap___aeabi_cdrcmple
                0x10003b2c                __wrap___aeabi_cdcmple
                0x10003b2c                __wrap___aeabi_cdcmpeq
 .text.__wrap___aeabi_dcmplt
                0x10003b88        0xc CMakeFiles/HIDE-Controller.dir/home/pi/pico/pico-sdk/src/rp2_common/pico_double/double_aeabi.S.obj
                0x10003b88                __wrap___aeabi_dcmplt
 .text.__wrap___aeabi_dcmple
                0x10003b94       0x10 CMakeFiles/HIDE-Controller.dir/home/pi/pico/pico-sdk/src/rp2_common/pico_double/double_aeabi.S.obj
                0x10003b94                __wrap___aeabi_dcmple
 .text.__wrap___aeabi_dcmpge
                0x10003ba4       0x10 CMakeFiles/HIDE-Controller.dir/home/pi/pico/pico-sdk/src/rp2_common/pico_double/double_aeabi.S.obj
                0x10003ba4                __wrap___aeabi_dcmpge
 .text.__wrap___aeabi_dcmpgt
                0x10003bb4        0xa CMakeFiles/HIDE-Controller.dir/home/pi/pico/pico-sdk/src/rp2_common/pico_double/double_aeabi.S.obj
                0x10003bb4                __wrap___aeabi_dcmpgt
 .text.__wrap___aeabi_dcmpun
                0x10003bbe       0x1c CMakeFiles/HIDE-Controller.dir/home/pi/pico/pico-sdk/src/rp2_common/pico_double/double_aeabi.S.obj
                0x10003bbe                __wrap___aeabi_dcmpun
 *fill*         0x10003bda        0x2 
 .text.__wrap___aeabi_i2d
                0x10003bdc       0x38 CMakeFiles/HIDE-Controller.dir/home/pi/pico/pico-sdk/src/rp2_common/pico_double/double_aeabi.S.obj
                0x10003bdc                __wrap___aeabi_ui2d
                0x10003be4                __wrap___aeabi_i2d
 .text.__wrap___aeabi_d2iz
                0x10003c14       0x48 CMakeFiles/HIDE-Controller.dir/home/pi/pico/pico-sdk/src/rp2_common/pico_double/double_aeabi.S.obj
                0x10003c14                __wrap___aeabi_d2iz
                0x10003c14                double2int_z
 .text.__wrap___aeabi_d2uiz
                0x10003c5c       0x18 CMakeFiles/HIDE-Controller.dir/home/pi/pico/pico-sdk/src/rp2_common/pico_double/double_aeabi.S.obj
                0x10003c5c                double2uint
                0x10003c5c                __wrap___aeabi_d2uiz
 .text.__aeabi_double_init
                0x10003c74       0xb8 CMakeFiles/HIDE-Controller.dir/home/pi/pico/pico-sdk/src/rp2_common/pico_double/double_init_rom.c.obj
                0x10003c74                __aeabi_double_init
 .text.double_table_shim_on_use_helper
                0x10003d2c       0x34 CMakeFiles/HIDE-Controller.dir/home/pi/pico/pico-sdk/src/rp2_common/pico_double/double_v1_rom_shim.S.obj
                0x10003d2c                double_table_shim_on_use_helper
 .text.__wrap___aeabi_dsub
                0x10003d60       0x10 CMakeFiles/HIDE-Controller.dir/home/pi/pico/pico-sdk/src/rp2_common/pico_double/double_v1_rom_shim.S.obj
                0x10003d60                drsub_shim
                0x10003d66                dsub_shim
 .text.dadd_shim
                0x10003d70      0x15c CMakeFiles/HIDE-Controller.dir/home/pi/pico/pico-sdk/src/rp2_common/pico_double/double_v1_rom_shim.S.obj
                0x10003d70                dadd_shim
 .text.dmul_shim
                0x10003ecc      0x15c CMakeFiles/HIDE-Controller.dir/home/pi/pico/pico-sdk/src/rp2_common/pico_double/double_v1_rom_shim.S.obj
                0x10003ecc                dmul_shim
 .text.ddiv_shim
                0x10004028      0x1b0 CMakeFiles/HIDE-Controller.dir/home/pi/pico/pico-sdk/src/rp2_common/pico_double/double_v1_rom_shim.S.obj
                0x10004028                ddiv_shim
 .text.dcordic_rot_step
                0x100041d8       0x7c CMakeFiles/HIDE-Controller.dir/home/pi/pico/pico-sdk/src/rp2_common/pico_double/double_v1_rom_shim.S.obj
                0x100041d8                dcordic_rot_step
 .text.double2uint_shim
                0x10004254        0xe CMakeFiles/HIDE-Controller.dir/home/pi/pico/pico-sdk/src/rp2_common/pico_double/double_v1_rom_shim.S.obj
                0x10004254                double2uint_shim
                0x10004256                double2ufix_shim
 *fill*         0x10004262        0x2 
 .text.double2uint64_shim
                0x10004264       0x6c CMakeFiles/HIDE-Controller.dir/home/pi/pico/pico-sdk/src/rp2_common/pico_double/double_v1_rom_shim.S.obj
                0x10004264                double2uint64_shim
                0x10004266                double2ufix64_shim
                0x10004280                d2fix_a
 .text.dunpacks
                0x100042d0       0x3c CMakeFiles/HIDE-Controller.dir/home/pi/pico/pico-sdk/src/rp2_common/pico_double/double_v1_rom_shim.S.obj
                0x100042d0                dunpacks
 .text.__aeabi_lmul
                0x1000430c       0x32 CMakeFiles/HIDE-Controller.dir/home/pi/pico/pico-sdk/src/rp2_common/pico_int64_ops/pico_int64_ops_aeabi.S.obj
                0x1000430c                __wrap___aeabi_lmul
 *fill*         0x1000433e        0x2 
 .text.__aeabi_float_init
                0x10004340       0xfc CMakeFiles/HIDE-Controller.dir/home/pi/pico/pico-sdk/src/rp2_common/pico_float/float_init_rom.c.obj
                0x10004340                __aeabi_float_init
 .text.float_table_shim_on_use_helper
                0x1000443c       0x34 CMakeFiles/HIDE-Controller.dir/home/pi/pico/pico-sdk/src/rp2_common/pico_float/float_v1_rom_shim.S.obj
                0x1000443c                float_table_shim_on_use_helper
 .text          0x10004470       0x10 CMakeFiles/HIDE-Controller.dir/home/pi/pico/pico-sdk/src/rp2_common/pico_mem_ops/mem_ops_aeabi.S.obj
                0x10004470                __aeabi_mem_init
 .text.memset   0x10004480        0xc CMakeFiles/HIDE-Controller.dir/home/pi/pico/pico-sdk/src/rp2_common/pico_mem_ops/mem_ops_aeabi.S.obj
                0x10004480                __wrap_memset
 .text.memcpy   0x1000448c        0xc CMakeFiles/HIDE-Controller.dir/home/pi/pico/pico-sdk/src/rp2_common/pico_mem_ops/mem_ops_aeabi.S.obj
                0x1000448c                __wrap___aeabi_memcpy
                0x1000448c                __wrap_memcpy
 .text.stdio_out_chars_crlf
                0x10004498       0x80 CMakeFiles/HIDE-Controller.dir/home/pi/pico/pico-sdk/src/rp2_common/pico_stdio/stdio.c.obj
 .text.stdio_stack_buffer_flush
                0x10004518       0x44 CMakeFiles/HIDE-Controller.dir/home/pi/pico/pico-sdk/src/rp2_common/pico_stdio/stdio.c.obj
 .text.stdio_buffered_printer
                0x1000455c       0x20 CMakeFiles/HIDE-Controller.dir/home/pi/pico/pico-sdk/src/rp2_common/pico_stdio/stdio.c.obj
 .text.stdout_serialize_begin
                0x1000457c       0x30 CMakeFiles/HIDE-Controller.dir/home/pi/pico/pico-sdk/src/rp2_common/pico_stdio/stdio.c.obj
                0x1000457c                stdout_serialize_begin
 .text.stdout_serialize_end
                0x100045ac       0x10 CMakeFiles/HIDE-Controller.dir/home/pi/pico/pico-sdk/src/rp2_common/pico_stdio/stdio.c.obj
                0x100045ac                stdout_serialize_end
 .text.stdio_put_string
                0x100045bc       0x78 CMakeFiles/HIDE-Controller.dir/home/pi/pico/pico-sdk/src/rp2_common/pico_stdio/stdio.c.obj
 .text.stdio_set_driver_enabled
                0x10004634       0x38 CMakeFiles/HIDE-Controller.dir/home/pi/pico/pico-sdk/src/rp2_common/pico_stdio/stdio.c.obj
                0x10004634                stdio_set_driver_enabled
 .text.stdio_flush
                0x1000466c       0x20 CMakeFiles/HIDE-Controller.dir/home/pi/pico/pico-sdk/src/rp2_common/pico_stdio/stdio.c.obj
                0x1000466c                stdio_flush
 .text.__wrap_puts
                0x1000468c       0x1c CMakeFiles/HIDE-Controller.dir/home/pi/pico/pico-sdk/src/rp2_common/pico_stdio/stdio.c.obj
                0x1000468c                __wrap_puts
 .text.__wrap_vprintf
                0x100046a8       0x44 CMakeFiles/HIDE-Controller.dir/home/pi/pico/pico-sdk/src/rp2_common/pico_stdio/stdio.c.obj
                0x100046a8                __wrap_vprintf
 .text.__wrap_printf
                0x100046ec       0x18 CMakeFiles/HIDE-Controller.dir/home/pi/pico/pico-sdk/src/rp2_common/pico_stdio/stdio.c.obj
                0x100046ec                __wrap_printf
 .text.stdio_init_all
                0x10004704        0x8 CMakeFiles/HIDE-Controller.dir/home/pi/pico/pico-sdk/src/rp2_common/pico_stdio/stdio.c.obj
                0x10004704                stdio_init_all
 .text.stdio_uart_out_chars
                0x1000470c       0x70 CMakeFiles/HIDE-Controller.dir/home/pi/pico/pico-sdk/src/rp2_common/pico_stdio_uart/stdio_uart.c.obj
 .text.stdio_uart_in_chars
                0x1000477c       0x50 CMakeFiles/HIDE-Controller.dir/home/pi/pico/pico-sdk/src/rp2_common/pico_stdio_uart/stdio_uart.c.obj
                0x1000477c                stdio_uart_in_chars
 .text.stdio_uart_init_full
                0x100047cc       0x3c CMakeFiles/HIDE-Controller.dir/home/pi/pico/pico-sdk/src/rp2_common/pico_stdio_uart/stdio_uart.c.obj
                0x100047cc                stdio_uart_init_full
 .text.stdio_uart_init
                0x10004808       0x28 CMakeFiles/HIDE-Controller.dir/home/pi/pico/pico-sdk/src/rp2_common/pico_stdio_uart/stdio_uart.c.obj
                0x10004808                stdio_uart_init
 .text.adc_init
                0x10004830       0x34 CMakeFiles/HIDE-Controller.dir/home/pi/pico/pico-sdk/src/rp2_common/hardware_adc/adc.c.obj
                0x10004830                adc_init
 .text.hw_endpoint_get_by_addr
                0x10004864       0x18 CMakeFiles/HIDE-Controller.dir/home/pi/pico/pico-sdk/lib/tinyusb/src/portable/raspberrypi/rp2040/dcd_rp2040.c.obj
 .text.reset_ep0
                0x1000487c       0x2c CMakeFiles/HIDE-Controller.dir/home/pi/pico/pico-sdk/lib/tinyusb/src/portable/raspberrypi/rp2040/dcd_rp2040.c.obj
 .text._hw_endpoint_alloc
                0x100048a8       0x80 CMakeFiles/HIDE-Controller.dir/home/pi/pico/pico-sdk/lib/tinyusb/src/portable/raspberrypi/rp2040/dcd_rp2040.c.obj
 .text._hw_endpoint_init
                0x10004928       0xbc CMakeFiles/HIDE-Controller.dir/home/pi/pico/pico-sdk/lib/tinyusb/src/portable/raspberrypi/rp2040/dcd_rp2040.c.obj
 .text.hw_endpoint_init
                0x100049e4       0x18 CMakeFiles/HIDE-Controller.dir/home/pi/pico/pico-sdk/lib/tinyusb/src/portable/raspberrypi/rp2040/dcd_rp2040.c.obj
 .text.hw_handle_buff_status
                0x100049fc       0xb4 CMakeFiles/HIDE-Controller.dir/home/pi/pico/pico-sdk/lib/tinyusb/src/portable/raspberrypi/rp2040/dcd_rp2040.c.obj
 .text.dcd_rp2040_irq
                0x10004ab0       0xa4 CMakeFiles/HIDE-Controller.dir/home/pi/pico/pico-sdk/lib/tinyusb/src/portable/raspberrypi/rp2040/dcd_rp2040.c.obj
 .text.hw_endpoint_xfer
                0x10004b54       0x18 CMakeFiles/HIDE-Controller.dir/home/pi/pico/pico-sdk/lib/tinyusb/src/portable/raspberrypi/rp2040/dcd_rp2040.c.obj
 .text.ep0_0len_status
                0x10004b6c       0x14 CMakeFiles/HIDE-Controller.dir/home/pi/pico/pico-sdk/lib/tinyusb/src/portable/raspberrypi/rp2040/dcd_rp2040.c.obj
 .text._hw_endpoint_stall
                0x10004b80       0x54 CMakeFiles/HIDE-Controller.dir/home/pi/pico/pico-sdk/lib/tinyusb/src/portable/raspberrypi/rp2040/dcd_rp2040.c.obj
 .text.hw_endpoint_stall
                0x10004bd4        0xc CMakeFiles/HIDE-Controller.dir/home/pi/pico/pico-sdk/lib/tinyusb/src/portable/raspberrypi/rp2040/dcd_rp2040.c.obj
 .text._hw_endpoint_clear_stall
                0x10004be0       0x34 CMakeFiles/HIDE-Controller.dir/home/pi/pico/pico-sdk/lib/tinyusb/src/portable/raspberrypi/rp2040/dcd_rp2040.c.obj
 .text.hw_endpoint_clear_stall
                0x10004c14        0xc CMakeFiles/HIDE-Controller.dir/home/pi/pico/pico-sdk/lib/tinyusb/src/portable/raspberrypi/rp2040/dcd_rp2040.c.obj
 .text.dcd_int_enable
                0x10004c20       0x2c CMakeFiles/HIDE-Controller.dir/home/pi/pico/pico-sdk/lib/tinyusb/src/portable/raspberrypi/rp2040/dcd_rp2040.c.obj
                0x10004c20                dcd_int_enable
 .text.dcd_set_address
                0x10004c4c       0x28 CMakeFiles/HIDE-Controller.dir/home/pi/pico/pico-sdk/lib/tinyusb/src/portable/raspberrypi/rp2040/dcd_rp2040.c.obj
                0x10004c4c                dcd_set_address
 .text.dcd_remote_wakeup
                0x10004c74       0x30 CMakeFiles/HIDE-Controller.dir/home/pi/pico/pico-sdk/lib/tinyusb/src/portable/raspberrypi/rp2040/dcd_rp2040.c.obj
                0x10004c74                dcd_remote_wakeup
 .text.dcd_connect
                0x10004ca4       0x30 CMakeFiles/HIDE-Controller.dir/home/pi/pico/pico-sdk/lib/tinyusb/src/portable/raspberrypi/rp2040/dcd_rp2040.c.obj
                0x10004ca4                dcd_connect
 .text.dcd_init
                0x10004cd4       0x84 CMakeFiles/HIDE-Controller.dir/home/pi/pico/pico-sdk/lib/tinyusb/src/portable/raspberrypi/rp2040/dcd_rp2040.c.obj
                0x10004cd4                dcd_init
 .text.dcd_edpt0_status_complete
                0x10004d58       0x40 CMakeFiles/HIDE-Controller.dir/home/pi/pico/pico-sdk/lib/tinyusb/src/portable/raspberrypi/rp2040/dcd_rp2040.c.obj
                0x10004d58                dcd_edpt0_status_complete
 .text.dcd_edpt_open
                0x10004d98       0x40 CMakeFiles/HIDE-Controller.dir/home/pi/pico/pico-sdk/lib/tinyusb/src/portable/raspberrypi/rp2040/dcd_rp2040.c.obj
                0x10004d98                dcd_edpt_open
 .text.dcd_edpt_xfer
                0x10004dd8       0x34 CMakeFiles/HIDE-Controller.dir/home/pi/pico/pico-sdk/lib/tinyusb/src/portable/raspberrypi/rp2040/dcd_rp2040.c.obj
                0x10004dd8                dcd_edpt_xfer
 .text.dcd_edpt_stall
                0x10004e0c       0x28 CMakeFiles/HIDE-Controller.dir/home/pi/pico/pico-sdk/lib/tinyusb/src/portable/raspberrypi/rp2040/dcd_rp2040.c.obj
                0x10004e0c                dcd_edpt_stall
 .text.dcd_edpt_clear_stall
                0x10004e34       0x2c CMakeFiles/HIDE-Controller.dir/home/pi/pico/pico-sdk/lib/tinyusb/src/portable/raspberrypi/rp2040/dcd_rp2040.c.obj
                0x10004e34                dcd_edpt_clear_stall
 .text.rp2040_usb_init
                0x10004e60       0x50 CMakeFiles/HIDE-Controller.dir/home/pi/pico/pico-sdk/lib/tinyusb/src/portable/raspberrypi/rp2040/rp2040_usb.c.obj
                0x10004e60                rp2040_usb_init
 .text.hw_endpoint_reset_transfer
                0x10004eb0       0x10 CMakeFiles/HIDE-Controller.dir/home/pi/pico/pico-sdk/lib/tinyusb/src/portable/raspberrypi/rp2040/rp2040_usb.c.obj
                0x10004eb0                hw_endpoint_reset_transfer
 .text._hw_endpoint_buffer_control_update32
                0x10004ec0       0x58 CMakeFiles/HIDE-Controller.dir/home/pi/pico/pico-sdk/lib/tinyusb/src/portable/raspberrypi/rp2040/rp2040_usb.c.obj
                0x10004ec0                _hw_endpoint_buffer_control_update32
 .text._hw_endpoint_start_next_buffer
                0x10004f18       0x50 CMakeFiles/HIDE-Controller.dir/home/pi/pico/pico-sdk/lib/tinyusb/src/portable/raspberrypi/rp2040/rp2040_usb.c.obj
                0x10004f18                _hw_endpoint_start_next_buffer
 .text._hw_endpoint_xfer_start
                0x10004f68       0x3e CMakeFiles/HIDE-Controller.dir/home/pi/pico/pico-sdk/lib/tinyusb/src/portable/raspberrypi/rp2040/rp2040_usb.c.obj
                0x10004f68                _hw_endpoint_xfer_start
 *fill*         0x10004fa6        0x2 
 .text._hw_endpoint_xfer_sync
                0x10004fa8       0x74 CMakeFiles/HIDE-Controller.dir/home/pi/pico/pico-sdk/lib/tinyusb/src/portable/raspberrypi/rp2040/rp2040_usb.c.obj
                0x10004fa8                _hw_endpoint_xfer_sync
 .text._hw_endpoint_xfer_continue
                0x1000501c       0x60 CMakeFiles/HIDE-Controller.dir/home/pi/pico/pico-sdk/lib/tinyusb/src/portable/raspberrypi/rp2040/rp2040_usb.c.obj
                0x1000501c                _hw_endpoint_xfer_continue
 .text._hw_endpoint_xfer
                0x1000507c       0x34 CMakeFiles/HIDE-Controller.dir/home/pi/pico/pico-sdk/lib/tinyusb/src/portable/raspberrypi/rp2040/rp2040_usb.c.obj
                0x1000507c                _hw_endpoint_xfer
 .text.mark_interface_endpoint
                0x100050b0       0x2a CMakeFiles/HIDE-Controller.dir/home/pi/pico/pico-sdk/lib/tinyusb/src/device/usbd.c.obj
 *fill*         0x100050da        0x2 
 .text.usbd_reset
                0x100050dc       0x8c CMakeFiles/HIDE-Controller.dir/home/pi/pico/pico-sdk/lib/tinyusb/src/device/usbd.c.obj
 .text.invoke_class_control
                0x10005168       0x1a CMakeFiles/HIDE-Controller.dir/home/pi/pico/pico-sdk/lib/tinyusb/src/device/usbd.c.obj
 *fill*         0x10005182        0x2 
 .text.process_set_config
                0x10005184      0x1d8 CMakeFiles/HIDE-Controller.dir/home/pi/pico/pico-sdk/lib/tinyusb/src/device/usbd.c.obj
 .text.process_get_descriptor
                0x1000535c      0x104 CMakeFiles/HIDE-Controller.dir/home/pi/pico/pico-sdk/lib/tinyusb/src/device/usbd.c.obj
 .text.tud_mounted
                0x10005460       0x10 CMakeFiles/HIDE-Controller.dir/home/pi/pico/pico-sdk/lib/tinyusb/src/device/usbd.c.obj
                0x10005460                tud_mounted
 .text.tud_suspended
                0x10005470       0x10 CMakeFiles/HIDE-Controller.dir/home/pi/pico/pico-sdk/lib/tinyusb/src/device/usbd.c.obj
                0x10005470                tud_suspended
 .text.tud_remote_wakeup
                0x10005480       0x2c CMakeFiles/HIDE-Controller.dir/home/pi/pico/pico-sdk/lib/tinyusb/src/device/usbd.c.obj
                0x10005480                tud_remote_wakeup
 .text.tud_inited
                0x100054ac        0xc CMakeFiles/HIDE-Controller.dir/home/pi/pico/pico-sdk/lib/tinyusb/src/device/usbd.c.obj
                0x100054ac                tud_inited
 .text.tud_init
                0x100054b8       0xd0 CMakeFiles/HIDE-Controller.dir/home/pi/pico/pico-sdk/lib/tinyusb/src/device/usbd.c.obj
                0x100054b8                tud_init
 .text.dcd_event_handler
                0x10005588      0x178 CMakeFiles/HIDE-Controller.dir/home/pi/pico/pico-sdk/lib/tinyusb/src/device/usbd.c.obj
                0x10005588                dcd_event_handler
 .text.dcd_event_bus_signal
                0x10005700       0x28 CMakeFiles/HIDE-Controller.dir/home/pi/pico/pico-sdk/lib/tinyusb/src/device/usbd.c.obj
                0x10005700                dcd_event_bus_signal
 .text.dcd_event_bus_reset
                0x10005728       0x2c CMakeFiles/HIDE-Controller.dir/home/pi/pico/pico-sdk/lib/tinyusb/src/device/usbd.c.obj
                0x10005728                dcd_event_bus_reset
 .text.dcd_event_setup_received
                0x10005754       0x34 CMakeFiles/HIDE-Controller.dir/home/pi/pico/pico-sdk/lib/tinyusb/src/device/usbd.c.obj
                0x10005754                dcd_event_setup_received
 .text.dcd_event_xfer_complete
                0x10005788       0x46 CMakeFiles/HIDE-Controller.dir/home/pi/pico/pico-sdk/lib/tinyusb/src/device/usbd.c.obj
                0x10005788                dcd_event_xfer_complete
 *fill*         0x100057ce        0x2 
 .text.usbd_edpt_open
                0x100057d0       0xe0 CMakeFiles/HIDE-Controller.dir/home/pi/pico/pico-sdk/lib/tinyusb/src/device/usbd.c.obj
                0x100057d0                usbd_edpt_open
 .text.usbd_open_edpt_pair
                0x100058b0       0x84 CMakeFiles/HIDE-Controller.dir/home/pi/pico/pico-sdk/lib/tinyusb/src/device/usbd.c.obj
                0x100058b0                usbd_open_edpt_pair
 .text.usbd_edpt_claim
                0x10005934       0x88 CMakeFiles/HIDE-Controller.dir/home/pi/pico/pico-sdk/lib/tinyusb/src/device/usbd.c.obj
                0x10005934                usbd_edpt_claim
 .text.usbd_edpt_xfer
                0x100059bc       0x80 CMakeFiles/HIDE-Controller.dir/home/pi/pico/pico-sdk/lib/tinyusb/src/device/usbd.c.obj
                0x100059bc                usbd_edpt_xfer
 .text.usbd_edpt_busy
                0x10005a3c       0x1c CMakeFiles/HIDE-Controller.dir/home/pi/pico/pico-sdk/lib/tinyusb/src/device/usbd.c.obj
                0x10005a3c                usbd_edpt_busy
 .text.usbd_edpt_stall
                0x10005a58       0x2c CMakeFiles/HIDE-Controller.dir/home/pi/pico/pico-sdk/lib/tinyusb/src/device/usbd.c.obj
                0x10005a58                usbd_edpt_stall
 .text.usbd_edpt_clear_stall
                0x10005a84       0x2c CMakeFiles/HIDE-Controller.dir/home/pi/pico/pico-sdk/lib/tinyusb/src/device/usbd.c.obj
                0x10005a84                usbd_edpt_clear_stall
 .text.usbd_edpt_stalled
                0x10005ab0       0x1c CMakeFiles/HIDE-Controller.dir/home/pi/pico/pico-sdk/lib/tinyusb/src/device/usbd.c.obj
                0x10005ab0                usbd_edpt_stalled
 .text.process_control_request
                0x10005acc      0x380 CMakeFiles/HIDE-Controller.dir/home/pi/pico/pico-sdk/lib/tinyusb/src/device/usbd.c.obj
 .text.tud_task
                0x10005e4c      0x208 CMakeFiles/HIDE-Controller.dir/home/pi/pico/pico-sdk/lib/tinyusb/src/device/usbd.c.obj
                0x10005e4c                tud_task
 .text._data_stage_xact
                0x10006054       0x58 CMakeFiles/HIDE-Controller.dir/home/pi/pico/pico-sdk/lib/tinyusb/src/device/usbd_control.c.obj
 .text.tud_control_status
                0x100060ac       0x38 CMakeFiles/HIDE-Controller.dir/home/pi/pico/pico-sdk/lib/tinyusb/src/device/usbd_control.c.obj
                0x100060ac                tud_control_status
 .text.tud_control_xfer
                0x100060e4       0xa4 CMakeFiles/HIDE-Controller.dir/home/pi/pico/pico-sdk/lib/tinyusb/src/device/usbd_control.c.obj
                0x100060e4                tud_control_xfer
 .text.usbd_control_reset
                0x10006188       0x14 CMakeFiles/HIDE-Controller.dir/home/pi/pico/pico-sdk/lib/tinyusb/src/device/usbd_control.c.obj
                0x10006188                usbd_control_reset
 .text.usbd_control_set_complete_callback
                0x1000619c        0xc CMakeFiles/HIDE-Controller.dir/home/pi/pico/pico-sdk/lib/tinyusb/src/device/usbd_control.c.obj
                0x1000619c                usbd_control_set_complete_callback
 .text.usbd_control_set_request
                0x100061a8       0x1c CMakeFiles/HIDE-Controller.dir/home/pi/pico/pico-sdk/lib/tinyusb/src/device/usbd_control.c.obj
                0x100061a8                usbd_control_set_request
 .text.usbd_control_xfer_cb
                0x100061c4      0x100 CMakeFiles/HIDE-Controller.dir/home/pi/pico/pico-sdk/lib/tinyusb/src/device/usbd_control.c.obj
                0x100061c4                usbd_control_xfer_cb
 .text.tud_hid_n_ready
                0x100062c4       0x50 CMakeFiles/HIDE-Controller.dir/home/pi/pico/pico-sdk/lib/tinyusb/src/class/hid/hid_device.c.obj
                0x100062c4                tud_hid_n_ready
 .text.tud_hid_n_report
                0x10006314       0x84 CMakeFiles/HIDE-Controller.dir/home/pi/pico/pico-sdk/lib/tinyusb/src/class/hid/hid_device.c.obj
                0x10006314                tud_hid_n_report
 .text.hidd_reset
                0x10006398       0x14 CMakeFiles/HIDE-Controller.dir/home/pi/pico/pico-sdk/lib/tinyusb/src/class/hid/hid_device.c.obj
                0x10006398                hidd_reset
 .text.hidd_init
                0x100063ac        0xa CMakeFiles/HIDE-Controller.dir/home/pi/pico/pico-sdk/lib/tinyusb/src/class/hid/hid_device.c.obj
                0x100063ac                hidd_init
 *fill*         0x100063b6        0x2 
 .text.hidd_open
                0x100063b8      0x100 CMakeFiles/HIDE-Controller.dir/home/pi/pico/pico-sdk/lib/tinyusb/src/class/hid/hid_device.c.obj
                0x100063b8                hidd_open
 .text.hidd_control_xfer_cb
                0x100064b8      0x230 CMakeFiles/HIDE-Controller.dir/home/pi/pico/pico-sdk/lib/tinyusb/src/class/hid/hid_device.c.obj
                0x100064b8                hidd_control_xfer_cb
 .text.hidd_xfer_cb
                0x100066e8       0xa8 CMakeFiles/HIDE-Controller.dir/home/pi/pico/pico-sdk/lib/tinyusb/src/class/hid/hid_device.c.obj
                0x100066e8                hidd_xfer_cb
 .text.tusb_init
                0x10006790       0x24 CMakeFiles/HIDE-Controller.dir/home/pi/pico/pico-sdk/lib/tinyusb/src/tusb.c.obj
                0x10006790                tusb_init
 .text.tusb_inited
                0x100067b4        0xe CMakeFiles/HIDE-Controller.dir/home/pi/pico/pico-sdk/lib/tinyusb/src/tusb.c.obj
                0x100067b4                tusb_inited
 .text.advance_pointer
                0x100067c2       0x20 CMakeFiles/HIDE-Controller.dir/home/pi/pico/pico-sdk/lib/tinyusb/src/common/tusb_fifo.c.obj
 .text.backward_pointer
                0x100067e2       0x20 CMakeFiles/HIDE-Controller.dir/home/pi/pico/pico-sdk/lib/tinyusb/src/common/tusb_fifo.c.obj
 .text.get_relative_pointer
                0x10006802       0x10 CMakeFiles/HIDE-Controller.dir/home/pi/pico/pico-sdk/lib/tinyusb/src/common/tusb_fifo.c.obj
 .text._tu_fifo_peek
                0x10006812       0x4c CMakeFiles/HIDE-Controller.dir/home/pi/pico/pico-sdk/lib/tinyusb/src/common/tusb_fifo.c.obj
 .text.tu_fifo_read
                0x1000685e       0x42 CMakeFiles/HIDE-Controller.dir/home/pi/pico/pico-sdk/lib/tinyusb/src/common/tusb_fifo.c.obj
                0x1000685e                tu_fifo_read
 .text.tu_fifo_write
                0x100068a0       0x6c CMakeFiles/HIDE-Controller.dir/home/pi/pico/pico-sdk/lib/tinyusb/src/common/tusb_fifo.c.obj
                0x100068a0                tu_fifo_write
 .text.tu_fifo_clear
                0x1000690c       0x4c CMakeFiles/HIDE-Controller.dir/home/pi/pico/pico-sdk/lib/tinyusb/src/common/tusb_fifo.c.obj
                0x1000690c                tu_fifo_clear
 .text.board_init
                0x10006958       0x30 CMakeFiles/HIDE-Controller.dir/home/pi/pico/pico-sdk/lib/tinyusb/hw/bsp/rp2040/family.c.obj
                0x10006958                board_init
 .text.board_button_read
                0x10006988        0xe CMakeFiles/HIDE-Controller.dir/home/pi/pico/pico-sdk/lib/tinyusb/hw/bsp/rp2040/family.c.obj
                0x10006988                board_button_read
 *fill*         0x10006996        0x2 
 .text          0x10006998       0x64 /usr/lib/gcc/arm-none-eabi/7.3.1/../../../arm-none-eabi/lib/thumb/v6-m/libg.a(lib_a-strlen-stub.o)
                0x10006998                strlen
 *(.fini)
 .fini          0x100069fc        0x4 /usr/lib/gcc/arm-none-eabi/7.3.1/thumb/v6-m/crti.o
                0x100069fc                _fini
 .fini.__stub   0x10006a00       0x70 linker stubs
 *crtbegin.o(.ctors)
 *crtbegin?.o(.ctors)
 *(EXCLUDE_FILE(*crtend.o *crtend?.o) .ctors)
 *(SORT_BY_NAME(.ctors.*))
 *(.ctors)
 *crtbegin.o(.dtors)
 *crtbegin?.o(.dtors)
 *(EXCLUDE_FILE(*crtend.o *crtend?.o) .dtors)
 *(SORT_BY_NAME(.dtors.*))
 *(.dtors)
 *(.eh_frame*)
 .eh_frame      0x10006a70        0x0 /usr/lib/gcc/arm-none-eabi/7.3.1/thumb/v6-m/crtbegin.o
                0x10006a70                . = ALIGN (0x4)

.glue_7         0x10006a70        0x0
 .glue_7        0x10006a70        0x0 linker stubs

.glue_7t        0x10006a70        0x0
 .glue_7t       0x10006a70        0x0 linker stubs

.vfp11_veneer   0x10006a70        0x0
 .vfp11_veneer  0x10006a70        0x0 linker stubs

.v4_bx          0x10006a70        0x0
 .v4_bx         0x10006a70        0x0 linker stubs

.iplt           0x10006a70        0x0
 .iplt          0x10006a70        0x0 /usr/lib/gcc/arm-none-eabi/7.3.1/thumb/v6-m/crtbegin.o

.rodata         0x10006a70     0x1620
 *(EXCLUDE_FILE(*libm.a: *libc.a:*lib_a-mem*.o *libgcc.a:) .rodata*)
 .rodata._Z11getSideName9InputSide.str1.4
                0x10006a70        0xe CMakeFiles/HIDE-Controller.dir/src/HIDE-Controller.cpp.obj
 *fill*         0x10006a7e        0x2 
 .rodata._Z14getButtonStateb.str1.4
                0x10006a80       0x11 CMakeFiles/HIDE-Controller.dir/src/HIDE-Controller.cpp.obj
 *fill*         0x10006a91        0x3 
 .rodata._Z8hid_taskv.str1.4
                0x10006a94       0x5d CMakeFiles/HIDE-Controller.dir/src/HIDE-Controller.cpp.obj
 *fill*         0x10006af1        0x3 
 .rodata._ZZL20update_us_since_bootP15absolute_time_tyE19__PRETTY_FUNCTION__
                0x10006af4       0x36 CMakeFiles/HIDE-Controller.dir/src/HIDE-Controller.cpp.obj
 *fill*         0x10006b2a        0x2 
 .rodata.main.str1.4
                0x10006b2c       0x86 CMakeFiles/HIDE-Controller.dir/src/HIDE-Controller.cpp.obj
 *fill*         0x10006bb2        0x2 
 .rodata.tud_hid_report_complete_cb.str1.4
                0x10006bb4       0x28 CMakeFiles/HIDE-Controller.dir/src/HIDE-Controller.cpp.obj
 .rodata.tud_hid_set_report_cb.str1.4
                0x10006bdc       0x94 CMakeFiles/HIDE-Controller.dir/src/HIDE-Controller.cpp.obj
 .rodata.tud_mount_cb.str1.4
                0x10006c70        0xf CMakeFiles/HIDE-Controller.dir/src/HIDE-Controller.cpp.obj
 *fill*         0x10006c7f        0x1 
 .rodata.tud_resume_cb.str1.4
                0x10006c80       0x17 CMakeFiles/HIDE-Controller.dir/src/HIDE-Controller.cpp.obj
 *fill*         0x10006c97        0x1 
 .rodata.tud_suspend_cb.str1.4
                0x10006c98       0x11 CMakeFiles/HIDE-Controller.dir/src/HIDE-Controller.cpp.obj
 *fill*         0x10006ca9        0x3 
 .rodata.tud_umount_cb.str1.4
                0x10006cac       0x11 CMakeFiles/HIDE-Controller.dir/src/HIDE-Controller.cpp.obj
 *fill*         0x10006cbd        0x3 
 .rodata.__compound_literal.0
                0x10006cc0        0x2 CMakeFiles/HIDE-Controller.dir/src/usb_descriptors.c.obj
 *fill*         0x10006cc2        0x2 
 .rodata.desc_configuration
                0x10006cc4       0x22 CMakeFiles/HIDE-Controller.dir/src/usb_descriptors.c.obj
                0x10006cc4                desc_configuration
 *fill*         0x10006ce6        0x2 
 .rodata.desc_device
                0x10006ce8       0x12 CMakeFiles/HIDE-Controller.dir/src/usb_descriptors.c.obj
                0x10006ce8                desc_device
 *fill*         0x10006cfa        0x2 
 .rodata.desc_hid_report
                0x10006cfc       0x44 CMakeFiles/HIDE-Controller.dir/src/usb_descriptors.c.obj
                0x10006cfc                desc_hid_report
 .rodata.str1.4
                0x10006d40       0x1f CMakeFiles/HIDE-Controller.dir/src/usb_descriptors.c.obj
 *fill*         0x10006d5f        0x1 
 .rodata.spin_lock_claim_unused.str1.4
                0x10006d60       0x1b CMakeFiles/HIDE-Controller.dir/home/pi/pico/pico-sdk/src/rp2_common/hardware_sync/sync.c.obj
 *fill*         0x10006d7b        0x1 
 .rodata.__func__.5648
                0x10006d7c       0x15 CMakeFiles/HIDE-Controller.dir/home/pi/pico/pico-sdk/src/common/pico_time/time.c.obj
 *fill*         0x10006d91        0x3 
 .rodata.__func__.5949
                0x10006d94        0xc CMakeFiles/HIDE-Controller.dir/home/pi/pico/pico-sdk/src/common/pico_time/time.c.obj
 .rodata.__func__.5956
                0x10006da0       0x12 CMakeFiles/HIDE-Controller.dir/home/pi/pico/pico-sdk/src/common/pico_time/time.c.obj
 *fill*         0x10006db2        0x2 
 .rodata.__func__.5972
                0x10006db4        0xf CMakeFiles/HIDE-Controller.dir/home/pi/pico/pico-sdk/src/common/pico_time/time.c.obj
 *fill*         0x10006dc3        0x1 
 .rodata.__func__.5994
                0x10006dc4        0xd CMakeFiles/HIDE-Controller.dir/home/pi/pico/pico-sdk/src/common/pico_time/time.c.obj
 *fill*         0x10006dd1        0x3 
 .rodata.__func__.6195
                0x10006dd4        0xa CMakeFiles/HIDE-Controller.dir/home/pi/pico/pico-sdk/src/common/pico_time/time.c.obj
 *fill*         0x10006dde        0x2 
 .rodata.__func__.6200
                0x10006de0       0x12 CMakeFiles/HIDE-Controller.dir/home/pi/pico/pico-sdk/src/common/pico_time/time.c.obj
 *fill*         0x10006df2        0x2 
 .rodata.__func__.6215
                0x10006df4       0x17 CMakeFiles/HIDE-Controller.dir/home/pi/pico/pico-sdk/src/common/pico_time/time.c.obj
 *fill*         0x10006e0b        0x1 
 .rodata.__func__.6226
                0x10006e0c       0x15 CMakeFiles/HIDE-Controller.dir/home/pi/pico/pico-sdk/src/common/pico_time/time.c.obj
 *fill*         0x10006e21        0x3 
 .rodata.__func__.6243
                0x10006e24       0x1a CMakeFiles/HIDE-Controller.dir/home/pi/pico/pico-sdk/src/common/pico_time/time.c.obj
 *fill*         0x10006e3e        0x2 
 .rodata.__func__.6282
                0x10006e40       0x18 CMakeFiles/HIDE-Controller.dir/home/pi/pico/pico-sdk/src/common/pico_time/time.c.obj
 .rodata.add_alarm_under_lock.str1.4
                0x10006e58       0x28 CMakeFiles/HIDE-Controller.dir/home/pi/pico/pico-sdk/src/common/pico_time/time.c.obj
                                 0x2b (size before relaxing)
 .rodata.alarm_pool_alarm_callback.str1.4
                0x10006e80       0x82 CMakeFiles/HIDE-Controller.dir/home/pi/pico/pico-sdk/src/common/pico_time/time.c.obj
                                 0xe2 (size before relaxing)
 *fill*         0x10006f02        0x2 
 .rodata.alarm_pool_cancel_alarm.str1.4
                0x10006f04       0x27 CMakeFiles/HIDE-Controller.dir/home/pi/pico/pico-sdk/src/common/pico_time/time.c.obj
 *fill*         0x10006f2b        0x1 
 .rodata.alarm_pool_dump_key.str1.4
                0x10006f2c       0x33 CMakeFiles/HIDE-Controller.dir/home/pi/pico/pico-sdk/src/common/pico_time/time.c.obj
 *fill*         0x10006f5f        0x1 
 .rodata.alarm_pool_get_default.str1.4
                0x10006f60       0x21 CMakeFiles/HIDE-Controller.dir/home/pi/pico/pico-sdk/src/common/pico_time/time.c.obj
 *fill*         0x10006f81        0x3 
 .rodata.ph_add_child_node.str1.4
                0x10006f84       0x92 CMakeFiles/HIDE-Controller.dir/home/pi/pico/pico-sdk/src/common/pico_time/time.c.obj
 *fill*         0x10007016        0x2 
 .rodata.repeating_timer_callback.str1.4
                0x10007018       0x47 CMakeFiles/HIDE-Controller.dir/home/pi/pico/pico-sdk/src/common/pico_time/time.c.obj
 *fill*         0x1000705f        0x1 
 .rodata.__func__.4508
                0x10007060       0x1a CMakeFiles/HIDE-Controller.dir/home/pi/pico/pico-sdk/src/rp2_common/hardware_timer/timer.c.obj
 *fill*         0x1000707a        0x2 
 .rodata.hardware_alarm_claim.str1.4
                0x1000707c       0x22 CMakeFiles/HIDE-Controller.dir/home/pi/pico/pico-sdk/src/rp2_common/hardware_timer/timer.c.obj
 *fill*         0x1000709e        0x2 
 .rodata.hardware_alarm_set_target.str1.4
                0x100070a0       0x61 CMakeFiles/HIDE-Controller.dir/home/pi/pico/pico-sdk/src/rp2_common/hardware_timer/timer.c.obj
 *fill*         0x10007101        0x3 
 .rodata.__func__.4173
                0x10007104       0x15 CMakeFiles/HIDE-Controller.dir/home/pi/pico/pico-sdk/src/common/pico_sync/mutex.c.obj
 *fill*         0x10007119        0x3 
 .rodata.__func__.4570
                0x1000711c       0x15 CMakeFiles/HIDE-Controller.dir/home/pi/pico/pico-sdk/src/common/pico_sync/mutex.c.obj
 *fill*         0x10007131        0x3 
 .rodata.__func__.4595
                0x10007134       0x18 CMakeFiles/HIDE-Controller.dir/home/pi/pico/pico-sdk/src/common/pico_sync/mutex.c.obj
 .rodata.__func__.4605
                0x1000714c        0xb CMakeFiles/HIDE-Controller.dir/home/pi/pico/pico-sdk/src/common/pico_sync/mutex.c.obj
 *fill*         0x10007157        0x1 
 .rodata.str1.4
                0x10007158       0xad CMakeFiles/HIDE-Controller.dir/home/pi/pico/pico-sdk/src/common/pico_sync/mutex.c.obj
                                0x10d (size before relaxing)
 *fill*         0x10007205        0x3 
 .rodata.__func__.5655
                0x10007208        0xc CMakeFiles/HIDE-Controller.dir/home/pi/pico/pico-sdk/src/common/pico_util/pheap.c.obj
 .rodata.__func__.5662
                0x10007214       0x12 CMakeFiles/HIDE-Controller.dir/home/pi/pico/pico-sdk/src/common/pico_util/pheap.c.obj
 *fill*         0x10007226        0x2 
 .rodata.__func__.5748
                0x10007228       0x13 CMakeFiles/HIDE-Controller.dir/home/pi/pico/pico-sdk/src/common/pico_util/pheap.c.obj
 *fill*         0x1000723b        0x1 
 .rodata.__func__.5766
                0x1000723c       0x18 CMakeFiles/HIDE-Controller.dir/home/pi/pico/pico-sdk/src/common/pico_util/pheap.c.obj
 .rodata.ph_add_child_node.str1.4
                0x10007254       0x92 CMakeFiles/HIDE-Controller.dir/home/pi/pico/pico-sdk/src/common/pico_util/pheap.c.obj
 .rodata.ph_remove_and_free_node.str1.4
                0x10007254       0x26 CMakeFiles/HIDE-Controller.dir/home/pi/pico/pico-sdk/src/common/pico_util/pheap.c.obj
 *fill*         0x1000727a        0x2 
 .rodata.ph_remove_any_head.str1.4
                0x1000727c       0x88 CMakeFiles/HIDE-Controller.dir/home/pi/pico/pico-sdk/src/common/pico_util/pheap.c.obj
 .rodata.__assert_func.str1.4
                0x10007304       0x3f CMakeFiles/HIDE-Controller.dir/home/pi/pico/pico-sdk/src/rp2_common/pico_runtime/runtime.c.obj
                                 0x43 (size before relaxing)
 *fill*         0x10007343        0x1 
 .rodata.panic.str1.4
                0x10007344       0x10 CMakeFiles/HIDE-Controller.dir/home/pi/pico/pico-sdk/src/rp2_common/pico_runtime/runtime.c.obj
                                 0x12 (size before relaxing)
 .rodata.__func__.4627
                0x10007354       0x10 CMakeFiles/HIDE-Controller.dir/home/pi/pico/pico-sdk/src/rp2_common/hardware_clocks/clocks.c.obj
 .rodata.clock_configure.str1.4
                0x10007364       0x53 CMakeFiles/HIDE-Controller.dir/home/pi/pico/pico-sdk/src/rp2_common/hardware_clocks/clocks.c.obj
 *fill*         0x100073b7        0x1 
 .rodata.__func__.4663
                0x100073b8       0x1a CMakeFiles/HIDE-Controller.dir/home/pi/pico/pico-sdk/src/rp2_common/hardware_irq/irq.c.obj
 *fill*         0x100073d2        0x2 
 .rodata.__func__.4677
                0x100073d4        0xc CMakeFiles/HIDE-Controller.dir/home/pi/pico/pico-sdk/src/rp2_common/hardware_irq/irq.c.obj
 .rodata.__func__.4685
                0x100073e0       0x17 CMakeFiles/HIDE-Controller.dir/home/pi/pico/pico-sdk/src/rp2_common/hardware_irq/irq.c.obj
 *fill*         0x100073f7        0x1 
 .rodata.__func__.4689
                0x100073f8        0xf CMakeFiles/HIDE-Controller.dir/home/pi/pico/pico-sdk/src/rp2_common/hardware_irq/irq.c.obj
 *fill*         0x10007407        0x1 
 .rodata.__func__.4728
                0x10007408       0x13 CMakeFiles/HIDE-Controller.dir/home/pi/pico/pico-sdk/src/rp2_common/hardware_irq/irq.c.obj
 *fill*         0x1000741b        0x1 
 .rodata.__func__.4747
                0x1000741c       0x1a CMakeFiles/HIDE-Controller.dir/home/pi/pico/pico-sdk/src/rp2_common/hardware_irq/irq.c.obj
 *fill*         0x10007436        0x2 
 .rodata.irq_add_shared_handler.str1.4
                0x10007438       0xd9 CMakeFiles/HIDE-Controller.dir/home/pi/pico/pico-sdk/src/rp2_common/hardware_irq/irq.c.obj
 *fill*         0x10007511        0x3 
 .rodata.irq_add_tail_to_free_list.str1.4
                0x10007514       0x32 CMakeFiles/HIDE-Controller.dir/home/pi/pico/pico-sdk/src/rp2_common/hardware_irq/irq.c.obj
                                 0x3a (size before relaxing)
 *fill*         0x10007546        0x2 
 .rodata.irq_remove_handler.str1.4
                0x10007548       0x2a CMakeFiles/HIDE-Controller.dir/home/pi/pico/pico-sdk/src/rp2_common/hardware_irq/irq.c.obj
 *fill*         0x10007572        0x2 
 .rodata.irq_set_exclusive_handler.str1.4
                0x10007574       0x36 CMakeFiles/HIDE-Controller.dir/home/pi/pico/pico-sdk/src/rp2_common/hardware_irq/irq.c.obj
 *fill*         0x100075aa        0x2 
 .rodata.make_branch.str1.4
                0x100075ac       0x49 CMakeFiles/HIDE-Controller.dir/home/pi/pico/pico-sdk/src/rp2_common/hardware_irq/irq.c.obj
 *fill*         0x100075f5        0x3 
 .rodata.__func__.4362
                0x100075f8        0x9 CMakeFiles/HIDE-Controller.dir/home/pi/pico/pico-sdk/src/rp2_common/hardware_pll/pll.c.obj
 *fill*         0x10007601        0x3 
 .rodata.pll_init.str1.4
                0x10007604       0xd7 CMakeFiles/HIDE-Controller.dir/home/pi/pico/pico-sdk/src/rp2_common/hardware_pll/pll.c.obj
 *fill*         0x100076db        0x1 
 .rodata._vsnprintf
                0x100076dc      0x1e0 CMakeFiles/HIDE-Controller.dir/home/pi/pico/pico-sdk/src/rp2_common/pico_printf/printf.c.obj
 .rodata._ftoa.str1.4
                0x100078bc       0x15 CMakeFiles/HIDE-Controller.dir/home/pi/pico/pico-sdk/src/rp2_common/pico_printf/printf.c.obj
 *fill*         0x100078d1        0x7 
 .rodata.pow10.5369
                0x100078d8       0x50 CMakeFiles/HIDE-Controller.dir/home/pi/pico/pico-sdk/src/rp2_common/pico_printf/printf.c.obj
 .rodata.__aeabi_double_init.str1.4
                0x10007928       0xa4 CMakeFiles/HIDE-Controller.dir/home/pi/pico/pico-sdk/src/rp2_common/pico_double/double_init_rom.c.obj
 .rodata.__func__.4628
                0x100079cc       0x14 CMakeFiles/HIDE-Controller.dir/home/pi/pico/pico-sdk/src/rp2_common/pico_double/double_init_rom.c.obj
 .rodata.__aeabi_float_init.str1.4
                0x100079e0       0x76 CMakeFiles/HIDE-Controller.dir/home/pi/pico/pico-sdk/src/rp2_common/pico_float/float_init_rom.c.obj
                                 0x7a (size before relaxing)
 *fill*         0x10007a56        0x2 
 .rodata.__func__.4630
                0x10007a58       0x13 CMakeFiles/HIDE-Controller.dir/home/pi/pico/pico-sdk/src/rp2_common/pico_float/float_init_rom.c.obj
 *fill*         0x10007a6b        0x1 
 .rodata.__bi_44
                0x10007a6c        0xc CMakeFiles/HIDE-Controller.dir/home/pi/pico/pico-sdk/src/rp2_common/pico_standard_link/binary_info.c.obj
 .rodata.__bi_56
                0x10007a78        0xc CMakeFiles/HIDE-Controller.dir/home/pi/pico/pico-sdk/src/rp2_common/pico_standard_link/binary_info.c.obj
 .rodata.__bi_75
                0x10007a84        0xc CMakeFiles/HIDE-Controller.dir/home/pi/pico/pico-sdk/src/rp2_common/pico_standard_link/binary_info.c.obj
 .rodata.__bi_81
                0x10007a90        0xc CMakeFiles/HIDE-Controller.dir/home/pi/pico/pico-sdk/src/rp2_common/pico_standard_link/binary_info.c.obj
 .rodata.str1.4
                0x10007a9c       0x48 CMakeFiles/HIDE-Controller.dir/home/pi/pico/pico-sdk/src/rp2_common/pico_standard_link/binary_info.c.obj
 .rodata.crlf_str.5957
                0x10007ae4        0x2 CMakeFiles/HIDE-Controller.dir/home/pi/pico/pico-sdk/src/rp2_common/pico_stdio/stdio.c.obj
 *fill*         0x10007ae6        0x2 
 .rodata.__bi_28.4699
                0x10007ae8        0xc CMakeFiles/HIDE-Controller.dir/home/pi/pico/pico-sdk/src/rp2_common/pico_stdio_uart/stdio_uart.c.obj
 .rodata.__bi_29.4703
                0x10007af4        0x8 CMakeFiles/HIDE-Controller.dir/home/pi/pico/pico-sdk/src/rp2_common/pico_stdio_uart/stdio_uart.c.obj
 .rodata.str1.4
                0x10007afc       0x2c CMakeFiles/HIDE-Controller.dir/home/pi/pico/pico-sdk/src/rp2_common/pico_stdio_uart/stdio_uart.c.obj
 .rodata.__func__.6787
                0x10007b28       0x13 CMakeFiles/HIDE-Controller.dir/home/pi/pico/pico-sdk/lib/tinyusb/src/portable/raspberrypi/rp2040/dcd_rp2040.c.obj
 *fill*         0x10007b3b        0x1 
 .rodata.__func__.6818
                0x10007b3c       0x16 CMakeFiles/HIDE-Controller.dir/home/pi/pico/pico-sdk/lib/tinyusb/src/portable/raspberrypi/rp2040/dcd_rp2040.c.obj
 *fill*         0x10007b52        0x2 
 .rodata.__func__.6839
                0x10007b54       0x13 CMakeFiles/HIDE-Controller.dir/home/pi/pico/pico-sdk/lib/tinyusb/src/portable/raspberrypi/rp2040/dcd_rp2040.c.obj
 *fill*         0x10007b67        0x1 
 .rodata.__func__.6860
                0x10007b68        0x9 CMakeFiles/HIDE-Controller.dir/home/pi/pico/pico-sdk/lib/tinyusb/src/portable/raspberrypi/rp2040/dcd_rp2040.c.obj
 *fill*         0x10007b71        0x3 
 .rodata.__func__.6864
                0x10007b74        0xf CMakeFiles/HIDE-Controller.dir/home/pi/pico/pico-sdk/lib/tinyusb/src/portable/raspberrypi/rp2040/dcd_rp2040.c.obj
 *fill*         0x10007b83        0x1 
 .rodata.__func__.6873
                0x10007b84       0x10 CMakeFiles/HIDE-Controller.dir/home/pi/pico/pico-sdk/lib/tinyusb/src/portable/raspberrypi/rp2040/dcd_rp2040.c.obj
 .rodata.__func__.6877
                0x10007b94       0x12 CMakeFiles/HIDE-Controller.dir/home/pi/pico/pico-sdk/lib/tinyusb/src/portable/raspberrypi/rp2040/dcd_rp2040.c.obj
 *fill*         0x10007ba6        0x2 
 .rodata.__func__.6885
                0x10007ba8        0xc CMakeFiles/HIDE-Controller.dir/home/pi/pico/pico-sdk/lib/tinyusb/src/portable/raspberrypi/rp2040/dcd_rp2040.c.obj
 .rodata.__func__.6890
                0x10007bb4       0x1a CMakeFiles/HIDE-Controller.dir/home/pi/pico/pico-sdk/lib/tinyusb/src/portable/raspberrypi/rp2040/dcd_rp2040.c.obj
 *fill*         0x10007bce        0x2 
 .rodata.__func__.6895
                0x10007bd0        0xe CMakeFiles/HIDE-Controller.dir/home/pi/pico/pico-sdk/lib/tinyusb/src/portable/raspberrypi/rp2040/dcd_rp2040.c.obj
 *fill*         0x10007bde        0x2 
 .rodata.__func__.6902
                0x10007be0        0xe CMakeFiles/HIDE-Controller.dir/home/pi/pico/pico-sdk/lib/tinyusb/src/portable/raspberrypi/rp2040/dcd_rp2040.c.obj
 *fill*         0x10007bee        0x2 
 .rodata.__func__.6907
                0x10007bf0        0xf CMakeFiles/HIDE-Controller.dir/home/pi/pico/pico-sdk/lib/tinyusb/src/portable/raspberrypi/rp2040/dcd_rp2040.c.obj
 *fill*         0x10007bff        0x1 
 .rodata.__func__.6912
                0x10007c00       0x15 CMakeFiles/HIDE-Controller.dir/home/pi/pico/pico-sdk/lib/tinyusb/src/portable/raspberrypi/rp2040/dcd_rp2040.c.obj
 *fill*         0x10007c15        0x3 
 .rodata._hw_endpoint_alloc.str1.4
                0x10007c18       0xb1 CMakeFiles/HIDE-Controller.dir/home/pi/pico/pico-sdk/lib/tinyusb/src/portable/raspberrypi/rp2040/dcd_rp2040.c.obj
 *fill*         0x10007cc9        0x3 
 .rodata._hw_endpoint_init.str1.4
                0x10007ccc       0x28 CMakeFiles/HIDE-Controller.dir/home/pi/pico/pico-sdk/lib/tinyusb/src/portable/raspberrypi/rp2040/dcd_rp2040.c.obj
 .rodata._hw_endpoint_stall.str1.4
                0x10007cf4        0xd CMakeFiles/HIDE-Controller.dir/home/pi/pico/pico-sdk/lib/tinyusb/src/portable/raspberrypi/rp2040/dcd_rp2040.c.obj
 *fill*         0x10007d01        0x3 
 .rodata.dcd_int_enable.str1.4
                0x10007d04        0xc CMakeFiles/HIDE-Controller.dir/home/pi/pico/pico-sdk/lib/tinyusb/src/portable/raspberrypi/rp2040/dcd_rp2040.c.obj
 .rodata.dcd_rp2040_irq.str1.4
                0x10007d10       0x14 CMakeFiles/HIDE-Controller.dir/home/pi/pico/pico-sdk/lib/tinyusb/src/portable/raspberrypi/rp2040/dcd_rp2040.c.obj
 .rodata.hw_handle_buff_status.str1.4
                0x10007d24        0xb CMakeFiles/HIDE-Controller.dir/home/pi/pico/pico-sdk/lib/tinyusb/src/portable/raspberrypi/rp2040/dcd_rp2040.c.obj
 *fill*         0x10007d2f        0x1 
 .rodata.__func__.6566
                0x10007d30       0x17 CMakeFiles/HIDE-Controller.dir/home/pi/pico/pico-sdk/lib/tinyusb/src/portable/raspberrypi/rp2040/rp2040_usb.c.obj
 *fill*         0x10007d47        0x1 
 .rodata.__func__.6577
                0x10007d48       0x12 CMakeFiles/HIDE-Controller.dir/home/pi/pico/pico-sdk/lib/tinyusb/src/portable/raspberrypi/rp2040/rp2040_usb.c.obj
 *fill*         0x10007d5a        0x2 
 .rodata._hw_endpoint_buffer_control_update32.str1.4
                0x10007d5c       0x1f CMakeFiles/HIDE-Controller.dir/home/pi/pico/pico-sdk/lib/tinyusb/src/portable/raspberrypi/rp2040/rp2040_usb.c.obj
 *fill*         0x10007d7b        0x1 
 .rodata._hw_endpoint_xfer.str1.4
                0x10007d7c        0xf CMakeFiles/HIDE-Controller.dir/home/pi/pico/pico-sdk/lib/tinyusb/src/portable/raspberrypi/rp2040/rp2040_usb.c.obj
 *fill*         0x10007d8b        0x1 
 .rodata._hw_endpoint_xfer_continue.str1.4
                0x10007d8c       0x50 CMakeFiles/HIDE-Controller.dir/home/pi/pico/pico-sdk/lib/tinyusb/src/portable/raspberrypi/rp2040/rp2040_usb.c.obj
 .rodata._hw_endpoint_xfer_sync.str1.4
                0x10007ddc       0x8d CMakeFiles/HIDE-Controller.dir/home/pi/pico/pico-sdk/lib/tinyusb/src/portable/raspberrypi/rp2040/rp2040_usb.c.obj
 .rodata.str1.4
                0x10007e69       0x8d CMakeFiles/HIDE-Controller.dir/home/pi/pico/pico-sdk/lib/tinyusb/src/portable/raspberrypi/rp2040/rp2040_usb.c.obj
                                  0x7 (size before relaxing)
 *fill*         0x10007e69        0x3 
 .rodata.process_get_descriptor
                0x10007e6c       0x40 CMakeFiles/HIDE-Controller.dir/home/pi/pico/pico-sdk/lib/tinyusb/src/device/usbd.c.obj
 .rodata.process_control_request
                0x10007eac       0x28 CMakeFiles/HIDE-Controller.dir/home/pi/pico/pico-sdk/lib/tinyusb/src/device/usbd.c.obj
 .rodata.tud_task
                0x10007ed4       0x24 CMakeFiles/HIDE-Controller.dir/home/pi/pico/pico-sdk/lib/tinyusb/src/device/usbd.c.obj
 .rodata.__func__.6440
                0x10007ef8       0x10 CMakeFiles/HIDE-Controller.dir/home/pi/pico/pico-sdk/lib/tinyusb/src/device/usbd.c.obj
 .rodata.__func__.7315
                0x10007f08        0x9 CMakeFiles/HIDE-Controller.dir/home/pi/pico/pico-sdk/lib/tinyusb/src/device/usbd.c.obj
 *fill*         0x10007f11        0x3 
 .rodata.__func__.7336
                0x10007f14       0x18 CMakeFiles/HIDE-Controller.dir/home/pi/pico/pico-sdk/lib/tinyusb/src/device/usbd.c.obj
 .rodata.__func__.7374
                0x10007f2c       0x13 CMakeFiles/HIDE-Controller.dir/home/pi/pico/pico-sdk/lib/tinyusb/src/device/usbd.c.obj
 *fill*         0x10007f3f        0x1 
 .rodata.__func__.7417
                0x10007f40       0x17 CMakeFiles/HIDE-Controller.dir/home/pi/pico/pico-sdk/lib/tinyusb/src/device/usbd.c.obj
 *fill*         0x10007f57        0x1 
 .rodata.__func__.7471
                0x10007f58       0x14 CMakeFiles/HIDE-Controller.dir/home/pi/pico/pico-sdk/lib/tinyusb/src/device/usbd.c.obj
 .rodata.__func__.7487
                0x10007f6c        0xf CMakeFiles/HIDE-Controller.dir/home/pi/pico/pico-sdk/lib/tinyusb/src/device/usbd.c.obj
 *fill*         0x10007f7b        0x1 
 .rodata.__func__.7515
                0x10007f7c        0xf CMakeFiles/HIDE-Controller.dir/home/pi/pico/pico-sdk/lib/tinyusb/src/device/usbd.c.obj
 *fill*         0x10007f8b        0x1 
 .rodata._usbd_driver
                0x10007f8c       0x18 CMakeFiles/HIDE-Controller.dir/home/pi/pico/pico-sdk/lib/tinyusb/src/device/usbd.c.obj
 .rodata.process_set_config.str1.4
                0x10007fa4       0x17 CMakeFiles/HIDE-Controller.dir/home/pi/pico/pico-sdk/lib/tinyusb/src/device/usbd.c.obj
 *fill*         0x10007fbb        0x1 
 .rodata.__func__.7228
                0x10007fbc       0x11 CMakeFiles/HIDE-Controller.dir/home/pi/pico/pico-sdk/lib/tinyusb/src/device/usbd_control.c.obj
 *fill*         0x10007fcd        0x3 
 .rodata.__func__.7255
                0x10007fd0       0x15 CMakeFiles/HIDE-Controller.dir/home/pi/pico/pico-sdk/lib/tinyusb/src/device/usbd_control.c.obj
 .rodata.tud_control_xfer.str1.4
                0x10007fe5       0x17 CMakeFiles/HIDE-Controller.dir/home/pi/pico/pico-sdk/lib/tinyusb/src/device/usbd_control.c.obj
 *fill*         0x10007fe5        0x3 
 .rodata.hidd_control_xfer_cb
                0x10007fe8       0x30 CMakeFiles/HIDE-Controller.dir/home/pi/pico/pico-sdk/lib/tinyusb/src/class/hid/hid_device.c.obj
 .rodata.__PRETTY_FUNCTION__.7184
                0x10008018        0xa CMakeFiles/HIDE-Controller.dir/home/pi/pico/pico-sdk/lib/tinyusb/src/class/hid/hid_device.c.obj
 *fill*         0x10008022        0x2 
 .rodata.__func__.7177
                0x10008024        0xa CMakeFiles/HIDE-Controller.dir/home/pi/pico/pico-sdk/lib/tinyusb/src/class/hid/hid_device.c.obj
 *fill*         0x1000802e        0x2 
 .rodata.__func__.7198
                0x10008030       0x15 CMakeFiles/HIDE-Controller.dir/home/pi/pico/pico-sdk/lib/tinyusb/src/class/hid/hid_device.c.obj
 *fill*         0x10008045        0x3 
 .rodata.__func__.7219
                0x10008048        0xd CMakeFiles/HIDE-Controller.dir/home/pi/pico/pico-sdk/lib/tinyusb/src/class/hid/hid_device.c.obj
 *fill*         0x10008055        0x3 
 .rodata.hidd_open.str1.4
                0x10008058       0x11 CMakeFiles/HIDE-Controller.dir/home/pi/pico/pico-sdk/lib/tinyusb/src/class/hid/hid_device.c.obj
                                 0x29 (size before relaxing)
 *fill*         0x10008069        0x3 
 .rodata.__func__.7104
                0x1000806c        0xa CMakeFiles/HIDE-Controller.dir/home/pi/pico/pico-sdk/lib/tinyusb/src/tusb.c.obj
 .rodata.tusb_init.str1.4
                0x10008076       0x17 CMakeFiles/HIDE-Controller.dir/home/pi/pico/pico-sdk/lib/tinyusb/src/tusb.c.obj
 *fill*         0x10008076        0x2 
 .rodata.__bi_121.7539
                0x10008078        0xc CMakeFiles/HIDE-Controller.dir/home/pi/pico/pico-sdk/lib/tinyusb/hw/bsp/rp2040/family.c.obj
 .rodata.__bi_131.7542
                0x10008084        0x8 CMakeFiles/HIDE-Controller.dir/home/pi/pico/pico-sdk/lib/tinyusb/hw/bsp/rp2040/family.c.obj
 .rodata.str1.4
                0x1000808c        0x4 CMakeFiles/HIDE-Controller.dir/home/pi/pico/pico-sdk/lib/tinyusb/hw/bsp/rp2040/family.c.obj
                0x10008090                . = ALIGN (0x4)
 *(SORT_BY_ALIGNMENT(SORT_BY_NAME(.flashdata*)))
                0x10008090                . = ALIGN (0x4)

.rel.dyn        0x10008090        0x0
 .rel.iplt      0x10008090        0x0 /usr/lib/gcc/arm-none-eabi/7.3.1/thumb/v6-m/crtbegin.o

.ARM.extab
 *(.ARM.extab* .gnu.linkonce.armextab.*)
                0x10008090                __exidx_start = .

.ARM.exidx
 *(.ARM.exidx* .gnu.linkonce.armexidx.*)
                0x10008090                __exidx_end = .
                0x10008090                . = ALIGN (0x4)
                0x10008090                __binary_info_start = .

.binary_info    0x10008090       0x30
 *(.binary_info.keep.*)
 .binary_info.keep.__bi_ptr22
                0x10008090        0x4 CMakeFiles/HIDE-Controller.dir/home/pi/pico/pico-sdk/src/rp2_common/pico_standard_link/binary_info.c.obj
 .binary_info.keep.__bi_ptr30
                0x10008094        0x4 CMakeFiles/HIDE-Controller.dir/home/pi/pico/pico-sdk/src/rp2_common/pico_standard_link/binary_info.c.obj
 .binary_info.keep.__bi_ptr38
                0x10008098        0x4 CMakeFiles/HIDE-Controller.dir/home/pi/pico/pico-sdk/src/rp2_common/pico_standard_link/binary_info.c.obj
 .binary_info.keep.__bi_ptr44
                0x1000809c        0x4 CMakeFiles/HIDE-Controller.dir/home/pi/pico/pico-sdk/src/rp2_common/pico_standard_link/binary_info.c.obj
 .binary_info.keep.__bi_ptr50
                0x100080a0        0x4 CMakeFiles/HIDE-Controller.dir/home/pi/pico/pico-sdk/src/rp2_common/pico_standard_link/binary_info.c.obj
 .binary_info.keep.__bi_ptr56
                0x100080a4        0x4 CMakeFiles/HIDE-Controller.dir/home/pi/pico/pico-sdk/src/rp2_common/pico_standard_link/binary_info.c.obj
 .binary_info.keep.__bi_ptr75
                0x100080a8        0x4 CMakeFiles/HIDE-Controller.dir/home/pi/pico/pico-sdk/src/rp2_common/pico_standard_link/binary_info.c.obj
 .binary_info.keep.__bi_ptr81
                0x100080ac        0x4 CMakeFiles/HIDE-Controller.dir/home/pi/pico/pico-sdk/src/rp2_common/pico_standard_link/binary_info.c.obj
 .binary_info.keep.__bi_ptr121
                0x100080b0        0x4 CMakeFiles/HIDE-Controller.dir/home/pi/pico/pico-sdk/lib/tinyusb/hw/bsp/rp2040/family.c.obj
 .binary_info.keep.__bi_ptr131
                0x100080b4        0x4 CMakeFiles/HIDE-Controller.dir/home/pi/pico/pico-sdk/lib/tinyusb/hw/bsp/rp2040/family.c.obj
 *(.binary_info.*)
 .binary_info.__bi_ptr28
                0x100080b8        0x4 CMakeFiles/HIDE-Controller.dir/home/pi/pico/pico-sdk/src/rp2_common/pico_stdio_uart/stdio_uart.c.obj
 .binary_info.__bi_ptr29
                0x100080bc        0x4 CMakeFiles/HIDE-Controller.dir/home/pi/pico/pico-sdk/src/rp2_common/pico_stdio_uart/stdio_uart.c.obj
                0x100080c0                __binary_info_end = .
                0x100080c0                . = ALIGN (0x4)
                0x100080c0                __etext = .

.ram_vector_table
                0x20000000       0xc0
 *(.ram_vector_table)
 .ram_vector_table
                0x20000000       0xc0 CMakeFiles/HIDE-Controller.dir/home/pi/pico/pico-sdk/src/rp2_common/pico_runtime/runtime.c.obj
                0x20000000                ram_vector_table

.data           0x200000c0      0x44c load address 0x100080c0
                0x200000c0                __data_start__ = .
 *(vtable)
 *(.time_critical*)
 .time_critical.mutex_enter_blocking
                0x200000c0       0x94 CMakeFiles/HIDE-Controller.dir/home/pi/pico/pico-sdk/src/common/pico_sync/mutex.c.obj
                0x200000c0                mutex_enter_blocking
 .time_critical.mutex_try_enter
                0x20000154       0x5a CMakeFiles/HIDE-Controller.dir/home/pi/pico/pico-sdk/src/common/pico_sync/mutex.c.obj
                0x20000154                mutex_try_enter
 *fill*         0x200001ae        0x2 
 .time_critical.mutex_enter_block_until
                0x200001b0       0x8c CMakeFiles/HIDE-Controller.dir/home/pi/pico/pico-sdk/src/common/pico_sync/mutex.c.obj
                0x200001b0                mutex_enter_block_until
 .time_critical.mutex_enter_timeout_ms
                0x2000023c       0x6c CMakeFiles/HIDE-Controller.dir/home/pi/pico/pico-sdk/src/common/pico_sync/mutex.c.obj
                0x2000023c                mutex_enter_timeout_ms
 .time_critical.mutex_exit
                0x200002a8       0x94 CMakeFiles/HIDE-Controller.dir/home/pi/pico/pico-sdk/src/common/pico_sync/mutex.c.obj
                0x200002a8                mutex_exit
 .time_critical.get_bootsel_button
                0x2000033c       0x64 CMakeFiles/HIDE-Controller.dir/home/pi/pico/pico-sdk/lib/tinyusb/hw/bsp/rp2040/family.c.obj
                0x2000033c                get_bootsel_button
 *(.text*)
 .text          0x200003a0        0x4 /usr/lib/gcc/arm-none-eabi/7.3.1/thumb/v6-m/libgcc.a(_dvmd_tls.o)
                0x200003a0                __aeabi_ldiv0
                0x200003a0                __aeabi_idiv0
 *fill*         0x200003a4        0x4 
 .text.__stub   0x200003a8       0x40 linker stubs
                0x200003e8                . = ALIGN (0x4)
 *(.rodata*)
                0x200003e8                . = ALIGN (0x4)
 *(.data*)
 .data.LeftSetterPin
                0x200003e8        0x4 CMakeFiles/HIDE-Controller.dir/src/HIDE-Controller.cpp.obj
                0x200003e8                LeftSetterPin
 .data.RightSetterPin
                0x200003ec        0x4 CMakeFiles/HIDE-Controller.dir/src/HIDE-Controller.cpp.obj
                0x200003ec                RightSetterPin
 .data.SwPin    0x200003f0        0x4 CMakeFiles/HIDE-Controller.dir/src/HIDE-Controller.cpp.obj
                0x200003f0                SwPin
 .data.TriggerAdcPin
                0x200003f4        0x4 CMakeFiles/HIDE-Controller.dir/src/HIDE-Controller.cpp.obj
                0x200003f4                TriggerAdcPin
 .data.VrxAdcInput
                0x200003f8        0x4 CMakeFiles/HIDE-Controller.dir/src/HIDE-Controller.cpp.obj
                0x200003f8                VrxAdcInput
 .data.VrxPin   0x200003fc        0x4 CMakeFiles/HIDE-Controller.dir/src/HIDE-Controller.cpp.obj
                0x200003fc                VrxPin
 .data.VryPin   0x20000400        0x4 CMakeFiles/HIDE-Controller.dir/src/HIDE-Controller.cpp.obj
                0x20000400                VryPin
 .data.string_desc_arr
                0x20000404       0x10 CMakeFiles/HIDE-Controller.dir/src/usb_descriptors.c.obj
                0x20000404                string_desc_arr
 .data.striped_spin_lock_num
                0x20000414        0x1 CMakeFiles/HIDE-Controller.dir/home/pi/pico/pico-sdk/src/rp2_common/hardware_sync/sync.c.obj
 *fill*         0x20000415        0x3 
 .data.default_alarm_pool
                0x20000418       0x18 CMakeFiles/HIDE-Controller.dir/home/pi/pico/pico-sdk/src/common/pico_time/time.c.obj
 .data.default_alarm_pool_heap
                0x20000430       0x10 CMakeFiles/HIDE-Controller.dir/home/pi/pico/pico-sdk/src/common/pico_time/time.c.obj
 .data          0x20000440       0x48 CMakeFiles/HIDE-Controller.dir/home/pi/pico/pico-sdk/src/rp2_common/hardware_irq/irq_handler_chain.S.obj
                0x20000440                irq_handler_chain_slots
                0x20000470                irq_handler_chain_first_slot
                0x2000047a                irq_handler_chain_remove_tail
 *fill*         0x20000488        0x8 
 .data.aeabi_bits_funcs
                0x20000490       0x10 CMakeFiles/HIDE-Controller.dir/home/pi/pico/pico-sdk/src/rp2_common/pico_bit_ops/bit_ops_aeabi.S.obj
                0x20000490                aeabi_bits_funcs
                0x200004a0                aeabi_bits_funcs_end
 .data.aeabi_mem_funcs
                0x200004a0       0x10 CMakeFiles/HIDE-Controller.dir/home/pi/pico/pico-sdk/src/rp2_common/pico_mem_ops/mem_ops_aeabi.S.obj
                0x200004a0                aeabi_mem_funcs
                0x200004b0                aeabi_mem_funcs_end
 .data.stdio_uart
                0x200004b0       0x14 CMakeFiles/HIDE-Controller.dir/home/pi/pico/pico-sdk/src/rp2_common/pico_stdio_uart/stdio_uart.c.obj
                0x200004b0                stdio_uart
 .data.ep_dir_string
                0x200004c4        0x8 CMakeFiles/HIDE-Controller.dir/home/pi/pico/pico-sdk/lib/tinyusb/src/portable/raspberrypi/rp2040/rp2040_usb.c.obj
                0x200004c4                ep_dir_string
 .data._usbd_qdef
                0x200004cc       0x24 CMakeFiles/HIDE-Controller.dir/home/pi/pico/pico-sdk/lib/tinyusb/src/device/usbd.c.obj
                0x200004cc                _usbd_qdef
                0x200004f0                . = ALIGN (0x4)
 *(.after_data.*)
                0x200004f0                . = ALIGN (0x4)
                0x200004f0                PROVIDE (__mutex_array_start = .)
 *(SORT_BY_NAME(.mutex_array.*))
 *(.mutex_array)
 .mutex_array   0x200004f0        0x8 CMakeFiles/HIDE-Controller.dir/home/pi/pico/pico-sdk/src/rp2_common/pico_stdio/stdio.c.obj
                0x200004f8                PROVIDE (__mutex_array_end = .)
                0x200004f8                . = ALIGN (0x4)
                0x200004f8                PROVIDE (__preinit_array_start = .)
 *(SORT_BY_NAME(.preinit_array.*))
 .preinit_array.00001
                0x200004f8        0x4 CMakeFiles/HIDE-Controller.dir/home/pi/pico/pico-sdk/src/rp2_common/pico_mem_ops/mem_ops_aeabi.S.obj
 .preinit_array.00010
                0x200004fc        0x4 CMakeFiles/HIDE-Controller.dir/home/pi/pico/pico-sdk/src/rp2_common/pico_bit_ops/bit_ops_aeabi.S.obj
 .preinit_array.00020
                0x20000500        0x4 CMakeFiles/HIDE-Controller.dir/home/pi/pico/pico-sdk/src/rp2_common/pico_double/double_aeabi.S.obj
 .preinit_array.00020
                0x20000504        0x4 CMakeFiles/HIDE-Controller.dir/home/pi/pico/pico-sdk/src/rp2_common/pico_float/float_aeabi.S.obj
 *(.preinit_array)
                0x20000508                PROVIDE (__preinit_array_end = .)
                0x20000508                . = ALIGN (0x4)
                0x20000508                PROVIDE (__init_array_start = .)
 *(SORT_BY_NAME(.init_array.*))
 *(.init_array)
 .init_array    0x20000508        0x4 /usr/lib/gcc/arm-none-eabi/7.3.1/thumb/v6-m/crtbegin.o
                0x2000050c                PROVIDE (__init_array_end = .)
                0x2000050c                . = ALIGN (0x4)
                0x2000050c                PROVIDE (__fini_array_start = .)
 *(SORT_BY_NAME(.fini_array.*))
 *(.fini_array)
                0x2000050c                PROVIDE (__fini_array_end = .)
 *(.jcr)
                0x2000050c                . = ALIGN (0x4)
                0x2000050c                __data_end__ = .

.tm_clone_table
                0x2000050c        0x0 load address 0x1000850c
 .tm_clone_table
                0x2000050c        0x0 /usr/lib/gcc/arm-none-eabi/7.3.1/thumb/v6-m/crtbegin.o
 .tm_clone_table
                0x2000050c        0x0 /usr/lib/gcc/arm-none-eabi/7.3.1/thumb/v6-m/crtend.o

.igot.plt       0x2000050c        0x0 load address 0x1000850c
 .igot.plt      0x2000050c        0x0 /usr/lib/gcc/arm-none-eabi/7.3.1/thumb/v6-m/crtbegin.o

.uninitialized_data
                0x2000050c        0x0 load address 0x1000850c
                0x2000050c                . = ALIGN (0x4)
 *(.uninitialized_data*)

.scratch_x      0x20040000        0x0 load address 0x1000850c
                0x20040000                __scratch_x_start__ = .
 *(.scratch_x.*)
                0x20040000                . = ALIGN (0x4)
                0x20040000                __scratch_x_end__ = .
                0x1000850c                __scratch_x_source__ = LOADADDR (.scratch_x)

.scratch_y      0x20041000        0x0 load address 0x1000850c
                0x20041000                __scratch_y_start__ = .
 *(.scratch_y.*)
                0x20041000                . = ALIGN (0x4)
                0x20041000                __scratch_y_end__ = .
                0x1000850c                __scratch_y_source__ = LOADADDR (.scratch_y)

.bss            0x20000510      0xa04
                0x20000510                . = ALIGN (0x4)
                0x20000510                __bss_start__ = .
 *(SORT_BY_ALIGNMENT(SORT_BY_NAME(.bss*)))
 .bss.default_alarm_pool_entries
                0x20000510      0x100 CMakeFiles/HIDE-Controller.dir/home/pi/pico/pico-sdk/src/common/pico_time/time.c.obj
 .bss           0x20000610       0x1c /usr/lib/gcc/arm-none-eabi/7.3.1/thumb/v6-m/crtbegin.o
 .bss.AButtonPin
                0x2000062c        0x4 CMakeFiles/HIDE-Controller.dir/src/HIDE-Controller.cpp.obj
                0x2000062c                AButtonPin
 .bss.BButtonPin
                0x20000630        0x4 CMakeFiles/HIDE-Controller.dir/src/HIDE-Controller.cpp.obj
                0x20000630                BButtonPin
 .bss.DPadButtonPinDown
                0x20000634        0x4 CMakeFiles/HIDE-Controller.dir/src/HIDE-Controller.cpp.obj
                0x20000634                DPadButtonPinDown
 .bss.DPadButtonPinLeft
                0x20000638        0x4 CMakeFiles/HIDE-Controller.dir/src/HIDE-Controller.cpp.obj
                0x20000638                DPadButtonPinLeft
 .bss.DPadButtonPinRight
                0x2000063c        0x4 CMakeFiles/HIDE-Controller.dir/src/HIDE-Controller.cpp.obj
                0x2000063c                DPadButtonPinRight
 .bss.DPadButtonPinUp
                0x20000640        0x4 CMakeFiles/HIDE-Controller.dir/src/HIDE-Controller.cpp.obj
                0x20000640                DPadButtonPinUp
 .bss.LeftBumperButtonPin
                0x20000644        0x4 CMakeFiles/HIDE-Controller.dir/src/HIDE-Controller.cpp.obj
                0x20000644                LeftBumperButtonPin
 .bss.RightBumperButtonPin
                0x20000648        0x4 CMakeFiles/HIDE-Controller.dir/src/HIDE-Controller.cpp.obj
                0x20000648                RightBumperButtonPin
 .bss.SelectButtonPin
                0x2000064c        0x4 CMakeFiles/HIDE-Controller.dir/src/HIDE-Controller.cpp.obj
                0x2000064c                SelectButtonPin
 .bss.StartButtonPin
                0x20000650        0x4 CMakeFiles/HIDE-Controller.dir/src/HIDE-Controller.cpp.obj
                0x20000650                StartButtonPin
 .bss.VryAdcInput